2024-05-25 00:00:02,038 - INFO - Script of csrcodelist started.
2024-05-25 00:00:07,290 - INFO - CSR code list XML file saved successfully at 2024-05-25 00:00:07.290221.
2024-05-26 00:00:02,041 - INFO - Script of csrcodelist started.
2024-05-26 00:00:03,523 - INFO - CSR code list XML file saved successfully at 2024-05-26 00:00:03.523495.
2024-05-27 00:00:02,037 - INFO - Script of csrcodelist started.
2024-05-27 00:00:03,410 - INFO - CSR code list XML file saved successfully at 2024-05-27 00:00:03.410063.
2024-05-28 00:00:02,040 - INFO - Script of csrcodelist started.
2024-05-28 00:00:03,218 - INFO - CSR code list XML file saved successfully at 2024-05-28 00:00:03.218297.
2024-05-29 00:00:02,041 - INFO - Script of csrcodelist started.
2024-05-29 00:00:03,266 - INFO - CSR code list XML file saved successfully at 2024-05-29 00:00:03.266565.
2024-05-30 00:00:02,048 - INFO - Script of csrcodelist started.
2024-05-30 00:00:03,239 - INFO - CSR code list XML file saved successfully at 2024-05-30 00:00:03.239393.
2024-05-31 00:00:02,048 - INFO - Script of csrcodelist started.
2024-05-31 00:00:03,314 - INFO - CSR code list XML file saved successfully at 2024-05-31 00:00:03.314303.
2024-06-01 00:00:02,041 - INFO - Script of csrcodelist started.
2024-06-01 00:00:03,457 - INFO - CSR code list XML file saved successfully at 2024-06-01 00:00:03.457885.
2024-06-02 00:00:02,054 - INFO - Script of csrcodelist started.
2024-06-02 00:00:03,271 - INFO - CSR code list XML file saved successfully at 2024-06-02 00:00:03.271247.
2024-06-03 00:00:02,036 - INFO - Script of csrcodelist started.
2024-06-03 00:00:03,414 - INFO - CSR code list XML file saved successfully at 2024-06-03 00:00:03.414714.
2024-06-04 00:00:02,041 - INFO - Script of csrcodelist started.
2024-06-04 00:00:07,646 - INFO - CSR code list XML file saved successfully at 2024-06-04 00:00:07.646075.
2024-06-05 00:00:02,034 - INFO - Script of csrcodelist started.
2024-06-05 00:00:04,281 - INFO - CSR code list XML file saved successfully at 2024-06-05 00:00:04.281815.
2024-06-06 00:00:02,040 - INFO - Script of csrcodelist started.
2024-06-06 00:00:09,279 - INFO - CSR code list XML file saved successfully at 2024-06-06 00:00:09.279078.
2024-06-07 00:00:02,082 - INFO - Script of csrcodelist started.
2024-06-07 00:00:03,724 - INFO - CSR code list XML file saved successfully at 2024-06-07 00:00:03.724594.
2024-06-07 07:19:22,648 - INFO - Script of csrcodelist started.
2024-06-07 07:19:28,618 - INFO - CSR code list XML file saved successfully at 2024-06-07 07:19:28.617829.
2024-06-08 00:00:40,717 - INFO - Script of csrcodelist started.
2024-06-08 00:00:42,056 - INFO - CSR code list XML file saved successfully at 2024-06-08 00:00:42.056646.
2024-06-09 00:00:40,711 - INFO - Script of csrcodelist started.
2024-06-09 00:00:42,188 - INFO - CSR code list XML file saved successfully at 2024-06-09 00:00:42.188560.
2024-06-10 00:00:40,711 - INFO - Script of csrcodelist started.
2024-06-10 00:00:42,050 - INFO - CSR code list XML file saved successfully at 2024-06-10 00:00:42.050328.
2024-06-11 00:00:40,708 - INFO - Script of csrcodelist started.
2024-06-11 00:00:41,914 - INFO - CSR code list XML file saved successfully at 2024-06-11 00:00:41.914679.
2024-06-12 00:00:03,765 - INFO - Script of csrcodelist started.
2024-06-12 00:00:04,972 - INFO - CSR code list XML file saved successfully at 2024-06-12 00:00:04.972221.
2024-06-13 00:00:40,712 - INFO - Script of csrcodelist started.
2024-06-13 00:00:42,118 - INFO - CSR code list XML file saved successfully at 2024-06-13 00:00:42.118202.
2024-06-14 00:00:40,713 - INFO - Script of csrcodelist started.
2024-06-14 00:00:42,068 - INFO - CSR code list XML file saved successfully at 2024-06-14 00:00:42.068131.
2024-06-15 00:00:40,713 - INFO - Script of csrcodelist started.
2024-06-15 00:00:41,847 - INFO - CSR code list XML file saved successfully at 2024-06-15 00:00:41.847757.
2024-06-16 00:00:40,714 - INFO - Script of csrcodelist started.
2024-06-16 00:00:41,929 - INFO - CSR code list XML file saved successfully at 2024-06-16 00:00:41.928978.
2024-06-17 00:00:40,711 - INFO - Script of csrcodelist started.
2024-06-17 00:00:42,014 - INFO - CSR code list XML file saved successfully at 2024-06-17 00:00:42.014701.
2024-06-18 00:00:40,710 - INFO - Script of csrcodelist started.
2024-06-18 00:00:41,954 - INFO - CSR code list XML file saved successfully at 2024-06-18 00:00:41.954125.
2024-06-19 00:00:40,707 - INFO - Script of csrcodelist started.
2024-06-19 00:00:41,861 - INFO - CSR code list XML file saved successfully at 2024-06-19 00:00:41.861890.
2024-06-20 00:00:40,718 - INFO - Script of csrcodelist started.
2024-06-20 00:00:41,878 - INFO - CSR code list XML file saved successfully at 2024-06-20 00:00:41.878881.
2024-06-21 00:00:40,715 - INFO - Script of csrcodelist started.
2024-06-21 00:00:42,062 - INFO - CSR code list XML file saved successfully at 2024-06-21 00:00:42.062727.
2024-06-22 00:00:40,708 - INFO - Script of csrcodelist started.
2024-06-22 00:00:41,890 - INFO - CSR code list XML file saved successfully at 2024-06-22 00:00:41.890894.
2024-06-23 00:00:40,711 - INFO - Script of csrcodelist started.
2024-06-23 00:00:45,706 - INFO - CSR code list XML file saved successfully at 2024-06-23 00:00:45.706639.
2024-06-24 00:00:40,709 - INFO - Script of csrcodelist started.
2024-06-24 00:02:51,531 - ERROR - An error occurred: HTTPSConnectionPool(host='csr.seadatanet.org', port=443): Max retries exceeded with url: /isoCodelists/csrCodeList.xml (Caused by ConnectTimeoutError(<urllib3.connection.HTTPSConnection object at 0x7f15656d4760>, 'Connection to csr.seadatanet.org timed out. (connect timeout=None)'))
2024-06-25 00:00:40,756 - INFO - Script of csrcodelist started.
2024-06-25 00:00:41,965 - INFO - CSR code list XML file saved successfully at 2024-06-25 00:00:41.965743.
2024-06-26 00:00:40,715 - INFO - Script of csrcodelist started.
2024-06-26 00:00:41,873 - INFO - CSR code list XML file saved successfully at 2024-06-26 00:00:41.873921.
2024-06-27 00:00:40,708 - INFO - Script of csrcodelist started.
2024-06-27 00:00:41,925 - INFO - CSR code list XML file saved successfully at 2024-06-27 00:00:41.925085.
2024-06-27 07:01:14,855 - INFO - Script of csrcodelist started.
2024-06-27 07:01:16,262 - INFO - CSR code list XML file saved successfully at 2024-06-27 07:01:16.262374.
2024-06-28 00:00:47,891 - INFO - Script of csrcodelist started.
2024-06-28 00:00:49,014 - INFO - CSR code list XML file saved successfully at 2024-06-28 00:00:49.014303.
2024-06-29 00:00:47,896 - INFO - Script of csrcodelist started.
2024-06-29 00:00:49,172 - INFO - CSR code list XML file saved successfully at 2024-06-29 00:00:49.172467.
2024-06-30 00:00:47,907 - INFO - Script of csrcodelist started.
2024-06-30 00:00:49,067 - INFO - CSR code list XML file saved successfully at 2024-06-30 00:00:49.067870.
2024-07-01 00:00:47,892 - INFO - Script of csrcodelist started.
2024-07-01 00:00:49,033 - INFO - CSR code list XML file saved successfully at 2024-07-01 00:00:49.033497.
2024-07-02 00:00:47,889 - INFO - Script of csrcodelist started.
2024-07-02 00:00:49,123 - INFO - CSR code list XML file saved successfully at 2024-07-02 00:00:49.123865.
2024-07-03 00:00:47,900 - INFO - Script of csrcodelist started.
2024-07-03 00:00:53,143 - INFO - CSR code list XML file saved successfully at 2024-07-03 00:00:53.143835.
2024-07-04 00:00:47,898 - INFO - Script of csrcodelist started.
2024-07-04 00:00:53,098 - INFO - CSR code list XML file saved successfully at 2024-07-04 00:00:53.098062.
2024-07-05 00:00:47,913 - INFO - Script of csrcodelist started.
2024-07-05 00:00:49,326 - INFO - CSR code list XML file saved successfully at 2024-07-05 00:00:49.325369.
2024-07-08 07:49:57,654 - INFO - Script of csrcodelist started.
2024-07-08 07:49:59,056 - INFO - CSR code list XML file saved successfully at 2024-07-08 07:49:59.056046.
2024-07-09 00:00:04,546 - INFO - Script of csrcodelist started.
2024-07-09 00:00:06,280 - INFO - CSR code list XML file saved successfully at 2024-07-09 00:00:06.280489.
2024-07-10 00:00:04,553 - INFO - Script of csrcodelist started.
2024-07-10 00:00:09,884 - INFO - CSR code list XML file saved successfully at 2024-07-10 00:00:09.884522.
2024-07-11 00:00:04,574 - INFO - Script of csrcodelist started.
2024-07-11 00:00:05,775 - INFO - CSR code list XML file saved successfully at 2024-07-11 00:00:05.775607.
2024-07-16 07:09:53,697 - INFO - Script of csrcodelist started.
2024-07-16 07:09:55,260 - INFO - CSR code list XML file saved successfully at 2024-07-16 07:09:55.260463.
2024-07-17 00:00:01,797 - INFO - Script of csrcodelist started.
2024-07-17 00:00:02,963 - INFO - CSR code list XML file saved successfully at 2024-07-17 00:00:02.963365.
2024-07-18 00:00:01,792 - INFO - Script of csrcodelist started.
2024-07-18 00:00:02,928 - INFO - CSR code list XML file saved successfully at 2024-07-18 00:00:02.928632.
2024-07-19 00:00:01,794 - INFO - Script of csrcodelist started.
2024-07-19 00:00:03,304 - INFO - CSR code list XML file saved successfully at 2024-07-19 00:00:03.304453.
2024-07-20 00:00:01,787 - INFO - Script of csrcodelist started.
2024-07-20 00:00:06,874 - INFO - CSR code list XML file saved successfully at 2024-07-20 00:00:06.874789.
2024-07-21 00:00:01,791 - INFO - Script of csrcodelist started.
2024-07-21 00:00:02,990 - INFO - CSR code list XML file saved successfully at 2024-07-21 00:00:02.990069.
2024-07-22 00:00:01,793 - INFO - Script of csrcodelist started.
2024-07-22 00:00:06,907 - INFO - CSR code list XML file saved successfully at 2024-07-22 00:00:06.907771.
2024-07-23 00:00:01,789 - INFO - Script of csrcodelist started.
2024-07-23 00:00:02,974 - INFO - CSR code list XML file saved successfully at 2024-07-23 00:00:02.973892.
2024-07-24 00:00:01,794 - INFO - Script of csrcodelist started.
2024-07-24 00:00:06,777 - INFO - CSR code list XML file saved successfully at 2024-07-24 00:00:06.777694.
2024-07-25 00:00:01,790 - INFO - Script of csrcodelist started.
2024-07-25 00:00:03,101 - INFO - CSR code list XML file saved successfully at 2024-07-25 00:00:03.101731.
2024-07-26 00:00:01,793 - INFO - Script of csrcodelist started.
2024-07-26 00:00:06,936 - INFO - CSR code list XML file saved successfully at 2024-07-26 00:00:06.936915.
2024-07-27 00:00:01,790 - INFO - Script of csrcodelist started.
2024-07-27 00:00:02,892 - INFO - CSR code list XML file saved successfully at 2024-07-27 00:00:02.892793.
2024-07-28 00:00:01,791 - INFO - Script of csrcodelist started.
2024-07-28 00:00:02,902 - INFO - CSR code list XML file saved successfully at 2024-07-28 00:00:02.902346.
2024-07-29 00:00:01,798 - INFO - Script of csrcodelist started.
2024-07-29 00:00:03,207 - INFO - CSR code list XML file saved successfully at 2024-07-29 00:00:03.207749.
2024-07-30 00:00:01,794 - INFO - Script of csrcodelist started.
2024-07-30 00:00:02,966 - INFO - CSR code list XML file saved successfully at 2024-07-30 00:00:02.966118.
2024-07-31 00:00:30,073 - INFO - Script of csrcodelist started.
2024-07-31 00:00:31,341 - INFO - CSR code list XML file saved successfully at 2024-07-31 00:00:31.341023.
2024-08-01 00:00:01,797 - INFO - Script of csrcodelist started.
2024-08-01 00:00:03,002 - INFO - CSR code list XML file saved successfully at 2024-08-01 00:00:03.002196.
2024-08-02 00:00:01,797 - INFO - Script of csrcodelist started.
2024-08-02 00:00:03,060 - INFO - CSR code list XML file saved successfully at 2024-08-02 00:00:03.060195.
2024-08-03 00:00:01,794 - INFO - Script of csrcodelist started.
2024-08-03 00:00:07,153 - INFO - CSR code list XML file saved successfully at 2024-08-03 00:00:07.153532.
2024-08-04 00:00:01,793 - INFO - Script of csrcodelist started.
2024-08-04 00:00:03,076 - INFO - CSR code list XML file saved successfully at 2024-08-04 00:00:03.076905.
2024-08-05 00:00:01,794 - INFO - Script of csrcodelist started.
2024-08-05 00:00:03,089 - INFO - CSR code list XML file saved successfully at 2024-08-05 00:00:03.089817.
2024-08-06 00:00:01,792 - INFO - Script of csrcodelist started.
2024-08-06 00:00:03,165 - INFO - CSR code list XML file saved successfully at 2024-08-06 00:00:03.165785.
2024-08-07 00:00:01,801 - INFO - Script of csrcodelist started.
2024-08-07 00:00:03,148 - INFO - CSR code list XML file saved successfully at 2024-08-07 00:00:03.148659.
2024-08-08 00:00:01,796 - INFO - Script of csrcodelist started.
2024-08-08 00:00:07,507 - INFO - CSR code list XML file saved successfully at 2024-08-08 00:00:07.507359.
2024-08-09 00:00:01,794 - INFO - Script of csrcodelist started.
2024-08-09 00:00:03,134 - INFO - CSR code list XML file saved successfully at 2024-08-09 00:00:03.134746.
2024-08-10 00:00:01,790 - INFO - Script of csrcodelist started.
2024-08-10 00:00:03,016 - INFO - CSR code list XML file saved successfully at 2024-08-10 00:00:03.016640.
2024-08-11 00:00:01,798 - INFO - Script of csrcodelist started.
2024-08-11 00:00:03,101 - INFO - CSR code list XML file saved successfully at 2024-08-11 00:00:03.101170.
2024-08-12 00:00:01,795 - INFO - Script of csrcodelist started.
2024-08-12 00:00:11,820 - ERROR - An error occurred: HTTPSConnectionPool(host='csr.seadatanet.org', port=443): Max retries exceeded with url: /isoCodelists/csrCodeList.xml (Caused by NewConnectionError('<urllib3.connection.HTTPSConnection object at 0x7f9990370e20>: Failed to establish a new connection: [Errno -3] Temporary failure in name resolution'))
2024-08-13 00:00:01,799 - INFO - Script of csrcodelist started.
2024-08-13 00:00:04,131 - INFO - CSR code list XML file saved successfully at 2024-08-13 00:00:04.131589.
2024-08-14 00:00:01,791 - INFO - Script of csrcodelist started.
2024-08-14 00:00:03,518 - INFO - CSR code list XML file saved successfully at 2024-08-14 00:00:03.517996.
2024-08-15 00:00:01,808 - INFO - Script of csrcodelist started.
2024-08-15 00:00:07,437 - INFO - CSR code list XML file saved successfully at 2024-08-15 00:00:07.437248.
2024-08-16 00:00:01,797 - INFO - Script of csrcodelist started.
2024-08-16 00:00:05,081 - INFO - CSR code list XML file saved successfully at 2024-08-16 00:00:05.081043.
2024-08-17 00:00:01,797 - INFO - Script of csrcodelist started.
2024-08-17 00:00:03,942 - INFO - CSR code list XML file saved successfully at 2024-08-17 00:00:03.942027.
2024-08-18 00:00:01,796 - INFO - Script of csrcodelist started.
2024-08-18 00:00:03,301 - INFO - CSR code list XML file saved successfully at 2024-08-18 00:00:03.301793.
2024-08-19 00:00:30,080 - INFO - Script of csrcodelist started.
2024-08-19 00:00:32,419 - INFO - CSR code list XML file saved successfully at 2024-08-19 00:00:32.419039.
2024-08-20 00:00:30,075 - INFO - Script of csrcodelist started.
2024-08-20 00:00:35,768 - INFO - CSR code list XML file saved successfully at 2024-08-20 00:00:35.768322.
2024-08-21 00:00:01,790 - INFO - Script of csrcodelist started.
2024-08-21 00:00:03,776 - INFO - CSR code list XML file saved successfully at 2024-08-21 00:00:03.776328.
2024-08-22 00:00:01,800 - INFO - Script of csrcodelist started.
2024-08-22 00:00:04,598 - INFO - CSR code list XML file saved successfully at 2024-08-22 00:00:04.598810.
2024-08-23 00:00:01,819 - INFO - Script of csrcodelist started.
2024-08-23 00:00:03,530 - INFO - CSR code list XML file saved successfully at 2024-08-23 00:00:03.530739.
2024-08-24 00:00:01,807 - INFO - Script of csrcodelist started.
2024-08-24 00:00:04,000 - INFO - CSR code list XML file saved successfully at 2024-08-24 00:00:04.000061.
2024-08-25 00:00:01,793 - INFO - Script of csrcodelist started.
2024-08-25 00:00:03,417 - INFO - CSR code list XML file saved successfully at 2024-08-25 00:00:03.417246.
2024-08-26 00:00:01,794 - INFO - Script of csrcodelist started.
2024-08-26 00:00:03,330 - INFO - CSR code list XML file saved successfully at 2024-08-26 00:00:03.330594.
2024-08-27 00:00:01,791 - INFO - Script of csrcodelist started.
2024-08-27 00:00:07,237 - INFO - CSR code list XML file saved successfully at 2024-08-27 00:00:07.237471.
2024-08-28 00:00:01,795 - INFO - Script of csrcodelist started.
2024-08-28 00:00:03,395 - INFO - CSR code list XML file saved successfully at 2024-08-28 00:00:03.395770.
2024-08-29 00:00:01,796 - INFO - Script of csrcodelist started.
2024-08-29 00:00:03,346 - INFO - CSR code list XML file saved successfully at 2024-08-29 00:00:03.346252.
2024-08-30 00:00:01,796 - INFO - Script of csrcodelist started.
2024-08-30 00:00:07,364 - INFO - CSR code list XML file saved successfully at 2024-08-30 00:00:07.364086.
2024-08-31 00:00:01,797 - INFO - Script of csrcodelist started.
2024-08-31 00:00:07,491 - INFO - CSR code list XML file saved successfully at 2024-08-31 00:00:07.490977.
2024-09-01 00:00:01,796 - INFO - Script of csrcodelist started.
2024-09-01 00:00:03,350 - INFO - CSR code list XML file saved successfully at 2024-09-01 00:00:03.350664.
2024-09-02 00:00:01,794 - INFO - Script of csrcodelist started.
2024-09-02 00:00:03,581 - INFO - CSR code list XML file saved successfully at 2024-09-02 00:00:03.581742.
2024-09-03 00:00:01,796 - INFO - Script of csrcodelist started.
2024-09-03 00:00:03,287 - INFO - CSR code list XML file saved successfully at 2024-09-03 00:00:03.287393.
2024-09-04 00:00:01,799 - INFO - Script of csrcodelist started.
2024-09-04 00:00:03,789 - INFO - CSR code list XML file saved successfully at 2024-09-04 00:00:03.789691.
2024-09-05 00:00:01,794 - INFO - Script of csrcodelist started.
2024-09-05 00:00:03,501 - INFO - CSR code list XML file saved successfully at 2024-09-05 00:00:03.501273.
2024-09-06 00:00:01,794 - INFO - Script of csrcodelist started.
2024-09-06 00:00:03,486 - INFO - CSR code list XML file saved successfully at 2024-09-06 00:00:03.486675.
2024-09-07 00:00:01,798 - INFO - Script of csrcodelist started.
2024-09-07 00:00:04,596 - INFO - CSR code list XML file saved successfully at 2024-09-07 00:00:04.596228.
2024-09-08 00:00:01,795 - INFO - Script of csrcodelist started.
2024-09-08 00:00:03,190 - INFO - CSR code list XML file saved successfully at 2024-09-08 00:00:03.190913.
2024-09-09 00:00:01,797 - INFO - Script of csrcodelist started.
2024-09-09 00:00:07,751 - INFO - CSR code list XML file saved successfully at 2024-09-09 00:00:07.751548.
2024-09-10 00:00:01,796 - INFO - Script of csrcodelist started.
2024-09-10 00:00:03,327 - INFO - CSR code list XML file saved successfully at 2024-09-10 00:00:03.327006.
2024-09-11 00:00:01,800 - INFO - Script of csrcodelist started.
2024-09-11 00:00:03,262 - INFO - CSR code list XML file saved successfully at 2024-09-11 00:00:03.262262.
2024-09-12 00:00:01,796 - INFO - Script of csrcodelist started.
2024-09-12 00:00:04,991 - INFO - CSR code list XML file saved successfully at 2024-09-12 00:00:04.991449.
2024-09-13 00:00:01,794 - INFO - Script of csrcodelist started.
2024-09-13 00:00:06,806 - INFO - CSR code list XML file saved successfully at 2024-09-13 00:00:06.806327.
2024-09-14 00:00:01,797 - INFO - Script of csrcodelist started.
2024-09-14 00:00:03,313 - INFO - CSR code list XML file saved successfully at 2024-09-14 00:00:03.313778.
2024-09-15 00:00:01,837 - INFO - Script of csrcodelist started.
2024-09-15 00:00:07,685 - INFO - CSR code list XML file saved successfully at 2024-09-15 00:00:07.685092.
2024-09-16 00:00:01,796 - INFO - Script of csrcodelist started.
2024-09-16 00:00:04,027 - INFO - CSR code list XML file saved successfully at 2024-09-16 00:00:04.026953.
2024-09-17 00:00:01,797 - INFO - Script of csrcodelist started.
2024-09-17 00:00:03,264 - INFO - CSR code list XML file saved successfully at 2024-09-17 00:00:03.264423.
2024-09-18 00:00:01,788 - INFO - Script of csrcodelist started.
2024-09-18 00:00:02,969 - INFO - CSR code list XML file saved successfully at 2024-09-18 00:00:02.969213.
2024-09-19 00:00:01,791 - INFO - Script of csrcodelist started.
2024-09-19 00:00:03,264 - INFO - CSR code list XML file saved successfully at 2024-09-19 00:00:03.264522.
2024-09-20 00:00:01,793 - INFO - Script of csrcodelist started.
2024-09-20 00:00:02,992 - INFO - CSR code list XML file saved successfully at 2024-09-20 00:00:02.992327.
2024-09-21 00:00:01,796 - INFO - Script of csrcodelist started.
2024-09-21 00:00:02,990 - INFO - CSR code list XML file saved successfully at 2024-09-21 00:00:02.990899.
2024-09-22 00:00:01,794 - INFO - Script of csrcodelist started.
2024-09-22 00:00:03,174 - INFO - CSR code list XML file saved successfully at 2024-09-22 00:00:03.174066.
2024-09-23 00:00:01,793 - INFO - Script of csrcodelist started.
2024-09-23 00:00:07,228 - INFO - CSR code list XML file saved successfully at 2024-09-23 00:00:07.228767.
2024-09-24 00:00:01,790 - INFO - Script of csrcodelist started.
2024-09-24 00:00:03,168 - INFO - CSR code list XML file saved successfully at 2024-09-24 00:00:03.168925.
2024-09-25 00:00:01,793 - INFO - Script of csrcodelist started.
2024-09-25 00:00:03,006 - INFO - CSR code list XML file saved successfully at 2024-09-25 00:00:03.006207.
2024-09-26 00:00:01,794 - INFO - Script of csrcodelist started.
2024-09-26 00:00:03,264 - INFO - CSR code list XML file saved successfully at 2024-09-26 00:00:03.264521.
2024-09-27 00:00:01,790 - INFO - Script of csrcodelist started.
2024-09-27 00:00:02,941 - INFO - CSR code list XML file saved successfully at 2024-09-27 00:00:02.941112.
2024-09-28 00:00:01,797 - INFO - Script of csrcodelist started.
2024-09-28 00:00:02,992 - INFO - CSR code list XML file saved successfully at 2024-09-28 00:00:02.991937.
2024-09-29 00:00:01,795 - INFO - Script of csrcodelist started.
2024-09-29 00:00:03,096 - INFO - CSR code list XML file saved successfully at 2024-09-29 00:00:03.096055.
2024-09-30 00:00:01,796 - INFO - Script of csrcodelist started.
2024-09-30 00:00:03,023 - INFO - CSR code list XML file saved successfully at 2024-09-30 00:00:03.023721.
2024-10-01 00:00:30,080 - INFO - Script of csrcodelist started.
2024-10-01 00:00:31,333 - INFO - CSR code list XML file saved successfully at 2024-10-01 00:00:31.333853.
2024-10-02 00:00:01,794 - INFO - Script of csrcodelist started.
2024-10-02 00:00:06,882 - INFO - CSR code list XML file saved successfully at 2024-10-02 00:00:06.882440.
2024-10-03 00:00:30,073 - INFO - Script of csrcodelist started.
2024-10-03 00:00:31,396 - INFO - CSR code list XML file saved successfully at 2024-10-03 00:00:31.396269.
2024-10-04 00:00:01,797 - INFO - Script of csrcodelist started.
2024-10-04 00:00:02,988 - INFO - CSR code list XML file saved successfully at 2024-10-04 00:00:02.988090.
2024-10-10 12:51:08,277 - INFO - Script of csrcodelist started.
2024-10-10 12:51:09,634 - INFO - CSR code list XML file saved successfully at 2024-10-10 12:51:09.634421.
2024-10-11 00:00:09,729 - INFO - Script of csrcodelist started.
2024-10-11 00:00:10,981 - INFO - CSR code list XML file saved successfully at 2024-10-11 00:00:10.981561.
2024-10-11 08:05:19,724 - INFO - Script of csrcodelist started.
2024-10-11 08:05:21,289 - INFO - CSR code list XML file saved successfully at 2024-10-11 08:05:21.289802.
2024-10-11 08:22:08,274 - INFO - Script of csrcodelist started.
2024-10-11 08:22:09,665 - INFO - CSR code list XML file saved successfully at 2024-10-11 08:22:09.665080.
2024-10-12 00:00:14,227 - INFO - Script of csrcodelist started.
2024-10-12 00:00:15,525 - INFO - CSR code list XML file saved successfully at 2024-10-12 00:00:15.525705.
2024-10-13 00:00:21,301 - INFO - Script of csrcodelist started.
2024-10-13 00:00:26,776 - INFO - CSR code list XML file saved successfully at 2024-10-13 00:00:26.776201.
2024-10-14 00:00:14,235 - INFO - Script of csrcodelist started.
2024-10-14 00:00:15,596 - INFO - CSR code list XML file saved successfully at 2024-10-14 00:00:15.596186.
2024-10-15 00:00:14,270 - INFO - Script of csrcodelist started.
2024-10-15 00:00:15,585 - INFO - CSR code list XML file saved successfully at 2024-10-15 00:00:15.585344.
2024-10-16 00:00:14,222 - INFO - Script of csrcodelist started.
2024-10-16 00:00:15,485 - INFO - CSR code list XML file saved successfully at 2024-10-16 00:00:15.485731.
2024-10-17 00:00:14,237 - INFO - Script of csrcodelist started.
2024-10-17 00:00:19,312 - INFO - CSR code list XML file saved successfully at 2024-10-17 00:00:19.312772.
2024-10-18 00:00:14,235 - INFO - Script of csrcodelist started.
2024-10-18 00:00:15,476 - INFO - CSR code list XML file saved successfully at 2024-10-18 00:00:15.476523.
2024-10-19 00:00:14,248 - INFO - Script of csrcodelist started.
2024-10-19 00:00:15,631 - INFO - CSR code list XML file saved successfully at 2024-10-19 00:00:15.631319.
2024-10-20 00:00:14,231 - INFO - Script of csrcodelist started.
2024-10-20 00:00:15,366 - INFO - CSR code list XML file saved successfully at 2024-10-20 00:00:15.366595.
2024-10-21 00:00:14,232 - INFO - Script of csrcodelist started.
2024-10-21 00:00:15,463 - INFO - CSR code list XML file saved successfully at 2024-10-21 00:00:15.463749.
2024-10-22 00:00:14,226 - INFO - Script of csrcodelist started.
2024-10-22 00:00:15,419 - INFO - CSR code list XML file saved successfully at 2024-10-22 00:00:15.419721.
2024-10-23 00:00:14,229 - INFO - Script of csrcodelist started.
2024-10-23 00:00:15,549 - INFO - CSR code list XML file saved successfully at 2024-10-23 00:00:15.549831.
2024-10-24 06:52:25,763 - INFO - Script of csrcodelist started.
2024-10-24 06:52:27,322 - INFO - CSR code list XML file saved successfully at 2024-10-24 06:52:27.322687.
2024-10-25 00:00:16,635 - INFO - Script of csrcodelist started.
2024-10-25 00:00:17,966 - INFO - CSR code list XML file saved successfully at 2024-10-25 00:00:17.966258.
2024-10-25 10:37:31,233 - INFO - Script of csrcodelist started.
2024-10-25 10:37:32,842 - INFO - CSR code list XML file saved successfully at 2024-10-25 10:37:32.841972.
2024-10-25 10:38:33,239 - INFO - Script of csrcodelist started.
2024-10-25 10:38:34,704 - INFO - CSR code list XML file saved successfully at 2024-10-25 10:38:34.704418.
2024-10-26 00:00:17,489 - INFO - Script of csrcodelist started.
2024-10-26 00:00:18,797 - INFO - CSR code list XML file saved successfully at 2024-10-26 00:00:18.797852.
2024-10-27 00:00:17,478 - INFO - Script of csrcodelist started.
2024-10-27 00:00:18,760 - INFO - CSR code list XML file saved successfully at 2024-10-27 00:00:18.760816.
2024-10-28 00:00:17,473 - INFO - Script of csrcodelist started.
2024-10-28 00:00:18,741 - INFO - CSR code list XML file saved successfully at 2024-10-28 00:00:18.741887.
2024-10-29 00:00:17,480 - INFO - Script of csrcodelist started.
2024-10-29 00:00:23,071 - INFO - CSR code list XML file saved successfully at 2024-10-29 00:00:23.071228.
2024-10-29 07:43:41,636 - INFO - Script of csrcodelist started.
2024-10-29 07:43:43,084 - INFO - CSR code list XML file saved successfully at 2024-10-29 07:43:43.084015.
2024-10-30 00:00:05,607 - INFO - Script of csrcodelist started.
2024-10-30 00:00:06,887 - INFO - CSR code list XML file saved successfully at 2024-10-30 00:00:06.887161.
2024-10-31 00:00:05,629 - INFO - Script of csrcodelist started.
2024-10-31 00:00:07,042 - INFO - CSR code list XML file saved successfully at 2024-10-31 00:00:07.042847.
2024-10-31 12:30:50,179 - INFO - Script of csrcodelist started.
2024-10-31 12:30:51,505 - INFO - CSR code list XML file saved successfully at 2024-10-31 12:30:51.504945.
2024-11-01 00:00:42,543 - INFO - Script of csrcodelist started.
2024-11-01 00:00:48,284 - INFO - CSR code list XML file saved successfully at 2024-11-01 00:00:48.284736.
2024-11-02 00:00:15,505 - INFO - Script of csrcodelist started.
2024-11-02 00:00:21,235 - INFO - CSR code list XML file saved successfully at 2024-11-02 00:00:21.235342.
2024-11-03 00:00:15,512 - INFO - Script of csrcodelist started.
2024-11-03 00:00:16,957 - INFO - CSR code list XML file saved successfully at 2024-11-03 00:00:16.957650.
2024-11-04 00:00:15,507 - INFO - Script of csrcodelist started.
2024-11-04 00:00:16,827 - INFO - CSR code list XML file saved successfully at 2024-11-04 00:00:16.827866.
2024-11-05 00:00:15,523 - INFO - Script of csrcodelist started.
2024-11-05 00:00:16,699 - INFO - CSR code list XML file saved successfully at 2024-11-05 00:00:16.699579.
2024-11-06 00:00:42,763 - INFO - Script of csrcodelist started.
2024-11-06 00:00:43,973 - INFO - CSR code list XML file saved successfully at 2024-11-06 00:00:43.972996.
2024-11-07 00:00:42,643 - INFO - Script of csrcodelist started.
2024-11-07 00:00:43,920 - INFO - CSR code list XML file saved successfully at 2024-11-07 00:00:43.920510.
2024-11-07 10:21:13,536 - INFO - Script of csrcodelist started.
2024-11-07 10:21:16,965 - INFO - CSR code list XML file saved successfully at 2024-11-07 10:21:16.965851.
2024-11-07 12:09:54,058 - INFO - Script of csrcodelist started.
2024-11-07 12:09:54,069 - ERROR - An error occurred: HTTPSConnectionPool(host='csr.seadatanet.org', port=443): Max retries exceeded with url: /isoCodelists/csrCodeList.xml (Caused by NewConnectionError('<urllib3.connection.HTTPSConnection object at 0x7f2cbf290f70>: Failed to establish a new connection: [Errno -3] Temporary failure in name resolution'))
2024-11-07 12:16:21,455 - INFO - Script of csrcodelist started.
2024-11-07 12:16:41,491 - ERROR - An error occurred: HTTPSConnectionPool(host='csr.seadatanet.org', port=443): Max retries exceeded with url: /isoCodelists/csrCodeList.xml (Caused by NewConnectionError('<urllib3.connection.HTTPSConnection object at 0x7f2f9b7a4f70>: Failed to establish a new connection: [Errno -3] Temporary failure in name resolution'))
2024-11-07 13:07:16,457 - INFO - Script of csrcodelist started.
2024-11-07 13:07:17,751 - INFO - CSR code list XML file saved successfully at 2024-11-07 13:07:17.751251.
2024-11-08 00:00:27,887 - INFO - Script of csrcodelist started.
2024-11-08 00:00:29,303 - INFO - CSR code list XML file saved successfully at 2024-11-08 00:00:29.303887.
2024-11-09 00:00:28,296 - INFO - Script of csrcodelist started.
2024-11-09 00:00:33,295 - INFO - CSR code list XML file saved successfully at 2024-11-09 00:00:33.295678.
2024-11-10 00:00:27,892 - INFO - Script of csrcodelist started.
2024-11-10 00:00:33,431 - INFO - CSR code list XML file saved successfully at 2024-11-10 00:00:33.431344.
2024-11-11 00:00:27,883 - INFO - Script of csrcodelist started.
2024-11-11 00:00:29,358 - INFO - CSR code list XML file saved successfully at 2024-11-11 00:00:29.358233.
2024-11-12 00:00:27,883 - INFO - Script of csrcodelist started.
2024-11-12 00:00:29,171 - INFO - CSR code list XML file saved successfully at 2024-11-12 00:00:29.171827.
2024-11-13 00:00:24,459 - INFO - Script of csrcodelist started.
2024-11-13 00:00:26,205 - INFO - CSR code list XML file saved successfully at 2024-11-13 00:00:26.205369.
2024-11-14 00:00:27,931 - INFO - Script of csrcodelist started.
2024-11-14 00:00:29,180 - INFO - CSR code list XML file saved successfully at 2024-11-14 00:00:29.180659.
2024-11-15 00:00:28,323 - INFO - Script of csrcodelist started.
2024-11-15 00:00:29,667 - INFO - CSR code list XML file saved successfully at 2024-11-15 00:00:29.667353.
2024-11-16 00:00:28,139 - INFO - Script of csrcodelist started.
2024-11-16 00:00:29,584 - INFO - CSR code list XML file saved successfully at 2024-11-16 00:00:29.584777.
2024-11-17 00:00:27,891 - INFO - Script of csrcodelist started.
2024-11-17 00:00:29,238 - INFO - CSR code list XML file saved successfully at 2024-11-17 00:00:29.238406.
2024-11-18 00:00:28,239 - INFO - Script of csrcodelist started.
2024-11-18 00:00:29,659 - INFO - CSR code list XML file saved successfully at 2024-11-18 00:00:29.659005.
2024-11-19 00:00:27,887 - INFO - Script of csrcodelist started.
2024-11-19 00:00:29,150 - INFO - CSR code list XML file saved successfully at 2024-11-19 00:00:29.150562.
2024-11-20 00:00:28,338 - INFO - Script of csrcodelist started.
2024-11-20 00:00:30,122 - INFO - CSR code list XML file saved successfully at 2024-11-20 00:00:30.122365.
2024-11-20 08:30:55,304 - INFO - Script of csrcodelist started.
2024-11-20 08:31:00,364 - INFO - CSR code list XML file saved successfully at 2024-11-20 08:31:00.364432.
2024-11-20 08:51:10,599 - INFO - Script of csrcodelist started.
2024-11-20 08:51:13,803 - INFO - CSR code list XML file saved successfully at 2024-11-20 08:51:13.803193.
2024-11-21 00:00:09,560 - INFO - Script of csrcodelist started.
2024-11-21 00:00:24,587 - ERROR - An error occurred: HTTPSConnectionPool(host='csr.seadatanet.org', port=443): Max retries exceeded with url: /isoCodelists/csrCodeList.xml (Caused by NewConnectionError('<urllib3.connection.HTTPSConnection object at 0x7fd0f2d9cf70>: Failed to establish a new connection: [Errno -3] Temporary failure in name resolution'))
2024-11-22 00:00:09,549 - INFO - Script of csrcodelist started.
2024-11-22 00:00:15,438 - INFO - CSR code list XML file saved successfully at 2024-11-22 00:00:15.438361.
2024-11-23 00:00:09,554 - INFO - Script of csrcodelist started.
2024-11-23 00:00:10,818 - INFO - CSR code list XML file saved successfully at 2024-11-23 00:00:10.818394.
2024-11-24 00:00:09,554 - INFO - Script of csrcodelist started.
2024-11-24 00:00:10,848 - INFO - CSR code list XML file saved successfully at 2024-11-24 00:00:10.847958.
2024-11-25 00:00:09,564 - INFO - Script of csrcodelist started.
2024-11-25 00:00:10,930 - INFO - CSR code list XML file saved successfully at 2024-11-25 00:00:10.930708.
2024-11-26 00:00:09,556 - INFO - Script of csrcodelist started.
2024-11-26 00:00:10,796 - INFO - CSR code list XML file saved successfully at 2024-11-26 00:00:10.796706.
2024-11-27 00:00:09,556 - INFO - Script of csrcodelist started.
2024-11-27 00:00:10,737 - INFO - CSR code list XML file saved successfully at 2024-11-27 00:00:10.737601.
2024-11-28 00:00:09,549 - INFO - Script of csrcodelist started.
2024-11-28 00:00:10,607 - INFO - CSR code list XML file saved successfully at 2024-11-28 00:00:10.607074.
2024-11-29 00:00:09,551 - INFO - Script of csrcodelist started.
2024-11-29 00:00:10,775 - INFO - CSR code list XML file saved successfully at 2024-11-29 00:00:10.775839.
2024-11-30 00:00:09,552 - INFO - Script of csrcodelist started.
2024-11-30 00:00:10,735 - INFO - CSR code list XML file saved successfully at 2024-11-30 00:00:10.735791.
2024-12-01 00:00:09,563 - INFO - Script of csrcodelist started.
2024-12-01 00:00:10,850 - INFO - CSR code list XML file saved successfully at 2024-12-01 00:00:10.850138.
2024-12-02 00:00:09,574 - INFO - Script of csrcodelist started.
2024-12-02 00:00:10,717 - INFO - CSR code list XML file saved successfully at 2024-12-02 00:00:10.717633.
2024-12-03 00:00:09,548 - INFO - Script of csrcodelist started.
2024-12-03 00:00:10,763 - INFO - CSR code list XML file saved successfully at 2024-12-03 00:00:10.763684.
2024-12-04 00:00:09,662 - INFO - Script of csrcodelist started.
2024-12-04 00:00:13,839 - INFO - CSR code list XML file saved successfully at 2024-12-04 00:00:13.839017.
2024-12-05 00:00:09,658 - INFO - Script of csrcodelist started.
2024-12-05 00:00:10,881 - INFO - CSR code list XML file saved successfully at 2024-12-05 00:00:10.881147.
2024-12-06 00:00:09,761 - INFO - Script of csrcodelist started.
2024-12-06 00:00:14,477 - INFO - CSR code list XML file saved successfully at 2024-12-06 00:00:14.477420.
2024-12-07 00:00:09,758 - INFO - Script of csrcodelist started.
2024-12-07 00:00:11,199 - INFO - CSR code list XML file saved successfully at 2024-12-07 00:00:11.199009.
2024-12-08 00:00:09,596 - INFO - Script of csrcodelist started.
2024-12-08 00:00:11,049 - INFO - CSR code list XML file saved successfully at 2024-12-08 00:00:11.049456.
2024-12-09 00:00:09,556 - INFO - Script of csrcodelist started.
2024-12-09 00:00:10,789 - INFO - CSR code list XML file saved successfully at 2024-12-09 00:00:10.789059.
2024-12-10 00:00:09,552 - INFO - Script of csrcodelist started.
2024-12-10 00:00:10,911 - INFO - CSR code list XML file saved successfully at 2024-12-10 00:00:10.911254.
2024-12-11 00:00:09,732 - INFO - Script of csrcodelist started.
2024-12-11 00:00:11,004 - INFO - CSR code list XML file saved successfully at 2024-12-11 00:00:11.004583.
2024-12-12 00:00:10,094 - INFO - Script of csrcodelist started.
2024-12-12 00:00:14,512 - INFO - CSR code list XML file saved successfully at 2024-12-12 00:00:14.512533.
2024-12-12 08:08:43,955 - INFO - Script of csrcodelist started.
2024-12-12 08:08:45,481 - INFO - CSR code list XML file saved successfully at 2024-12-12 08:08:45.481861.
2024-12-13 00:00:10,151 - INFO - Script of csrcodelist started.
2024-12-13 00:00:11,566 - INFO - CSR code list XML file saved successfully at 2024-12-13 00:00:11.566313.
2024-12-14 00:00:21,140 - INFO - Script of csrcodelist started.
2024-12-14 00:00:25,634 - INFO - CSR code list XML file saved successfully at 2024-12-14 00:00:25.634150.
2024-12-15 00:00:20,938 - INFO - Script of csrcodelist started.
2024-12-15 00:00:23,433 - INFO - CSR code list XML file saved successfully at 2024-12-15 00:00:23.433512.
2024-12-16 00:00:20,771 - INFO - Script of csrcodelist started.
2024-12-16 00:00:20,785 - ERROR - An error occurred: HTTPSConnectionPool(host='csr.seadatanet.org', port=443): Max retries exceeded with url: /isoCodelists/csrCodeList.xml (Caused by NewConnectionError('<urllib3.connection.HTTPSConnection object at 0x7fc253a88f70>: Failed to establish a new connection: [Errno -3] Temporary failure in name resolution'))
2024-12-17 00:00:20,732 - INFO - Script of csrcodelist started.
2024-12-17 00:00:22,308 - INFO - CSR code list XML file saved successfully at 2024-12-17 00:00:22.308269.
2024-12-18 00:00:21,047 - INFO - Script of csrcodelist started.
2024-12-18 00:00:22,605 - INFO - CSR code list XML file saved successfully at 2024-12-18 00:00:22.604927.
2025-01-03 10:52:27,654 - INFO - Script of csrcodelist started.
2025-01-03 10:52:32,375 - INFO - CSR code list XML file saved successfully at 2025-01-03 10:52:32.374930.
2025-01-04 00:00:01,051 - INFO - Script of csrcodelist started.
2025-01-04 00:00:02,851 - INFO - CSR code list XML file saved successfully at 2025-01-04 00:00:02.851415.
2025-01-05 00:00:01,361 - INFO - Script of csrcodelist started.
2025-01-05 00:00:06,220 - INFO - CSR code list XML file saved successfully at 2025-01-05 00:00:06.220419.
2025-01-06 00:00:00,985 - INFO - Script of csrcodelist started.
2025-01-06 00:00:02,482 - INFO - CSR code list XML file saved successfully at 2025-01-06 00:00:02.482842.
2025-01-07 00:00:01,222 - INFO - Script of csrcodelist started.
2025-01-07 00:00:05,740 - INFO - CSR code list XML file saved successfully at 2025-01-07 00:00:05.740008.
2025-01-08 00:00:01,607 - INFO - Script of csrcodelist started.
2025-01-08 00:00:03,241 - INFO - CSR code list XML file saved successfully at 2025-01-08 00:00:03.241560.
2025-01-09 00:00:01,378 - INFO - Script of csrcodelist started.
2025-01-09 00:00:02,906 - INFO - CSR code list XML file saved successfully at 2025-01-09 00:00:02.906655.
2025-01-10 00:00:01,298 - INFO - Script of csrcodelist started.
2025-01-10 00:00:05,678 - INFO - CSR code list XML file saved successfully at 2025-01-10 00:00:05.678730.
2025-01-11 00:00:01,369 - INFO - Script of csrcodelist started.
2025-01-11 00:00:02,777 - INFO - CSR code list XML file saved successfully at 2025-01-11 00:00:02.777705.
2025-01-12 00:00:01,239 - INFO - Script of csrcodelist started.
2025-01-12 00:00:02,694 - INFO - CSR code list XML file saved successfully at 2025-01-12 00:00:02.694544.
2025-01-13 00:00:01,420 - INFO - Script of csrcodelist started.
2025-01-13 00:00:02,863 - INFO - CSR code list XML file saved successfully at 2025-01-13 00:00:02.863894.
2025-01-14 00:00:01,187 - INFO - Script of csrcodelist started.
2025-01-14 00:00:05,741 - INFO - CSR code list XML file saved successfully at 2025-01-14 00:00:05.741159.
2025-01-15 00:00:01,269 - INFO - Script of csrcodelist started.
2025-01-15 00:00:02,625 - INFO - CSR code list XML file saved successfully at 2025-01-15 00:00:02.625660.
2025-01-16 00:00:01,336 - INFO - Script of csrcodelist started.
2025-01-16 00:00:02,844 - INFO - CSR code list XML file saved successfully at 2025-01-16 00:00:02.844643.
2025-01-17 00:00:01,292 - INFO - Script of csrcodelist started.
2025-01-17 00:00:02,749 - INFO - CSR code list XML file saved successfully at 2025-01-17 00:00:02.749753.
2025-01-18 00:00:01,436 - INFO - Script of csrcodelist started.
2025-01-18 00:00:03,216 - INFO - CSR code list XML file saved successfully at 2025-01-18 00:00:03.216523.
2025-01-19 00:00:00,950 - INFO - Script of csrcodelist started.
2025-01-19 00:00:04,967 - INFO - CSR code list XML file saved successfully at 2025-01-19 00:00:04.967505.
2025-01-20 00:00:01,056 - INFO - Script of csrcodelist started.
2025-01-20 00:00:05,345 - INFO - CSR code list XML file saved successfully at 2025-01-20 00:00:05.345902.
2025-01-21 00:00:01,196 - INFO - Script of csrcodelist started.
2025-01-21 00:00:02,558 - INFO - CSR code list XML file saved successfully at 2025-01-21 00:00:02.558061.
2025-01-22 00:00:02,592 - INFO - Script of csrcodelist started.
2025-01-22 00:00:04,162 - INFO - CSR code list XML file saved successfully at 2025-01-22 00:00:04.161034.
2025-01-23 00:00:01,512 - INFO - Script of csrcodelist started.
2025-01-23 00:00:03,022 - INFO - CSR code list XML file saved successfully at 2025-01-23 00:00:03.021942.
2025-01-24 00:00:01,663 - INFO - Script of csrcodelist started.
2025-01-24 00:00:16,701 - ERROR - An error occurred: HTTPSConnectionPool(host='csr.seadatanet.org', port=443): Max retries exceeded with url: /isoCodelists/csrCodeList.xml (Caused by NewConnectionError('<urllib3.connection.HTTPSConnection object at 0x7fb66bcd4f70>: Failed to establish a new connection: [Errno -3] Temporary failure in name resolution'))
2025-01-25 00:00:01,279 - INFO - Script of csrcodelist started.
2025-01-25 00:00:03,006 - INFO - CSR code list XML file saved successfully at 2025-01-25 00:00:02.864068.
2025-01-26 00:00:01,467 - INFO - Script of csrcodelist started.
2025-01-26 00:00:06,082 - INFO - CSR code list XML file saved successfully at 2025-01-26 00:00:06.076712.
2025-01-27 00:00:01,161 - INFO - Script of csrcodelist started.
2025-01-27 00:00:05,201 - INFO - CSR code list XML file saved successfully at 2025-01-27 00:00:05.187851.
2025-01-28 00:00:01,428 - INFO - Script of csrcodelist started.
2025-01-28 00:00:03,106 - INFO - CSR code list XML file saved successfully at 2025-01-28 00:00:03.106131.
2025-01-29 00:00:01,188 - INFO - Script of csrcodelist started.
2025-01-29 00:00:03,055 - INFO - CSR code list XML file saved successfully at 2025-01-29 00:00:03.054954.
2025-01-30 00:00:01,555 - INFO - Script of csrcodelist started.
2025-01-30 00:00:03,333 - INFO - CSR code list XML file saved successfully at 2025-01-30 00:00:03.333593.
2025-01-31 00:00:01,519 - INFO - Script of csrcodelist started.
2025-01-31 00:00:03,831 - INFO - CSR code list XML file saved successfully at 2025-01-31 00:00:03.831923.
2025-02-01 00:00:01,411 - INFO - Script of csrcodelist started.
2025-02-01 00:00:03,254 - INFO - CSR code list XML file saved successfully at 2025-02-01 00:00:03.254088.
2025-02-02 00:00:01,205 - INFO - Script of csrcodelist started.
2025-02-02 00:00:02,674 - INFO - CSR code list XML file saved successfully at 2025-02-02 00:00:02.674421.
2025-02-03 00:00:01,181 - INFO - Script of csrcodelist started.
2025-02-03 00:00:02,874 - INFO - CSR code list XML file saved successfully at 2025-02-03 00:00:02.874729.
2025-02-04 00:00:01,315 - INFO - Script of csrcodelist started.
2025-02-04 00:00:02,909 - INFO - CSR code list XML file saved successfully at 2025-02-04 00:00:02.909437.
2025-02-05 00:00:01,459 - INFO - Script of csrcodelist started.
2025-02-05 00:00:02,930 - INFO - CSR code list XML file saved successfully at 2025-02-05 00:00:02.929950.
2025-02-06 00:00:01,182 - INFO - Script of csrcodelist started.
2025-02-06 00:00:02,643 - INFO - CSR code list XML file saved successfully at 2025-02-06 00:00:02.643608.
2025-02-07 00:00:01,508 - INFO - Script of csrcodelist started.
2025-02-07 00:00:03,459 - INFO - CSR code list XML file saved successfully at 2025-02-07 00:00:03.459687.
2025-02-08 00:00:01,339 - INFO - Script of csrcodelist started.
2025-02-08 00:00:02,709 - INFO - CSR code list XML file saved successfully at 2025-02-08 00:00:02.709626.
2025-02-09 00:00:01,642 - INFO - Script of csrcodelist started.
2025-02-09 00:00:07,154 - INFO - CSR code list XML file saved successfully at 2025-02-09 00:00:07.154069.
2025-02-10 00:00:01,489 - INFO - Script of csrcodelist started.
2025-02-10 00:00:02,991 - INFO - CSR code list XML file saved successfully at 2025-02-10 00:00:02.990975.
2025-02-11 00:00:01,580 - INFO - Script of csrcodelist started.
2025-02-11 00:00:03,317 - INFO - CSR code list XML file saved successfully at 2025-02-11 00:00:03.316960.
2025-02-12 00:00:00,932 - INFO - Script of csrcodelist started.
2025-02-12 00:00:05,661 - INFO - CSR code list XML file saved successfully at 2025-02-12 00:00:05.661264.
2025-02-13 00:00:00,997 - INFO - Script of csrcodelist started.
2025-02-13 00:00:05,529 - INFO - CSR code list XML file saved successfully at 2025-02-13 00:00:05.529737.
2025-02-14 00:00:00,974 - INFO - Script of csrcodelist started.
2025-02-14 00:00:02,404 - INFO - CSR code list XML file saved successfully at 2025-02-14 00:00:02.404337.
2025-02-15 00:00:00,907 - INFO - Script of csrcodelist started.
2025-02-15 00:00:02,583 - INFO - CSR code list XML file saved successfully at 2025-02-15 00:00:02.583896.
2025-02-16 00:00:00,965 - INFO - Script of csrcodelist started.
2025-02-16 00:00:02,347 - INFO - CSR code list XML file saved successfully at 2025-02-16 00:00:02.347475.
2025-02-17 00:00:00,910 - INFO - Script of csrcodelist started.
2025-02-17 00:00:02,351 - INFO - CSR code list XML file saved successfully at 2025-02-17 00:00:02.351033.
2025-02-18 00:00:17,890 - INFO - Script of csrcodelist started.
2025-02-18 00:00:19,949 - INFO - CSR code list XML file saved successfully at 2025-02-18 00:00:19.949885.
2025-02-19 00:00:01,056 - INFO - Script of csrcodelist started.
2025-02-19 00:00:02,526 - INFO - CSR code list XML file saved successfully at 2025-02-19 00:00:02.526596.
2025-02-20 00:00:00,972 - INFO - Script of csrcodelist started.
2025-02-20 00:00:05,822 - INFO - CSR code list XML file saved successfully at 2025-02-20 00:00:05.822062.
2025-02-20 08:51:18,969 - INFO - Script of csrcodelist started.
2025-02-20 08:51:20,610 - INFO - CSR code list XML file saved successfully at 2025-02-20 08:51:20.609861.
2025-02-21 00:00:21,535 - INFO - Script of csrcodelist started.
2025-02-21 00:00:22,817 - INFO - CSR code list XML file saved successfully at 2025-02-21 00:00:22.817295.
2025-02-22 00:00:21,527 - INFO - Script of csrcodelist started.
2025-02-22 00:00:23,222 - INFO - CSR code list XML file saved successfully at 2025-02-22 00:00:23.222525.
2025-02-23 00:00:21,531 - INFO - Script of csrcodelist started.
2025-02-23 00:00:23,575 - INFO - CSR code list XML file saved successfully at 2025-02-23 00:00:23.575479.
2025-02-24 00:00:21,521 - INFO - Script of csrcodelist started.
2025-02-24 00:00:23,097 - INFO - CSR code list XML file saved successfully at 2025-02-24 00:00:23.097118.
2025-02-25 00:00:21,522 - INFO - Script of csrcodelist started.
2025-02-25 00:00:26,270 - INFO - CSR code list XML file saved successfully at 2025-02-25 00:00:26.270467.
2025-02-26 00:00:21,531 - INFO - Script of csrcodelist started.
2025-02-26 00:00:23,304 - INFO - CSR code list XML file saved successfully at 2025-02-26 00:00:23.304356.
2025-02-27 00:00:21,522 - INFO - Script of csrcodelist started.
2025-02-27 00:00:27,646 - INFO - CSR code list XML file saved successfully at 2025-02-27 00:00:27.646270.
2025-02-28 00:00:21,538 - INFO - Script of csrcodelist started.
2025-02-28 00:00:26,756 - INFO - CSR code list XML file saved successfully at 2025-02-28 00:00:26.756511.
2025-02-28 08:31:54,009 - INFO - Script of csrcodelist started.
2025-02-28 08:31:55,475 - INFO - CSR code list XML file saved successfully at 2025-02-28 08:31:55.474826.
2025-02-28 12:12:21,686 - INFO - Script of csrcodelist started.
2025-02-28 12:12:26,216 - INFO - CSR code list XML file saved successfully at 2025-02-28 12:12:26.216529.
2025-03-01 00:00:31,009 - INFO - Script of csrcodelist started.
2025-03-01 00:00:33,013 - INFO - CSR code list XML file saved successfully at 2025-03-01 00:00:33.013177.
2025-03-02 00:00:31,061 - INFO - Script of csrcodelist started.
2025-03-02 00:00:33,347 - INFO - CSR code list XML file saved successfully at 2025-03-02 00:00:33.347642.
2025-03-03 00:00:31,019 - INFO - Script of csrcodelist started.
2025-03-03 00:00:32,812 - INFO - CSR code list XML file saved successfully at 2025-03-03 00:00:32.811985.
2025-03-04 00:00:31,026 - INFO - Script of csrcodelist started.
2025-03-04 00:00:32,886 - INFO - CSR code list XML file saved successfully at 2025-03-04 00:00:32.886286.
2025-03-04 13:22:16,661 - INFO - Script of csrcodelist started.
2025-03-04 13:22:18,248 - INFO - CSR code list XML file saved successfully at 2025-03-04 13:22:18.248263.
2025-03-05 00:00:00,944 - INFO - Script of csrcodelist started.
2025-03-05 00:00:02,581 - INFO - CSR code list XML file saved successfully at 2025-03-05 00:00:02.580952.
2025-03-06 00:00:00,913 - INFO - Script of csrcodelist started.
2025-03-06 00:00:03,287 - INFO - CSR code list XML file saved successfully at 2025-03-06 00:00:03.286925.
2025-03-07 00:00:00,920 - INFO - Script of csrcodelist started.
2025-03-07 00:00:02,652 - INFO - CSR code list XML file saved successfully at 2025-03-07 00:00:02.651951.
2025-03-08 00:00:00,897 - INFO - Script of csrcodelist started.
2025-03-08 00:00:02,767 - INFO - CSR code list XML file saved successfully at 2025-03-08 00:00:02.767505.
2025-03-09 00:00:00,928 - INFO - Script of csrcodelist started.
2025-03-09 00:00:02,446 - INFO - CSR code list XML file saved successfully at 2025-03-09 00:00:02.446531.
2025-03-10 00:00:00,952 - INFO - Script of csrcodelist started.
2025-03-10 00:00:02,672 - INFO - CSR code list XML file saved successfully at 2025-03-10 00:00:02.672138.
2025-03-11 00:00:00,924 - INFO - Script of csrcodelist started.
2025-03-11 00:00:02,612 - INFO - CSR code list XML file saved successfully at 2025-03-11 00:00:02.612074.
2025-03-12 00:00:00,923 - INFO - Script of csrcodelist started.
2025-03-12 00:00:02,545 - INFO - CSR code list XML file saved successfully at 2025-03-12 00:00:02.545782.
2025-03-13 00:00:00,908 - INFO - Script of csrcodelist started.
2025-03-13 00:00:02,708 - INFO - CSR code list XML file saved successfully at 2025-03-13 00:00:02.708707.
2025-03-14 00:00:00,906 - INFO - Script of csrcodelist started.
2025-03-14 00:00:02,452 - INFO - CSR code list XML file saved successfully at 2025-03-14 00:00:02.452656.
2025-03-15 00:00:00,923 - INFO - Script of csrcodelist started.
2025-03-15 00:00:02,456 - INFO - CSR code list XML file saved successfully at 2025-03-15 00:00:02.456614.
2025-03-16 00:00:00,923 - INFO - Script of csrcodelist started.
2025-03-16 00:00:02,668 - INFO - CSR code list XML file saved successfully at 2025-03-16 00:00:02.668811.
2025-03-17 00:00:00,921 - INFO - Script of csrcodelist started.
2025-03-17 00:00:02,776 - INFO - CSR code list XML file saved successfully at 2025-03-17 00:00:02.776052.
2025-03-18 00:00:00,936 - INFO - Script of csrcodelist started.
2025-03-18 00:00:05,561 - INFO - CSR code list XML file saved successfully at 2025-03-18 00:00:05.561317.
2025-03-18 11:47:52,441 - INFO - Script of csrcodelist started.
2025-03-18 11:47:57,188 - INFO - CSR code list XML file saved successfully at 2025-03-18 11:47:57.188856.
2025-03-19 00:00:29,801 - INFO - Script of csrcodelist started.
2025-03-19 00:00:31,928 - INFO - CSR code list XML file saved successfully at 2025-03-19 00:00:31.928883.
2025-03-20 00:00:29,794 - INFO - Script of csrcodelist started.
2025-03-20 00:00:34,743 - INFO - CSR code list XML file saved successfully at 2025-03-20 00:00:34.743046.
2025-03-21 00:00:06,088 - INFO - Script of csrcodelist started.
2025-03-21 00:00:08,336 - INFO - CSR code list XML file saved successfully at 2025-03-21 00:00:08.336491.
2025-03-22 00:00:06,109 - INFO - Script of csrcodelist started.
2025-03-22 00:00:07,764 - INFO - CSR code list XML file saved successfully at 2025-03-22 00:00:07.764272.
2025-03-23 00:00:06,091 - INFO - Script of csrcodelist started.
2025-03-23 00:00:07,742 - INFO - CSR code list XML file saved successfully at 2025-03-23 00:00:07.742417.
2025-03-24 00:00:06,116 - INFO - Script of csrcodelist started.
2025-03-24 00:00:08,228 - INFO - CSR code list XML file saved successfully at 2025-03-24 00:00:08.228206.
2025-03-25 00:00:06,105 - INFO - Script of csrcodelist started.
2025-03-25 00:00:07,488 - INFO - CSR code list XML file saved successfully at 2025-03-25 00:00:07.488162.
2025-03-26 00:00:06,090 - INFO - Script of csrcodelist started.
2025-03-26 00:00:07,702 - INFO - CSR code list XML file saved successfully at 2025-03-26 00:00:07.702814.
2025-03-27 00:00:06,094 - INFO - Script of csrcodelist started.
2025-03-27 00:00:07,908 - INFO - CSR code list XML file saved successfully at 2025-03-27 00:00:07.908619.
2025-03-28 00:00:06,100 - INFO - Script of csrcodelist started.
2025-03-28 00:00:08,239 - INFO - CSR code list XML file saved successfully at 2025-03-28 00:00:08.239576.
2025-03-29 00:00:06,089 - INFO - Script of csrcodelist started.
2025-03-29 00:00:08,329 - INFO - CSR code list XML file saved successfully at 2025-03-29 00:00:08.329344.
2025-03-30 00:00:06,086 - INFO - Script of csrcodelist started.
2025-03-30 00:00:07,808 - INFO - CSR code list XML file saved successfully at 2025-03-30 00:00:07.808437.
2025-03-31 00:00:06,118 - INFO - Script of csrcodelist started.
2025-03-31 00:00:07,794 - INFO - CSR code list XML file saved successfully at 2025-03-31 00:00:07.794727.
2025-04-01 00:00:29,805 - INFO - Script of csrcodelist started.
2025-04-01 00:00:31,453 - INFO - CSR code list XML file saved successfully at 2025-04-01 00:00:31.453122.
2025-04-02 00:00:17,262 - INFO - Script of csrcodelist started.
2025-04-02 00:00:22,550 - INFO - CSR code list XML file saved successfully at 2025-04-02 00:00:22.550437.
2025-04-03 00:00:00,287 - INFO - Script of csrcodelist started.
2025-04-03 00:00:02,108 - INFO - CSR code list XML file saved successfully at 2025-04-03 00:00:02.108490.
2025-04-04 00:00:00,551 - INFO - Script of csrcodelist started.
2025-04-04 00:00:02,155 - INFO - CSR code list XML file saved successfully at 2025-04-04 00:00:02.154974.
2025-04-05 00:00:00,553 - INFO - Script of csrcodelist started.
2025-04-05 00:00:02,137 - INFO - CSR code list XML file saved successfully at 2025-04-05 00:00:02.137138.
2025-04-06 00:00:00,553 - INFO - Script of csrcodelist started.
2025-04-06 00:00:01,915 - INFO - CSR code list XML file saved successfully at 2025-04-06 00:00:01.915734.
2025-04-07 00:00:00,550 - INFO - Script of csrcodelist started.
2025-04-07 00:00:02,213 - INFO - CSR code list XML file saved successfully at 2025-04-07 00:00:02.213123.
2025-04-08 00:00:00,294 - INFO - Script of csrcodelist started.
2025-04-08 00:00:01,857 - INFO - CSR code list XML file saved successfully at 2025-04-08 00:00:01.857301.
2025-04-09 00:00:00,543 - INFO - Script of csrcodelist started.
2025-04-09 00:00:02,286 - INFO - CSR code list XML file saved successfully at 2025-04-09 00:00:02.286714.
2025-04-10 00:00:00,562 - INFO - Script of csrcodelist started.
2025-04-10 00:00:02,245 - INFO - CSR code list XML file saved successfully at 2025-04-10 00:00:02.245718.
2025-04-11 00:00:00,556 - INFO - Script of csrcodelist started.
2025-04-11 00:00:02,212 - INFO - CSR code list XML file saved successfully at 2025-04-11 00:00:02.212644.
2025-04-11 06:43:05,335 - INFO - Script of csrcodelist started.
2025-04-11 06:43:10,698 - INFO - CSR code list XML file saved successfully at 2025-04-11 06:43:10.698339.
2025-04-12 00:00:08,746 - INFO - Script of csrcodelist started.
2025-04-12 00:00:10,278 - INFO - CSR code list XML file saved successfully at 2025-04-12 00:00:10.278387.
2025-04-13 00:00:08,762 - INFO - Script of csrcodelist started.
2025-04-13 00:00:13,863 - INFO - CSR code list XML file saved successfully at 2025-04-13 00:00:13.863874.
2025-04-14 00:00:08,753 - INFO - Script of csrcodelist started.
2025-04-14 00:00:13,811 - INFO - CSR code list XML file saved successfully at 2025-04-14 00:00:13.811636.
2025-04-15 00:00:08,754 - INFO - Script of csrcodelist started.
2025-04-15 00:00:14,113 - INFO - CSR code list XML file saved successfully at 2025-04-15 00:00:14.113374.
2025-04-15 06:49:39,625 - INFO - Script of csrcodelist started.
2025-04-15 06:49:44,820 - INFO - CSR code list XML file saved successfully at 2025-04-15 06:49:44.820717.
2025-04-16 00:00:09,179 - INFO - Script of csrcodelist started.
2025-04-16 00:00:13,812 - INFO - CSR code list XML file saved successfully at 2025-04-16 00:00:13.812169.
2025-04-17 00:00:09,179 - INFO - Script of csrcodelist started.
2025-04-17 00:00:10,576 - INFO - CSR code list XML file saved successfully at 2025-04-17 00:00:10.576109.
2025-04-18 00:00:09,176 - INFO - Script of csrcodelist started.
2025-04-18 00:00:10,566 - INFO - CSR code list XML file saved successfully at 2025-04-18 00:00:10.565933.
2025-04-19 00:00:09,196 - INFO - Script of csrcodelist started.
2025-04-19 00:00:10,633 - INFO - CSR code list XML file saved successfully at 2025-04-19 00:00:10.633373.
2025-04-20 00:00:09,176 - INFO - Script of csrcodelist started.
2025-04-20 00:00:10,633 - INFO - CSR code list XML file saved successfully at 2025-04-20 00:00:10.633392.
2025-04-21 00:00:09,174 - INFO - Script of csrcodelist started.
2025-04-21 00:00:13,647 - INFO - CSR code list XML file saved successfully at 2025-04-21 00:00:13.647116.
2025-04-22 00:00:09,166 - INFO - Script of csrcodelist started.
2025-04-22 00:00:10,549 - INFO - CSR code list XML file saved successfully at 2025-04-22 00:00:10.549790.
2025-04-22 11:45:26,359 - INFO - CSR code list XML file saved successfully at 2025-04-22 11:45:26.359485.
2025-04-22 11:45:46,305 - INFO - Parsed bounding box coordinates: W=-5.1110967, S=36.0845367, E=-3.2279975, N=36.7407303
2025-04-22 11:51:14,865 - INFO - Script to fetch SPARQL results started.
2025-04-22 11:51:15,310 - ERROR - Failed to fetch SPARQL results. Status code: 404
2025-04-22 11:51:30,934 - INFO - Parsed bounding box coordinates: W=-5.1110967, S=36.0845367, E=-3.2279975, N=36.7407303
2025-04-22 12:02:54,446 - INFO - Script to fetch SPARQL results started.
2025-04-22 12:02:54,705 - ERROR - Failed to fetch SPARQL results. Status code: 404
2025-04-22 12:03:36,515 - INFO - Parsed bounding box coordinates: W=-5.1110967, S=36.0845367, E=-3.2279975, N=36.7407303
2025-04-22 12:29:22,637 - INFO - JSON data saved successfully
2025-04-22 12:29:22,638 - INFO - name_csv: 20250422122922638488.csv
2025-04-22 12:29:22,644 - ERROR - Column count mismatch. Expected 8, got 6
2025-04-22 12:29:33,055 - ERROR - No name_csv found in logs
2025-04-22 12:30:13,815 - INFO - CSR code list XML file saved successfully at 2025-04-22 12:30:13.815811.
2025-04-22 12:30:16,272 - INFO - CSR code list XML file saved successfully at 2025-04-22 12:30:16.272773.
2025-04-22 12:30:24,708 - INFO - Script to fetch SPARQL results started.
2025-04-22 12:30:25,008 - ERROR - Failed to fetch SPARQL results. Status code: 404
2025-04-22 12:30:26,486 - INFO - JSON data saved successfully
2025-04-22 12:30:26,486 - INFO - name_csv: 20250422123026486679.csv
2025-04-22 12:30:26,492 - ERROR - Column count mismatch. Expected 8, got 6
2025-04-22 12:30:42,623 - INFO - Parsed bounding box coordinates: W=-18.1282252, S=27.2446552, E=-8.7381695, N=42.2397763
2025-04-22 12:30:43,092 - ERROR - No name_csv found in logs
2025-04-22 12:33:18,579 - INFO - JSON data saved successfully
2025-04-22 12:33:18,580 - INFO - name_csv: 20250422123318579967.csv
2025-04-22 12:33:18,584 - ERROR - Column count mismatch. Expected 8, got 6
2025-04-22 12:33:37,909 - ERROR - No name_csv found in logs
2025-04-22 12:36:17,649 - INFO - JSON data saved successfully
2025-04-22 12:36:17,650 - INFO - name_csv: 20250422123617650701.csv
2025-04-22 12:36:17,686 - INFO - CSV data saved successfully
2025-04-22 12:36:37,510 - ERROR - No name_csv found in logs
2025-04-22 12:40:38,776 - INFO - Script to fetch SPARQL results started.
2025-04-22 12:40:39,042 - ERROR - Failed to fetch SPARQL results. Status code: 404
2025-04-22 12:40:39,043 - INFO - Script of csrcodelist started.
2025-04-22 12:40:40,572 - INFO - CSR code list XML file saved successfully at 2025-04-22 12:40:40.572635.
2025-04-22 12:41:47,460 - INFO - Script to fetch SPARQL results started.
2025-04-22 12:41:47,709 - ERROR - Failed to fetch SPARQL results. Status code: 404
2025-04-22 12:41:47,710 - INFO - Script of csrcodelist started.
2025-04-22 12:41:52,119 - INFO - CSR code list XML file saved successfully at 2025-04-22 12:41:52.119635.
2025-04-22 12:42:12,263 - INFO - Script to fetch SPARQL results started.
2025-04-22 12:42:12,540 - ERROR - Failed to fetch SPARQL results. Status code: 404
2025-04-22 12:42:12,541 - INFO - Script of csrcodelist started.
2025-04-22 12:42:14,908 - INFO - CSR code list XML file saved successfully at 2025-04-22 12:42:14.908328.
2025-04-22 12:42:33,987 - INFO - Script to fetch SPARQL results started.
2025-04-22 12:42:34,246 - ERROR - Failed to fetch SPARQL results. Status code: 404
2025-04-22 12:42:43,260 - INFO - Parsed bounding box coordinates: W=-5.1110967, S=36.0845367, E=-3.2279975, N=36.7407303
2025-04-22 12:47:43,241 - INFO - CSR code list XML file saved successfully at 2025-04-22 12:47:43.241403.
2025-04-22 12:47:51,572 - INFO - Script to fetch SPARQL results started.
2025-04-22 12:47:51,711 - INFO - Parsed bounding box coordinates: W=-5.1110967, S=36.0845367, E=-3.2279975, N=36.7407303
2025-04-22 12:47:51,852 - ERROR - Failed to fetch SPARQL results. Status code: 404
2025-04-23 05:10:58,609 - INFO - JSON data saved successfully
2025-04-23 05:10:58,610 - INFO - name_csv: 20250423051058610607.csv
2025-04-23 05:10:58,616 - ERROR - Column count mismatch. Expected 8, got 6
2025-04-23 05:11:13,891 - ERROR - No name_csv found in logs
2025-04-23 07:02:03,023 - INFO - Parsed bounding box coordinates: W=-18.1282252, S=27.2446552, E=-8.7381695, N=42.2397763
2025-04-23 07:02:35,927 - INFO - JSON data saved successfully
2025-04-23 07:02:35,928 - INFO - name_csv: 20250423070235928089.csv
2025-04-23 07:02:35,959 - INFO - CSV data saved successfully
2025-04-23 07:02:43,009 - ERROR - No name_csv found in logs
2025-04-23 07:09:07,685 - INFO - JSON data saved successfully
2025-04-23 07:09:07,687 - INFO - name_csv: 20250423070907687186.csv
2025-04-23 07:09:07,723 - INFO - CSV data saved successfully
2025-04-23 07:09:11,269 - ERROR - Error reading log file: [Errno 2] No such file or directory: './record.log'
2025-04-23 07:11:26,740 - INFO - JSON data saved successfully
2025-04-23 07:11:26,762 - INFO - name_csv: 20250423071126761943.csv
2025-04-23 07:11:26,911 - INFO - CSV data saved successfully
2025-04-23 07:11:32,938 - ERROR - Error reading log file: [Errno 2] No such file or directory: './record.log'
2025-04-23 07:13:37,559 - INFO - Starting the Flask application...
2025-04-23 07:14:36,159 - INFO - CSR code list XML file saved successfully at 2025-04-23 07:14:36.158742.
2025-04-23 07:14:56,930 - INFO - JSON data saved successfully
2025-04-23 07:14:56,931 - INFO - name_csv: 20250423071456931359.csv
2025-04-23 07:14:56,972 - INFO - CSV data saved successfully
2025-04-23 07:15:00,943 - ERROR - Error reading log file: [Errno 2] No such file or directory: './record.log'
2025-04-23 07:16:36,941 - INFO - Starting the Flask application...
2025-04-23 07:23:57,411 - INFO - JSON data saved successfully
2025-04-23 07:23:57,411 - INFO - name_csv: 20250423072357411884.csv
2025-04-23 07:23:57,444 - INFO - CSV data saved successfully
2025-04-23 07:24:00,590 - ERROR - No name_csv found in logs
2025-04-23 07:24:11,921 - INFO - CSR code list XML file saved successfully at 2025-04-23 07:24:11.921017.
2025-04-23 07:26:00,030 - INFO - Starting the Flask application...
2025-04-23 07:28:03,299 - INFO - Starting the Flask application...
2025-04-23 07:31:14,028 - INFO - JSON data saved successfully
2025-04-23 07:31:14,029 - INFO - name_csv: 20250423073114029675.csv
2025-04-23 07:31:14,214 - INFO - CSV data saved successfully
2025-04-23 07:31:27,984 - ERROR - Error reading log file: [Errno 2] No such file or directory: './record.log'
2025-04-23 07:32:09,663 - INFO - Starting the Flask application...
2025-04-23 07:57:35,868 - INFO - JSON data saved successfully
2025-04-23 07:57:35,869 - INFO - name_csv: 20250423075735869002.csv
2025-04-23 07:57:35,903 - INFO - CSV data saved successfully
2025-04-23 07:57:43,288 - ERROR - Error reading log file: [Errno 2] No such file or directory: './record.log'
2025-04-23 08:07:52,156 - INFO - Starting the Flask application...
2025-04-23 08:09:15,324 - INFO - Starting the Flask application...
2025-04-23 08:09:15,324 - INFO - Log file path: /home/utm/portfo/record.log
2025-04-23 08:09:55,261 - INFO - JSON data saved successfully
2025-04-23 08:09:55,262 - INFO - name_csv: 20250423080955262354.csv
2025-04-23 08:09:55,296 - INFO - CSV data saved successfully
2025-04-23 08:09:59,298 - ERROR - Error reading log file: [Errno 2] No such file or directory: './record.log'
2025-04-23 08:11:42,535 - INFO - Starting the Flask application...
2025-04-23 08:11:42,535 - INFO - Log file path: /home/utm/portfo/record.log
2025-04-23 08:20:35,362 - INFO - JSON data saved successfully
2025-04-23 08:20:35,363 - INFO - name_csv: 20250423082035363570.csv
2025-04-23 08:20:35,399 - INFO - CSV data saved successfully
2025-04-23 08:20:38,712 - ERROR - No name_csv found in logs
2025-04-23 08:30:22,486 - INFO - Starting the Flask application...
2025-04-23 08:30:22,487 - INFO - Log file path: /home/utm/portfo/record.log
2025-04-23 08:30:49,401 - INFO - JSON data saved successfully
2025-04-23 08:30:49,402 - INFO - name_csv: 20250423083049402278.csv
2025-04-23 08:30:49,436 - INFO - CSV data saved successfully
2025-04-23 08:30:49,436 - INFO - name_csv: 20250423083049402278.csv
2025-04-23 08:31:02,648 - ERROR - No name_csv found in logs
2025-04-23 08:32:42,271 - INFO - Starting the Flask application...
2025-04-23 08:32:42,271 - INFO - Log file path: /home/utm/portfo/record.log
2025-04-23 08:35:36,513 - INFO - Starting the Flask application...
2025-04-23 08:35:36,513 - INFO - Log file path: /home/utm/portfo/record.log
2025-04-23 08:36:01,779 - INFO - JSON data saved successfully
2025-04-23 08:36:01,780 - INFO - name_csv: 20250423083601779924.csv
2025-04-23 08:36:01,816 - INFO - CSV data saved successfully
2025-04-23 08:36:01,816 - INFO - name_csv: 20250423083601779924.csv
2025-04-23 08:36:37,782 - ERROR - No name_csv found in logs
2025-04-23 08:45:12,531 - INFO - Starting the Flask application...
2025-04-23 08:45:12,533 - INFO - Log file path: /home/utm/portfo/record.log
2025-04-23 08:50:08,933 - INFO - Logging setup completed
2025-04-23 08:50:08,933 - INFO - Log file path: /home/utm/portfo/record.log
2025-04-23 08:51:58,136 - INFO - Logging setup completed
2025-04-23 08:51:58,137 - INFO - Log file path: /home/utm/portfo/record.log
2025-04-23 08:52:55,103 - INFO - JSON data saved successfully
2025-04-23 08:52:55,104 - INFO - name_csv: 20250423085255104631.csv
2025-04-23 08:52:55,254 - INFO - CSV data saved successfully
2025-04-23 08:52:55,254 - INFO - name_csv: 20250423085255104631.csv
2025-04-23 08:52:59,348 - INFO - Found filename in logs: 20250423085255104631.csv
2025-04-23 08:52:59,349 - INFO - Constructed ruta_csv: https://datahub.utm.csic.es/cdigen/static/csv/20250423085255104631.csv
2025-04-23 08:52:59,350 - INFO - Processing with selects: ['AUV']
2025-04-23 08:52:59,351 - INFO - Starting grabar_individual with selects: ['AUV']
2025-04-23 08:52:59,351 - INFO - ruta_csv: https://datahub.utm.csic.es/cdigen/static/csv/20250423085255104631.csv
2025-04-23 08:52:59,351 - INFO - Processing AUV
2025-04-23 08:52:59,365 - DEBUG - Starting new HTTPS connection (1): 161.111.137.92:8001
2025-04-23 08:52:59,444 - DEBUG - https://161.111.137.92:8001 "GET /static/csrCodeList.xml HTTP/1.1" 200 67702126
2025-04-23 08:53:00,553 - DEBUG - Starting new HTTPS connection (1): datahub.utm.csic.es:443
2025-04-23 08:53:00,741 - DEBUG - https://datahub.utm.csic.es:443 "GET /ws/getBBox/?id=hes20240612 HTTP/1.1" 200 1
2025-04-23 08:53:00,748 - DEBUG - Starting new HTTPS connection (1): datahub.utm.csic.es:443
2025-04-23 08:53:00,924 - DEBUG - https://datahub.utm.csic.es:443 "GET /ws/getTrack/GML/?id=hes20240612&n=999 HTTP/1.1" 200 3
2025-04-23 08:53:00,941 - DEBUG - Starting new HTTPS connection (1): datahub.utm.csic.es:443
2025-04-23 08:53:01,040 - DEBUG - https://datahub.utm.csic.es:443 "GET /ws/getBBox/?id=hes20240612 HTTP/1.1" 200 1
2025-04-23 08:53:01,043 - ERROR - Error processing AUV: substring not found
2025-04-23 08:53:01,044 - ERROR - Error in grabar_individual: substring not found
2025-04-23 08:53:01,044 - ERROR - Error in download_step1: substring not found
