*** Starting uWSGI 2.0.30 (64bit) on [Tue Mar 24 12:14:46 2026] ***
compiled with version: 13.3.0 on 30 July 2025 08:23:36
os: Linux-6.8.0-100-generic #100-Ubuntu SMP PREEMPT_DYNAMIC Tue Jan 13 16:40:06 UTC 2026
nodename: nginx
machine: x86_64
clock source: unix
pcre jit disabled
detected number of CPU cores: 4
current working directory: /home/utm/cdigen
detected binary path: /home/utm/cdigen/venv/bin/uwsgi
your processes number limit is 63649
your memory page size is 4096 bytes
detected max file descriptor number: 1024
lock engine: pthread robust mutexes
thunder lock: disabled (you can enable it with --thunder-lock)
uwsgi socket 0 bound to UNIX address cdigen.sock fd 3
Python version: 3.12.3 (main, Mar  3 2026, 12:15:18) [GCC 13.3.0]
Python main interpreter initialized at 0x7ca60f8a3668
python threads support enabled
your server socket listen backlog is limited to 100 connections
your mercy for graceful operations on workers is 60 seconds
mapped 437520 bytes (427 KB) for 5 cores
*** Operational MODE: preforking ***
Traceback (most recent call last):
  File "/home/utm/cdigen/wsgi.py", line 2, in <module>
    from cdigen import app
  File "/home/utm/cdigen/cdigen.py", line 1, in <module>
    from flask import Flask, render_template, url_for, request, redirect, jsonify ,send_file, Response, send_from_directory, send_file
ModuleNotFoundError: No module named 'flask'
unable to load app 0 (mountpoint='') (callable not found or import error)
*** no app loaded. going in full dynamic mode ***
*** uWSGI is running in multiple interpreter mode ***
spawned uWSGI master process (pid: 241681)
spawned uWSGI worker 1 (pid: 241685, cores: 1)
spawned uWSGI worker 2 (pid: 241686, cores: 1)
spawned uWSGI worker 3 (pid: 241687, cores: 1)
spawned uWSGI worker 4 (pid: 241688, cores: 1)
spawned uWSGI worker 5 (pid: 241689, cores: 1)
--- no python application found, check your startup logs for errors ---
[pid: 241689|app: -1|req: -1/1] 161.111.139.36 () {68 vars in 1384 bytes} [Tue Mar 24 12:14:50 2026] GET / => generated 21 bytes in 0 msecs (HTTP/1.1 500) 2 headers in 83 bytes (1 switches on core 0)
SIGINT/SIGTERM received...killing workers...
worker 1 buried after 1 seconds
worker 2 buried after 1 seconds
worker 3 buried after 1 seconds
worker 4 buried after 1 seconds
worker 5 buried after 1 seconds
goodbye to uWSGI.
VACUUM: unix socket cdigen.sock removed.
*** Starting uWSGI 2.0.31 (64bit) on [Tue Mar 24 12:23:15 2026] ***
compiled with version: 13.3.0 on 03 December 2025 08:52:14
os: Linux-6.8.0-100-generic #100-Ubuntu SMP PREEMPT_DYNAMIC Tue Jan 13 16:40:06 UTC 2026
nodename: nginx
machine: x86_64
clock source: unix
pcre jit disabled
detected number of CPU cores: 4
current working directory: /home/utm/cdigen
detected binary path: /home/utm/cdigen/venv/bin/uwsgi
your processes number limit is 63649
your memory page size is 4096 bytes
detected max file descriptor number: 1024
lock engine: pthread robust mutexes
thunder lock: disabled (you can enable it with --thunder-lock)
uwsgi socket 0 bound to UNIX address cdigen.sock fd 3
Python version: 3.12.3 (main, Mar  3 2026, 12:15:18) [GCC 13.3.0]
Python main interpreter initialized at 0x7a1ea02a3668
python threads support enabled
your server socket listen backlog is limited to 100 connections
your mercy for graceful operations on workers is 60 seconds
mapped 437520 bytes (427 KB) for 5 cores
*** Operational MODE: preforking ***
2026-03-24 12:23:16,282 INFO root MainThread : Logging setup completed
2026-03-24 12:23:16,282 INFO root MainThread : Log file path: /home/utm/cdigen/record.log
WSGI app 0 (mountpoint='') ready in 1 seconds on interpreter 0x7a1ea02a3668 pid: 242379 (default app)
*** uWSGI is running in multiple interpreter mode ***
spawned uWSGI master process (pid: 242379)
spawned uWSGI worker 1 (pid: 242384, cores: 1)
spawned uWSGI worker 2 (pid: 242385, cores: 1)
spawned uWSGI worker 3 (pid: 242386, cores: 1)
spawned uWSGI worker 4 (pid: 242387, cores: 1)
spawned uWSGI worker 5 (pid: 242388, cores: 1)
[pid: 242387|app: 0|req: 1/1] 161.111.139.36 () {68 vars in 1384 bytes} [Tue Mar 24 12:23:33 2026] GET / => generated 10275 bytes in 15 msecs (HTTP/1.1 200) 2 headers in 82 bytes (1 switches on core 0)
[pid: 242384|app: 0|req: 1/2] 161.111.139.36 () {68 vars in 1441 bytes} [Tue Mar 24 12:23:34 2026] GET /individual.html => generated 28374 bytes in 20 msecs (HTTP/1.1 200) 2 headers in 82 bytes (2 switches on core 0)
2026-03-24 12:24:51,772 INFO root uWSGIWorker5Core0 : JSON data saved successfully
[{'col_0': '-3.7019217', 'col_1': '36.6599702', 'col_2': '-3.5697645', 'col_3': '36.720856', 'col_4': '2024-08-03 01:31:00', 'col_5': '2024-08-03 03:00:00', 'col_6': 'ARGO', 'col_7': 'L002'}, {'col_0': '-3.551486', 'col_1': '36.6705138', 'col_2': '-3.5501397', 'col_3': '36.6713727', 'col_4': '2024-08-03 04:59:00', 'col_5': '2024-08-03 05:02:00', 'col_6': 'ARGO', 'col_7': 'LT-AUV1'}, {'col_0': '-3.5868423', 'col_1': '36.7109445', 'col_2': '-3.5867857', 'col_3': '36.7109808', 'col_4': '2024-08-03 07:01:00', 'col_5': '2024-08-03 11:09:00', 'col_6': 'ARGO', 'col_7': 'dive_01'}, {'col_0': '-3.7191012', 'col_1': '36.6849997', 'col_2': '-3.6176128', 'col_3': '36.7222328', 'col_4': '2024-08-03 14:07:00', 'col_5': '2024-08-03 16:17:00', 'col_6': 'AUV', 'col_7': 'L005'}, {'col_0': '-3.6145995', 'col_1': '36.6701305', 'col_2': '-3.5440332', 'col_3': '36.7007275', 'col_4': '2024-08-03 16:17:00', 'col_5': '2024-08-03 17:44:00', 'col_6': 'AUV', 'col_7': 'L006'}, {'col_0': '-3.586844', 'col_1': '36.706768', 'col_2': '-3.583015', 'col_3': '36.7109792', 'col_4': '2024-08-03 17:55:00', 'col_5': '2024-08-03 19:29:00', 'col_6': 'AUV', 'col_7': 'L007'}, {'col_0': '-4.417686', 'col_1': '36.7146003', 'col_2': '-4.4161068', 'col_3': '36.7173118', 'col_4': '2024-09-03 00:10:00', 'col_5': '2024-10-03 11:00:00', 'col_6': 'BOYA DERIVA', 'col_7': 'stay_at_Malaga_port'}, {'col_0': '-4.4176693', 'col_1': '36.7172965', 'col_2': '-4.4176672', 'col_3': '36.7173003', 'col_4': '2024-10-03 13:52:00', 'col_5': '2024-10-03 13:58:00', 'col_6': 'BOYA DERIVA', 'col_7': 'LT_07-08'}, {'col_0': '-4.4176778', 'col_1': '36.7172998', 'col_2': '-4.4176678', 'col_3': '36.7173045', 'col_4': '2024-10-03 14:30:00', 'col_5': '2024-10-03 15:00:00', 'col_6': 'BOYA DERIVA', 'col_7': 'L009'}, {'col_0': '-4.417677', 'col_1': '36.7172953', 'col_2': '-4.4176665', 'col_3': '36.7173027', 'col_4': '2024-10-03 15:05:00', 'col_5': '2024-10-03 16:18:00', 'col_6': 'CORER', 'col_7': 'L010'}, {'col_0': '-4.4176765', 'col_1': '36.7172893', 'col_2': '-4.417665', 'col_3': '36.7172973', 'col_4': '2024-10-03 16:29:00', 'col_5': '2024-10-03 17:42:00', 'col_6': 'CORER', 'col_7': 'L011'}, {'col_0': '-4.4176747', 'col_1': '36.7172892', 'col_2': '-4.4176635', 'col_3': '36.7173013', 'col_4': '2024-10-03 18:00:00', 'col_5': '2024-10-03 20:31:00', 'col_6': 'CORER', 'col_7': 'L012'}, {'col_0': '-4.4176733', 'col_1': '36.717288', 'col_2': '-4.417662', 'col_3': '36.7172975', 'col_4': '2024-10-03 20:50:00', 'col_5': '2024-10-03 21:36:00', 'col_6': 'CORER', 'col_7': 'L013'}, {'col_0': '-4.4176738', 'col_1': '36.7172932', 'col_2': '-4.417664', 'col_3': '36.7173007', 'col_4': '2024-10-03 21:48:00', 'col_5': '2024-10-03 22:31:00', 'col_6': 'CTD', 'col_7': 'L014'}, {'col_0': '-4.4176718', 'col_1': '36.7172933', 'col_2': '-4.417665', 'col_3': '36.7172975', 'col_4': '2024-10-03 22:35:00', 'col_5': '2024-10-03 22:41:00', 'col_6': 'CTD', 'col_7': 'LT_014-015'}, {'col_0': '-3.5642338', 'col_1': '36.705446', 'col_2': '-3.5641558', 'col_3': '36.7054872', 'col_4': '2024-11-03 08:15:00', 'col_5': '2024-11-03 11:15:00', 'col_6': 'CTD_ROS', 'col_7': 'dive_02'}, {'col_0': '-3.5313215', 'col_1': '36.6783115', 'col_2': '-3.4728573', 'col_3': '36.6809692', 'col_4': '2024-12-03 05:19:00', 'col_5': '2024-12-03 14:15:00', 'col_6': 'CTD_ROS', 'col_7': 'dive_03'}, {'col_0': '-3.472859', 'col_1': '36.6674517', 'col_2': '-3.472759', 'col_3': '36.6675517', 'col_4': '2024-12-03 20:08:00', 'col_5': '2024-12-03 20:08:00', 'col_6': 'CTD_ROS_LADCP', 'col_7': 'recovery_SMD_DV02_B01'}, {'col_0': '-3.4759133', 'col_1': '36.6471598', 'col_2': '-3.4758133', 'col_3': '36.6472598', 'col_4': '2024-12-03 22:13:00', 'col_5': '2024-12-03 22:13:00', 'col_6': 'CTD_ROS_LADCP', 'col_7': 'recovery_SMD_DV02_C02'}, {'col_0': '-3.4797508', 'col_1': '36.6387007', 'col_2': '-3.4796508', 'col_3': '36.6388007', 'col_4': '2024-12-03 22:46:00', 'col_5': '2024-12-03 22:46:00', 'col_6': 'CTD_ROS_LADCP', 'col_7': 'recovery_SMD_DV02_C03'}, {'col_0': '-3.4797465', 'col_1': '36.6386877', 'col_2': '-3.4796465', 'col_3': '36.6387877', 'col_4': '2024-12-03 23:14:00', 'col_5': '2024-12-03 23:14:00', 'col_6': 'CTD_ROS_LADCP', 'col_7': 'recovery_SMD_DV02_B02'}, {'col_0': '-3.4797492', 'col_1': '36.6386868', 'col_2': '-3.4796492', 'col_3': '36.6387868', 'col_4': '2024-12-03 23:23:00', 'col_5': '2024-12-03 23:23:00', 'col_6': 'CTD_ROS_LADCP', 'col_7': 'recovery_SMD_DV02_A01'}, {'col_0': '-3.4797398', 'col_1': '36.6386967', 'col_2': '-3.4796398', 'col_3': '36.6387967', 'col_4': '2024-12-03 23:59:00', 'col_5': '2024-12-03 23:59:00', 'col_6': 'CTD_ROS_LADCP', 'col_7': 'recovery_SMD_DV02_C04'}, {'col_0': '-3.4797508', 'col_1': '36.6387007', 'col_2': '-3.4796508', 'col_3': '36.6388007', 'col_4': '2024-12-03 22:46:00', 'col_5': '2024-12-03 22:46:00', 'col_6': 'CTD_ROS_LADCP', 'col_7': 'recovery_SMD_DV02_C03'}, {'col_0': '-3.4797465', 'col_1': '36.6386877', 'col_2': '-3.4796465', 'col_3': '36.6387877', 'col_4': '2024-12-03 23:14:00', 'col_5': '2024-12-03 23:14:00', 'col_6': 'CTD UNDULANTE', 'col_7': 'recovery_SMD_DV02_B02'}, {'col_0': '-3.4797492', 'col_1': '36.6386868', 'col_2': '-3.4796492', 'col_3': '36.6387868', 'col_4': '2024-12-03 23:23:00', 'col_5': '2024-12-03 23:23:00', 'col_6': 'CTD UNDULANTE', 'col_7': 'recovery_SMD_DV02_A01'}, {'col_0': '-3.4797398', 'col_1': '36.6386967', 'col_2': '-3.4796398', 'col_3': '36.6387967', 'col_4': '2024-12-03 23:59:00', 'col_5': '2024-12-03 23:59:00', 'col_6': 'DOPPLER', 'col_7': 'recovery_SMD_DV02_C04'}, {'col_0': '-3.4797508', 'col_1': '36.6387007', 'col_2': '-3.4796508', 'col_3': '36.6388007', 'col_4': '2024-12-03 22:46:00', 'col_5': '2024-12-03 22:46:00', 'col_6': 'DOPPLER', 'col_7': 'recovery_SMD_DV02_C03'}, {'col_0': '-3.4797465', 'col_1': '36.6386877', 'col_2': '-3.4796465', 'col_3': '36.6387877', 'col_4': '2024-12-03 23:14:00', 'col_5': '2024-12-03 23:14:00', 'col_6': 'DRAGA', 'col_7': 'recovery_SMD_DV02_B02'}, {'col_0': '-3.4797492', 'col_1': '36.6386868', 'col_2': '-3.4796492', 'col_3': '36.6387868', 'col_4': '2024-12-03 23:23:00', 'col_5': '2024-12-03 23:23:00', 'col_6': 'DRAGA', 'col_7': 'recovery_SMD_DV02_A01'}, {'col_0': '-3.4797465', 'col_1': '36.6386877', 'col_2': '-3.4796465', 'col_3': '36.6387877', 'col_4': '2024-12-03 23:14:00', 'col_5': '2024-12-03 23:14:00', 'col_6': 'DRE', 'col_7': 'recovery_SMD_DV02_B02'}, {'col_0': '-3.4797398', 'col_1': '36.6386967', 'col_2': '-3.4796398', 'col_3': '36.6387967', 'col_4': '2024-12-03 23:59:00', 'col_5': '2024-12-03 23:59:00', 'col_6': 'FFE', 'col_7': 'recovery_SMD_DV02_C04'}, {'col_0': '-3.4797398', 'col_1': '36.6386967', 'col_2': '-3.4796398', 'col_3': '36.6387967', 'col_4': '2024-12-03 23:59:00', 'col_5': '2024-12-03 23:59:00', 'col_6': 'FLUOROMETRO', 'col_7': 'recovery_SMD_DV02_C04'}, {'col_0': '-3.4797398', 'col_1': '36.6386967', 'col_2': '-3.4796398', 'col_3': '36.6387967', 'col_4': '2024-12-03 23:59:00', 'col_5': '2024-12-03 23:59:00', 'col_6': 'FLUOROMETRO', 'col_7': 'recovery_SMD_DV02_C04'}, {'col_0': '-3.4797465', 'col_1': '36.6386877', 'col_2': '-3.4796465', 'col_3': '36.6387877', 'col_4': '2024-12-03 23:14:00', 'col_5': '2024-12-03 23:14:00', 'col_6': 'GO-FLO', 'col_7': 'recovery_SMD_DV02_B02'}, {'col_0': '-3.4797398', 'col_1': '36.6386967', 'col_2': '-3.4796398', 'col_3': '36.6387967', 'col_4': '2024-12-03 23:59:00', 'col_5': '2024-12-03 23:59:00', 'col_6': 'GO-FLO', 'col_7': 'recovery_SMD_DV02_C04'}, {'col_0': '-3.4797398', 'col_1': '36.6386967', 'col_2': '-3.4796398', 'col_3': '36.6387967', 'col_4': '2024-12-03 23:59:00', 'col_5': '2024-12-03 23:59:00', 'col_6': 'GRAVIMETRO', 'col_7': 'recovery_SMD_DV02_C04'}, {'col_0': '-3.4797398', 'col_1': '36.6386967', 'col_2': '-3.4796398', 'col_3': '36.6387967', 'col_4': '2024-12-03 23:59:00', 'col_5': '2024-12-03 23:59:00', 'col_6': 'GRAVIMETRO', 'col_7': 'recovery_SMD_DV02_C04'}, {'col_0': '-3.4797398', 'col_1': '36.6386967', 'col_2': '-3.4796398', 'col_3': '36.6387967', 'col_4': '2024-12-03 23:59:00', 'col_5': '2024-12-03 23:59:00', 'col_6': 'GRAVIMETRO', 'col_7': 'recovery_SMD_DV02_C04'}, {'col_0': '-3.4797398', 'col_1': '36.6386967', 'col_2': '-3.4796398', 'col_3': '36.6387967', 'col_4': '2024-12-03 23:59:00', 'col_5': '2024-12-03 23:59:00', 'col_6': 'INSITUPUMPS', 'col_7': 'recovery_SMD_DV02_C04'}, {'col_0': '-3.4797398', 'col_1': '36.6386967', 'col_2': '-3.4796398', 'col_3': '36.6387967', 'col_4': '2024-12-03 23:59:00', 'col_5': '2024-12-03 23:59:00', 'col_6': 'INSITUPUMPS', 'col_7': 'recovery_SMD_DV02_C04'}, {'col_0': '-3.4797398', 'col_1': '36.6386967', 'col_2': '-3.4796398', 'col_3': '36.6387967', 'col_4': '2024-12-03 23:59:00', 'col_5': '2024-12-03 23:59:00', 'col_6': 'INSITUPUMPS', 'col_7': 'recovery_SMD_DV02_C04'}, {'col_0': '-3.4797398', 'col_1': '36.6386967', 'col_2': '-3.4796398', 'col_3': '36.6387967', 'col_4': '2024-12-03 23:59:00', 'col_5': '2024-12-03 23:59:00', 'col_6': 'INSITUPUMPS', 'col_7': 'recovery_SMD_DV02_C04'}, {'col_0': '-3.4797398', 'col_1': '36.6386967', 'col_2': '-3.4796398', 'col_3': '36.6387967', 'col_4': '2024-12-03 23:59:00', 'col_5': '2024-12-03 23:59:00', 'col_6': 'INSITUPUMPS', 'col_7': 'recovery_SMD_DV02_C04'}, {'col_0': '-3.4797398', 'col_1': '36.6386967', 'col_2': '-3.4796398', 'col_3': '36.6387967', 'col_4': '2024-12-03 23:59:00', 'col_5': '2024-12-03 23:59:00', 'col_6': 'LANDER', 'col_7': 'recovery_SMD_DV02_C04'}, {'col_0': '-3.4797398', 'col_1': '36.6386967', 'col_2': '-3.4796398', 'col_3': '36.6387967', 'col_4': '2024-12-03 23:59:00', 'col_5': '2024-12-03 23:59:00', 'col_6': 'LANDER', 'col_7': 'recovery_SMD_DV02_C04'}, {'col_0': '-3.4797398', 'col_1': '36.6386967', 'col_2': '-3.4796398', 'col_3': '36.6387967', 'col_4': '2024-12-03 23:59:00', 'col_5': '2024-12-03 23:59:00', 'col_6': 'LANDER', 'col_7': 'recovery_SMD_DV02_C04'}, {'col_0': '-3.4797398', 'col_1': '36.6386967', 'col_2': '-3.4796398', 'col_3': '36.6387967', 'col_4': '2024-12-03 23:59:00', 'col_5': '2024-12-03 23:59:00', 'col_6': 'LANDER', 'col_7': 'recovery_SMD_DV02_C04'}, {'col_0': '-3.4797398', 'col_1': '36.6386967', 'col_2': '-3.4796398', 'col_3': '36.6387967', 'col_4': '2024-12-03 23:59:00', 'col_5': '2024-12-03 23:59:00', 'col_6': 'MAGNETÓMETRO', 'col_7': 'recovery_SMD_DV02_C04'}, {'col_0': '-3.4797398', 'col_1': '36.6386967', 'col_2': '-3.4796398', 'col_3': '36.6387967', 'col_4': '2024-12-03 23:59:00', 'col_5': '2024-12-03 23:59:00', 'col_6': 'MAGNETÓMETRO', 'col_7': 'recovery_SMD_DV02_C04'}, {'col_0': '-3.4797398', 'col_1': '36.6386967', 'col_2': '-3.4796398', 'col_3': '36.6387967', 'col_4': '2024-12-03 23:59:00', 'col_5': '2024-12-03 23:59:00', 'col_6': 'MAGNETÓMETRO', 'col_7': 'recovery_SMD_DV02_C04'}, {'col_0': '-3.4797398', 'col_1': '36.6386967', 'col_2': '-3.4796398', 'col_3': '36.6387967', 'col_4': '2024-12-03 23:59:00', 'col_5': '2024-12-03 23:59:00', 'col_6': 'MAGNETÓMETRO', 'col_7': 'recovery_SMD_DV02_C04'}, {'col_0': '-3.4797398', 'col_1': '36.6386967', 'col_2': '-3.4796398', 'col_3': '36.6387967', 'col_4': '2024-12-03 23:59:00', 'col_5': '2024-12-03 23:59:00', 'col_6': 'MAGNETÓMETRO', 'col_7': 'recovery_SMD_DV02_C04'}, {'col_0': '-3.4797398', 'col_1': '36.6386967', 'col_2': '-3.4796398', 'col_3': '36.6387967', 'col_4': '2024-12-03 23:59:00', 'col_5': '2024-12-03 23:59:00', 'col_6': 'MARINE SNOW CATCHER', 'col_7': 'recovery_SMD_DV02_C04'}, {'col_0': '-3.4797398', 'col_1': '36.6386967', 'col_2': '-3.4796398', 'col_3': '36.6387967', 'col_4': '2024-12-03 23:59:00', 'col_5': '2024-12-03 23:59:00', 'col_6': 'MARINE SNOW CATCHER', 'col_7': 'recovery_SMD_DV02_C04'}, {'col_0': '-3.4797398', 'col_1': '36.6386967', 'col_2': '-3.4796398', 'col_3': '36.6387967', 'col_4': '2024-12-03 23:59:00', 'col_5': '2024-12-03 23:59:00', 'col_6': 'MOCNESS', 'col_7': 'recovery_SMD_DV02_C04'}, {'col_0': '-3.4797398', 'col_1': '36.6386967', 'col_2': '-3.4796398', 'col_3': '36.6387967', 'col_4': '2024-12-03 23:59:00', 'col_5': '2024-12-03 23:59:00', 'col_6': 'MOCNESS', 'col_7': 'recovery_SMD_DV02_C04'}, {'col_0': '-3.4797398', 'col_1': '36.6386967', 'col_2': '-3.4796398', 'col_3': '36.6387967', 'col_4': '2024-12-03 23:59:00', 'col_5': '2024-12-03 23:59:00', 'col_6': 'MOORING', 'col_7': 'recovery_SMD_DV02_C04'}, {'col_0': '-3.4797398', 'col_1': '36.6386967', 'col_2': '-3.4796398', 'col_3': '36.6387967', 'col_4': '2024-12-03 23:59:00', 'col_5': '2024-12-03 23:59:00', 'col_6': 'MOORING', 'col_7': 'recovery_SMD_DV02_C04'}, {'col_0': '-3.4797398', 'col_1': '36.6386967', 'col_2': '-3.4796398', 'col_3': '36.6387967', 'col_4': '2024-12-03 23:59:00', 'col_5': '2024-12-03 23:59:00', 'col_6': 'OBS', 'col_7': 'recovery_SMD_DV02_C04'}, {'col_0': '-3.4797398', 'col_1': '36.6386967', 'col_2': '-3.4796398', 'col_3': '36.6387967', 'col_4': '2024-12-03 23:59:00', 'col_5': '2024-12-03 23:59:00', 'col_6': 'OBS', 'col_7': 'recovery_SMD_DV02_C04'}, {'col_0': '-3.4797398', 'col_1': '36.6386967', 'col_2': '-3.4796398', 'col_3': '36.6387967', 'col_4': '2024-12-03 23:59:00', 'col_5': '2024-12-03 23:59:00', 'col_6': 'OBS', 'col_7': 'recovery_SMD_DV02_C04'}, {'col_0': '-3.4797398', 'col_1': '36.6386967', 'col_2': '-3.4796398', 'col_3': '36.6387967', 'col_4': '2024-12-03 23:59:00', 'col_5': '2024-12-03 23:59:00', 'col_6': 'PERFILADOR DE FONDO', 'col_7': 'recovery_SMD_DV02_C04'}, {'col_0': '-3.4797398', 'col_1': '36.6386967', 'col_2': '-3.4796398', 'col_3': '36.6387967', 'col_4': '2024-12-03 23:59:00', 'col_5': '2024-12-03 23:59:00', 'col_6': 'PIES', 'col_7': 'recovery_SMD_DV02_C04'}, {'col_0': '-3.4797398', 'col_1': '36.6386967', 'col_2': '-3.4796398', 'col_3': '36.6387967', 'col_4': '2024-12-03 23:59:00', 'col_5': '2024-12-03 23:59:00', 'col_6': 'PIES', 'col_7': 'recovery_SMD_DV02_C04'}, {'col_0': '-3.4797398', 'col_1': '36.6386967', 'col_2': '-3.4796398', 'col_3': '36.6387967', 'col_4': '2024-12-03 23:59:00', 'col_5': '2024-12-03 23:59:00', 'col_6': 'PIES', 'col_7': 'recovery_SMD_DV02_C04'}, {'col_0': '-3.4797398', 'col_1': '36.6386967', 'col_2': '-3.4796398', 'col_3': '36.6387967', 'col_4': '2024-12-03 23:59:00', 'col_5': '2024-12-03 23:59:00', 'col_6': 'PIES', 'col_7': 'recovery_SMD_DV02_C04'}, {'col_0': '-3.4797398', 'col_1': '36.6386967', 'col_2': '-3.4796398', 'col_3': '36.6387967', 'col_4': '2024-12-03 23:59:00', 'col_5': '2024-12-03 23:59:00', 'col_6': 'RED', 'col_7': 'recovery_SMD_DV02_C04'}, {'col_0': '-3.4797398', 'col_1': '36.6386967', 'col_2': '-3.4796398', 'col_3': '36.6387967', 'col_4': '2024-12-03 23:59:00', 'col_5': '2024-12-03 23:59:00', 'col_6': 'RED', 'col_7': 'recovery_SMD_DV02_C04'}, {'col_0': '-3.4797398', 'col_1': '36.6386967', 'col_2': '-3.4796398', 'col_3': '36.6387967', 'col_4': '2024-12-03 23:59:00', 'col_5': '2024-12-03 23:59:00', 'col_6': 'RED', 'col_7': 'recovery_SMD_DV02_C04'}, {'col_0': '-3.4797398', 'col_1': '36.6386967', 'col_2': '-3.4796398', 'col_3': '36.6387967', 'col_4': '2024-12-03 23:59:00', 'col_5': '2024-12-03 23:59:00', 'col_6': 'RADIOMETRO', 'col_7': 'recovery_SMD_DV02_C04'}, {'col_0': '-3.4797398', 'col_1': '36.6386967', 'col_2': '-3.4796398', 'col_3': '36.6387967', 'col_4': '2024-12-03 23:59:00', 'col_5': '2024-12-03 23:59:00', 'col_6': 'RADIOMETRO', 'col_7': 'recovery_SMD_DV02_C04'}, {'col_0': '-3.4797398', 'col_1': '36.6386967', 'col_2': '-3.4796398', 'col_3': '36.6387967', 'col_4': '2024-12-03 23:59:00', 'col_5': '2024-12-03 23:59:00', 'col_6': 'RADIOMETRO', 'col_7': 'recovery_SMD_DV02_C04'}, {'col_0': '-3.4797398', 'col_1': '36.6386967', 'col_2': '-3.4796398', 'col_3': '36.6387967', 'col_4': '2024-12-03 23:59:00', 'col_5': '2024-12-03 23:59:00', 'col_6': 'ROV', 'col_7': 'recovery_SMD_DV02_C04'}, {'col_0': '-3.4797398', 'col_1': '36.6386967', 'col_2': '-3.4796398', 'col_3': '36.6387967', 'col_4': '2024-12-03 23:59:00', 'col_5': '2024-12-03 23:59:00', 'col_6': 'ROV', 'col_7': 'recovery_SMD_DV02_C04'}, {'col_0': '-4.4176718', 'col_1': '36.7172933', 'col_2': '-4.417665', 'col_3': '36.7172975', 'col_4': '2024-10-03 22:35:00', 'col_5': '2024-10-03 22:41:00', 'col_6': 'SISMICA DE REFRACCION', 'col_7': 'LT_014-015'}, {'col_0': '-4.4176718', 'col_1': '36.7172933', 'col_2': '-4.417665', 'col_3': '36.7172975', 'col_4': '2024-10-03 22:35:00', 'col_5': '2024-10-03 22:41:00', 'col_6': 'SISMICA DE REFRACCION', 'col_7': 'LT_014-015'}, {'col_0': '-4.4176718', 'col_1': '36.7172933', 'col_2': '-4.417665', 'col_3': '36.7172975', 'col_4': '2024-10-03 22:35:00', 'col_5': '2024-10-03 22:41:00', 'col_6': 'SISMICA MULTICANAL', 'col_7': 'LT_014-015'}, {'col_0': '-4.4176718', 'col_1': '36.7172933', 'col_2': '-4.417665', 'col_3': '36.7172975', 'col_4': '2024-10-03 22:35:00', 'col_5': '2024-10-03 22:41:00', 'col_6': 'SISMICA MULTICANAL', 'col_7': 'LT_014-015'}, {'col_0': '-4.4176718', 'col_1': '36.7172933', 'col_2': '-4.417665', 'col_3': '36.7172975', 'col_4': '2024-10-03 22:35:00', 'col_5': '2024-10-03 22:41:00', 'col_6': 'SONAR DE BARRIDO LATERAL', 'col_7': 'LT_014-015'}, {'col_0': '-4.4176718', 'col_1': '36.7172933', 'col_2': '-4.417665', 'col_3': '36.7172975', 'col_4': '2024-10-03 22:35:00', 'col_5': '2024-10-03 22:41:00', 'col_6': 'SONAR DE BARRIDO LATERAL', 'col_7': 'LT_014-015'}, {'col_0': '-4.4176718', 'col_1': '36.7172933', 'col_2': '-4.417665', 'col_3': '36.7172975', 'col_4': '2024-10-03 22:35:00', 'col_5': '2024-10-03 22:41:00', 'col_6': 'SONDA BIOLOGICA', 'col_7': 'LT_014-015'}, {'col_0': '-4.4176718', 'col_1': '36.7172933', 'col_2': '-4.417665', 'col_3': '36.7172975', 'col_4': '2024-10-03 22:35:00', 'col_5': '2024-10-03 22:41:00', 'col_6': 'SONDA BIOLOGICA', 'col_7': 'LT_014-015'}, {'col_0': '-4.4176718', 'col_1': '36.7172933', 'col_2': '-4.417665', 'col_3': '36.7172975', 'col_4': '2024-10-03 22:35:00', 'col_5': '2024-10-03 22:41:00', 'col_6': 'SONDA BIOLOGICA', 'col_7': 'LT_014-015'}, {'col_0': '-3.4797465', 'col_1': '36.6386877', 'col_2': '-3.4796465', 'col_3': '36.6387877', 'col_4': '2024-12-03 23:14:00', 'col_5': '2024-12-03 23:14:00', 'col_6': 'SONDA MULTIHAZ', 'col_7': 'recovery_SMD_DV02_B02'}, {'col_0': '-3.4797465', 'col_1': '36.6386877', 'col_2': '-3.4796465', 'col_3': '36.6387877', 'col_4': '2024-12-03 23:14:00', 'col_5': '2024-12-03 23:14:00', 'col_6': 'SONDA MULTIHAZ', 'col_7': 'recovery_SMD_DV02_B02'}, {'col_0': '-3.4797465', 'col_1': '36.6386877', 'col_2': '-3.4796465', 'col_3': '36.6387877', 'col_4': '2024-12-03 23:14:00', 'col_5': '2024-12-03 23:14:00', 'col_6': 'SVP', 'col_7': 'recovery_SMD_DV02_B02'}, {'col_0': '-3.4797465', 'col_1': '36.6386877', 'col_2': '-3.4796465', 'col_3': '36.6387877', 'col_4': '2024-12-03 23:14:00', 'col_5': '2024-12-03 23:14:00', 'col_6': 'TRAMPA SEDIMENTO', 'col_7': 'recovery_SMD_DV02_B02'}, {'col_0': '-3.4797465', 'col_1': '36.6386877', 'col_2': '-3.4796465', 'col_3': '36.6387877', 'col_4': '2024-12-03 23:14:00', 'col_5': '2024-12-03 23:14:00', 'col_6': 'TRAMPA SEDIMENTO', 'col_7': 'recovery_SMD_DV02_B02'}, {'col_0': '-3.4797465', 'col_1': '36.6386877', 'col_2': '-3.4796465', 'col_3': '36.6387877', 'col_4': '2024-12-03 23:14:00', 'col_5': '2024-12-03 23:14:00', 'col_6': 'XBT', 'col_7': 'recovery_SMD_DV02_B02'}, {'col_0': '-3.4797465', 'col_1': '36.6386877', 'col_2': '-3.4796465', 'col_3': '36.6387877', 'col_4': '2024-12-03 23:14:00', 'col_5': '2024-12-03 23:14:00', 'col_6': 'XBT', 'col_7': 'recovery_SMD_DV02_B02'}, {'col_0': '-3.4797465', 'col_1': '36.6386877', 'col_2': '-3.4796465', 'col_3': '36.6387877', 'col_4': '2024-12-03 23:14:00', 'col_5': '2024-12-03 23:14:00', 'col_6': 'XSV', 'col_7': 'recovery_SMD_DV02_B02'}]
2026-03-24 12:24:51.773873
20260324122451773873
2026-03-24 12:24:51,773 INFO root uWSGIWorker5Core0 : name_csv: 20260324122451773873.csv
file path ------ ./static/csv/20260324122451773873.csv
         col_0       col_1  ...             col_6                  col_7
0   -3.7019217  36.6599702  ...              ARGO                   L002
1    -3.551486  36.6705138  ...              ARGO                LT-AUV1
2   -3.5868423  36.7109445  ...              ARGO                dive_01
3   -3.7191012  36.6849997  ...               AUV                   L005
4   -3.6145995  36.6701305  ...               AUV                   L006
..         ...         ...  ...               ...                    ...
87  -3.4797465  36.6386877  ...  TRAMPA SEDIMENTO  recovery_SMD_DV02_B02
88  -3.4797465  36.6386877  ...  TRAMPA SEDIMENTO  recovery_SMD_DV02_B02
89  -3.4797465  36.6386877  ...               XBT  recovery_SMD_DV02_B02
90  -3.4797465  36.6386877  ...               XBT  recovery_SMD_DV02_B02
91  -3.4797465  36.6386877  ...               XSV  recovery_SMD_DV02_B02

[92 rows x 8 columns]
columnes--- 8
2026-03-24 12:24:51,821 INFO root uWSGIWorker5Core0 : CSV processing completed successfully for ./static/csv/20260324122451773873.csv
2026-03-24 12:24:51,821 INFO root uWSGIWorker5Core0 : CSV data saved successfully
2026-03-24 12:24:51,821 INFO root uWSGIWorker5Core0 : CSV file processed and saved at: ./static/csv/20260324122451773873.csv
[pid: 242388|app: 0|req: 1/3] 161.111.139.36 () {70 vars in 1378 bytes} [Tue Mar 24 12:24:51 2026] POST /upload_json => generated 95 bytes in 60 msecs (HTTP/1.1 200) 2 headers in 71 bytes (1 switches on core 0)
2026-03-24 12:25:22,606 INFO root uWSGIWorker5Core0 : Found filename in logs: 20260324122451773873.csv
2026-03-24 12:25:22,606 INFO root uWSGIWorker5Core0 : Constructed ruta_csv: ./static/csv/20260324122451773873.csv
2026-03-24 12:25:22,609 INFO root uWSGIWorker5Core0 : Raw selects value received: CORER,CTD,CTD_ROS,CTD_ROS_LADCP,CTD UNDULANTE,DOPPLER,FLUOROMETRO,GRAVIMETRO,SONDA MULTIHAZ,SVP
2026-03-24 12:25:22,609 INFO root uWSGIWorker5Core0 : All request values: CombinedMultiDict([ImmutableMultiDict([]), ImmutableMultiDict([('vessel_input', 'sdg'), ('cdSelect', 'BURATO-1_LEG1'), ('cruise_name', 'DESAFIO-2'), ('cruise_id', '29SG20240306'), ('date_inicial', '2026-03-01'), ('date_final', '2026-03-24'), ('selects', 'CORER,CTD,CTD_ROS,CTD_ROS_LADCP,CTD UNDULANTE,DOPPLER,FLUOROMETRO,GRAVIMETRO,SONDA MULTIHAZ,SVP'), ('organizacion', 'https://edmo.seadatanet.org/report/2150')])])
2026-03-24 12:25:22,609 INFO root uWSGIWorker5Core0 : Parsed instruments: ['CORER', 'CTD', 'CTD_ROS', 'CTD_ROS_LADCP', 'CTD UNDULANTE', 'DOPPLER', 'FLUOROMETRO', 'GRAVIMETRO', 'SONDA MULTIHAZ', 'SVP']
2026-03-24 12:25:22,609 INFO root uWSGIWorker5Core0 : Processing with selects: ['CORER', 'CTD', 'CTD_ROS', 'CTD_ROS_LADCP', 'CTD UNDULANTE', 'DOPPLER', 'FLUOROMETRO', 'GRAVIMETRO', 'SONDA MULTIHAZ', 'SVP']
date inicial:----------------- 01/03/2026 00:00:00
2026-03-24 12:25:22,609 INFO root uWSGIWorker5Core0 : Starting grabar_individual with selects: ['CORER', 'CTD', 'CTD_ROS', 'CTD_ROS_LADCP', 'CTD UNDULANTE', 'DOPPLER', 'FLUOROMETRO', 'GRAVIMETRO', 'SONDA MULTIHAZ', 'SVP']
2026-03-24 12:25:22,610 INFO root uWSGIWorker5Core0 : ruta_csv: ./static/csv/20260324122451773873.csv
No hay select de ARGO
No hay select de AUV
no hi ha select de BOYA DERIVA
BURATO-1_LEG1
2026-03-24 12:25:22,616 DEBUG urllib3.connectionpool uWSGIWorker5Core0 : Starting new HTTP connection (1): datahub.utm.csic.es:80
2026-03-24 12:25:22,647 DEBUG urllib3.connectionpool uWSGIWorker5Core0 : http://datahub.utm.csic.es:80 "GET /cdigen/static/csrCodeList.xml HTTP/1.1" 301 265
2026-03-24 12:25:22,650 DEBUG urllib3.connectionpool uWSGIWorker5Core0 : Starting new HTTPS connection (1): datahub.utm.csic.es:443
/home/utm/cdigen/venv/lib/python3.12/site-packages/urllib3/connectionpool.py:1097: InsecureRequestWarning: Unverified HTTPS request is being made to host 'datahub.utm.csic.es'. Adding certificate verification is strongly advised. See: https://urllib3.readthedocs.io/en/latest/advanced-usage.html#tls-warnings
  warnings.warn(
2026-03-24 12:25:22,754 DEBUG urllib3.connectionpool uWSGIWorker5Core0 : https://datahub.utm.csic.es:443 "GET /cdigen/static/csrCodeList.xml HTTP/1.1" 200 None
CSR ID: 20116353
CSR Description: BURATO-1_LEG1 - Sarmiento de Gamboa(29AH)
Organization URI: https://edmo.seadatanet.org/report/2150
Organization Name: Polytechnic University of Catalonia (UPC-SARTI)
Notation: 2150
Telephone: N/A
Alternative Name: UPC-SARTI
Street: Rambla de l'Exposició, nº 24, Vilanova i la Geltrú
Postal Code: N/A
Locality: N/A
Country: N/A
Web: N/A
Email: sdn-userdesk@seadatanet.org
2026-03-24 12:25:24,518 INFO root uWSGIWorker5Core0 : Created folder '29SG20240306'
2026-03-24 12:25:24,519 INFO root uWSGIWorker5Core0 : Created CDI file: 29SG20240306_cdi.xml
✓ Updated country (1st occurrence)
✓ Updated country (2nd occurrence)
✓ Updated email (1st occurrence)
✓ Updated email (2nd occurrence)
2026-03-24 12:25:24,531 INFO root uWSGIWorker5Core0 : Successfully processed general sense sensor XML for cruise 29SG20240306
http://datahub.utm.csic.es/ws/getBBox/?id=sdg20240306
2026-03-24 12:25:25,003 DEBUG urllib3.connectionpool uWSGIWorker5Core0 : Starting new HTTP connection (1): datahub.utm.csic.es:80
2026-03-24 12:25:25,019 DEBUG urllib3.connectionpool uWSGIWorker5Core0 : http://datahub.utm.csic.es:80 "GET /ws/getBBox/?id=sdg20240306 HTTP/1.1" 301 262
2026-03-24 12:25:25,020 DEBUG urllib3.connectionpool uWSGIWorker5Core0 : Starting new HTTPS connection (1): datahub.utm.csic.es:443
2026-03-24 12:25:25,109 DEBUG urllib3.connectionpool uWSGIWorker5Core0 : https://datahub.utm.csic.es:443 "GET /ws/getBBox/?id=sdg20240306 HTTP/1.1" 200 49
4
Generados COR's
BURATO-1_LEG1
2026-03-24 12:25:25,131 DEBUG urllib3.connectionpool uWSGIWorker5Core0 : Starting new HTTP connection (1): datahub.utm.csic.es:80
2026-03-24 12:25:25,149 DEBUG urllib3.connectionpool uWSGIWorker5Core0 : http://datahub.utm.csic.es:80 "GET /cdigen/static/csrCodeList.xml HTTP/1.1" 301 265
2026-03-24 12:25:25,150 DEBUG urllib3.connectionpool uWSGIWorker5Core0 : Starting new HTTPS connection (1): datahub.utm.csic.es:443
/home/utm/cdigen/venv/lib/python3.12/site-packages/urllib3/connectionpool.py:1097: InsecureRequestWarning: Unverified HTTPS request is being made to host 'datahub.utm.csic.es'. Adding certificate verification is strongly advised. See: https://urllib3.readthedocs.io/en/latest/advanced-usage.html#tls-warnings
  warnings.warn(
2026-03-24 12:25:25,225 DEBUG urllib3.connectionpool uWSGIWorker5Core0 : https://datahub.utm.csic.es:443 "GET /cdigen/static/csrCodeList.xml HTTP/1.1" 200 None
CSR ID: 20116353
CSR Description: BURATO-1_LEG1 - Sarmiento de Gamboa(29AH)
Organization URI: https://edmo.seadatanet.org/report/2150
Organization Name: Polytechnic University of Catalonia (UPC-SARTI)
Notation: 2150
Telephone: N/A
Alternative Name: UPC-SARTI
Street: Rambla de l'Exposició, nº 24, Vilanova i la Geltrú
Postal Code: N/A
Locality: N/A
Country: N/A
Web: N/A
Email: sdn-userdesk@seadatanet.org
2026-03-24 12:25:26,898 INFO root uWSGIWorker5Core0 : Folder '29SG20240306' already exists
2026-03-24 12:25:26,899 INFO root uWSGIWorker5Core0 : Created CDI file: 29SG20240306_cdi.xml
✓ Updated country (1st occurrence)
✓ Updated country (2nd occurrence)
✓ Updated email (1st occurrence)
✓ Updated email (2nd occurrence)
fet generalweb----------------
http://datahub.utm.csic.es/ws/getBBox/?id=sdg20240306
2026-03-24 12:25:27,420 DEBUG urllib3.connectionpool uWSGIWorker5Core0 : Starting new HTTP connection (1): datahub.utm.csic.es:80
2026-03-24 12:25:27,438 DEBUG urllib3.connectionpool uWSGIWorker5Core0 : http://datahub.utm.csic.es:80 "GET /ws/getBBox/?id=sdg20240306 HTTP/1.1" 301 262
2026-03-24 12:25:27,439 DEBUG urllib3.connectionpool uWSGIWorker5Core0 : Starting new HTTPS connection (1): datahub.utm.csic.es:443
2026-03-24 12:25:27,528 DEBUG urllib3.connectionpool uWSGIWorker5Core0 : https://datahub.utm.csic.es:443 "GET /ws/getBBox/?id=sdg20240306 HTTP/1.1" 200 49
2
 Generados CTD's
BURATO-1_LEG1
2026-03-24 12:25:27,548 DEBUG urllib3.connectionpool uWSGIWorker5Core0 : Starting new HTTP connection (1): datahub.utm.csic.es:80
2026-03-24 12:25:27,564 DEBUG urllib3.connectionpool uWSGIWorker5Core0 : http://datahub.utm.csic.es:80 "GET /cdigen/static/csrCodeList.xml HTTP/1.1" 301 265
2026-03-24 12:25:27,566 DEBUG urllib3.connectionpool uWSGIWorker5Core0 : Starting new HTTPS connection (1): datahub.utm.csic.es:443
/home/utm/cdigen/venv/lib/python3.12/site-packages/urllib3/connectionpool.py:1097: InsecureRequestWarning: Unverified HTTPS request is being made to host 'datahub.utm.csic.es'. Adding certificate verification is strongly advised. See: https://urllib3.readthedocs.io/en/latest/advanced-usage.html#tls-warnings
  warnings.warn(
2026-03-24 12:25:27,641 DEBUG urllib3.connectionpool uWSGIWorker5Core0 : https://datahub.utm.csic.es:443 "GET /cdigen/static/csrCodeList.xml HTTP/1.1" 200 None
CSR ID: 20116353
CSR Description: BURATO-1_LEG1 - Sarmiento de Gamboa(29AH)
Organization URI: https://edmo.seadatanet.org/report/2150
Organization Name: Polytechnic University of Catalonia (UPC-SARTI)
Notation: 2150
Telephone: N/A
Alternative Name: UPC-SARTI
Street: Rambla de l'Exposició, nº 24, Vilanova i la Geltrú
Postal Code: N/A
Locality: N/A
Country: N/A
Web: N/A
Email: sdn-userdesk@seadatanet.org
2026-03-24 12:25:29,111 INFO root uWSGIWorker5Core0 : Folder '29SG20240306' already exists
2026-03-24 12:25:29,112 INFO root uWSGIWorker5Core0 : Created CDI file: 29SG20240306_cdi.xml
✓ Updated country (1st occurrence)
✓ Updated country (2nd occurrence)
✓ Updated email (1st occurrence)
✓ Updated email (2nd occurrence)
fet generalweb----------------
http://datahub.utm.csic.es/ws/getBBox/?id=sdg20240306
2026-03-24 12:25:29,579 DEBUG urllib3.connectionpool uWSGIWorker5Core0 : Starting new HTTP connection (1): datahub.utm.csic.es:80
2026-03-24 12:25:29,595 DEBUG urllib3.connectionpool uWSGIWorker5Core0 : http://datahub.utm.csic.es:80 "GET /ws/getBBox/?id=sdg20240306 HTTP/1.1" 301 262
2026-03-24 12:25:29,596 DEBUG urllib3.connectionpool uWSGIWorker5Core0 : Starting new HTTPS connection (1): datahub.utm.csic.es:443
2026-03-24 12:25:29,679 DEBUG urllib3.connectionpool uWSGIWorker5Core0 : https://datahub.utm.csic.es:443 "GET /ws/getBBox/?id=sdg20240306 HTTP/1.1" 200 49
2
 Generados CTD_ROS
BURATO-1_LEG1
2026-03-24 12:25:29,701 DEBUG urllib3.connectionpool uWSGIWorker5Core0 : Starting new HTTP connection (1): datahub.utm.csic.es:80
2026-03-24 12:25:29,717 DEBUG urllib3.connectionpool uWSGIWorker5Core0 : http://datahub.utm.csic.es:80 "GET /cdigen/static/csrCodeList.xml HTTP/1.1" 301 265
2026-03-24 12:25:29,718 DEBUG urllib3.connectionpool uWSGIWorker5Core0 : Starting new HTTPS connection (1): datahub.utm.csic.es:443
/home/utm/cdigen/venv/lib/python3.12/site-packages/urllib3/connectionpool.py:1097: InsecureRequestWarning: Unverified HTTPS request is being made to host 'datahub.utm.csic.es'. Adding certificate verification is strongly advised. See: https://urllib3.readthedocs.io/en/latest/advanced-usage.html#tls-warnings
  warnings.warn(
2026-03-24 12:25:29,795 DEBUG urllib3.connectionpool uWSGIWorker5Core0 : https://datahub.utm.csic.es:443 "GET /cdigen/static/csrCodeList.xml HTTP/1.1" 200 None
CSR ID: 20116353
CSR Description: BURATO-1_LEG1 - Sarmiento de Gamboa(29AH)
Organization URI: https://edmo.seadatanet.org/report/2150
Organization Name: Polytechnic University of Catalonia (UPC-SARTI)
Notation: 2150
Telephone: N/A
Alternative Name: UPC-SARTI
Street: Rambla de l'Exposició, nº 24, Vilanova i la Geltrú
Postal Code: N/A
Locality: N/A
Country: N/A
Web: N/A
Email: sdn-userdesk@seadatanet.org
2026-03-24 12:25:31,381 INFO root uWSGIWorker5Core0 : Folder '29SG20240306' already exists
2026-03-24 12:25:31,381 INFO root uWSGIWorker5Core0 : Created CDI file: 29SG20240306_cdi.xml
✓ Updated country (1st occurrence)
✓ Updated country (2nd occurrence)
✓ Updated email (1st occurrence)
✓ Updated email (2nd occurrence)
fet generalweb----------------
http://datahub.utm.csic.es/ws/getBBox/?id=sdg20240306
2026-03-24 12:25:31,881 DEBUG urllib3.connectionpool uWSGIWorker5Core0 : Starting new HTTP connection (1): datahub.utm.csic.es:80
2026-03-24 12:25:31,897 DEBUG urllib3.connectionpool uWSGIWorker5Core0 : http://datahub.utm.csic.es:80 "GET /ws/getBBox/?id=sdg20240306 HTTP/1.1" 301 262
2026-03-24 12:25:31,898 DEBUG urllib3.connectionpool uWSGIWorker5Core0 : Starting new HTTPS connection (1): datahub.utm.csic.es:443
2026-03-24 12:25:31,980 DEBUG urllib3.connectionpool uWSGIWorker5Core0 : https://datahub.utm.csic.es:443 "GET /ws/getBBox/?id=sdg20240306 HTTP/1.1" 200 49
7
Generados ctd_ros_ladcp
BURATO-1_LEG1
2026-03-24 12:25:32,002 DEBUG urllib3.connectionpool uWSGIWorker5Core0 : Starting new HTTP connection (1): datahub.utm.csic.es:80
2026-03-24 12:25:32,017 DEBUG urllib3.connectionpool uWSGIWorker5Core0 : http://datahub.utm.csic.es:80 "GET /cdigen/static/csrCodeList.xml HTTP/1.1" 301 265
2026-03-24 12:25:32,018 DEBUG urllib3.connectionpool uWSGIWorker5Core0 : Starting new HTTPS connection (1): datahub.utm.csic.es:443
/home/utm/cdigen/venv/lib/python3.12/site-packages/urllib3/connectionpool.py:1097: InsecureRequestWarning: Unverified HTTPS request is being made to host 'datahub.utm.csic.es'. Adding certificate verification is strongly advised. See: https://urllib3.readthedocs.io/en/latest/advanced-usage.html#tls-warnings
  warnings.warn(
2026-03-24 12:25:32,090 DEBUG urllib3.connectionpool uWSGIWorker5Core0 : https://datahub.utm.csic.es:443 "GET /cdigen/static/csrCodeList.xml HTTP/1.1" 200 None
CSR ID: 20116353
CSR Description: BURATO-1_LEG1 - Sarmiento de Gamboa(29AH)
Organization URI: https://edmo.seadatanet.org/report/2150
Organization Name: Polytechnic University of Catalonia (UPC-SARTI)
Notation: 2150
Telephone: N/A
Alternative Name: UPC-SARTI
Street: Rambla de l'Exposició, nº 24, Vilanova i la Geltrú
Postal Code: N/A
Locality: N/A
Country: N/A
Web: N/A
Email: sdn-userdesk@seadatanet.org
2026-03-24 12:25:33,567 INFO root uWSGIWorker5Core0 : Folder '29SG20240306' already exists
2026-03-24 12:25:33,568 INFO root uWSGIWorker5Core0 : Created CDI file: 29SG20240306_cdi.xml
✓ Updated country (1st occurrence)
✓ Updated country (2nd occurrence)
✓ Updated email (1st occurrence)
✓ Updated email (2nd occurrence)
2026-03-24 12:25:33,580 INFO root uWSGIWorker5Core0 : Successfully processed general sense sensor XML for cruise 29SG20240306
http://datahub.utm.csic.es/ws/getBBox/?id=sdg20240306
2026-03-24 12:25:34,062 DEBUG urllib3.connectionpool uWSGIWorker5Core0 : Starting new HTTP connection (1): datahub.utm.csic.es:80
2026-03-24 12:25:34,077 DEBUG urllib3.connectionpool uWSGIWorker5Core0 : http://datahub.utm.csic.es:80 "GET /ws/getBBox/?id=sdg20240306 HTTP/1.1" 301 262
2026-03-24 12:25:34,078 DEBUG urllib3.connectionpool uWSGIWorker5Core0 : Starting new HTTPS connection (1): datahub.utm.csic.es:443
2026-03-24 12:25:34,161 DEBUG urllib3.connectionpool uWSGIWorker5Core0 : https://datahub.utm.csic.es:443 "GET /ws/getBBox/?id=sdg20240306 HTTP/1.1" 200 49
2026-03-24 12:25:34,169 ERROR root uWSGIWorker5Core0 : Error in grabar_individual: cannot access local variable 'text' where it is not associated with a value
2026-03-24 12:25:34,169 ERROR root uWSGIWorker5Core0 : Error in download_step1: cannot access local variable 'text' where it is not associated with a value
[pid: 242388|app: 0|req: 2/4] 161.111.139.36 () {76 vars in 1644 bytes} [Tue Mar 24 12:25:22 2026] POST /download_step1 => generated 88 bytes in 11569 msecs (HTTP/1.1 500) 2 headers in 90 bytes (1 switches on core 0)
[pid: 242386|app: 0|req: 1/5] 161.111.139.36 () {68 vars in 1391 bytes} [Tue Mar 24 12:28:56 2026] GET / => generated 10275 bytes in 11 msecs (HTTP/1.1 200) 2 headers in 82 bytes (1 switches on core 0)
[pid: 242387|app: 0|req: 2/6] 161.111.139.36 () {68 vars in 1441 bytes} [Tue Mar 24 12:28:58 2026] GET /individual.html => generated 28374 bytes in 10 msecs (HTTP/1.1 200) 2 headers in 82 bytes (1 switches on core 0)
2026-03-24 12:29:24,135 INFO root uWSGIWorker3Core0 : JSON data saved successfully
[{'col_0': '-3.7019217', 'col_1': '36.6599702', 'col_2': '-3.5697645', 'col_3': '36.720856', 'col_4': '2024-08-03 01:31:00', 'col_5': '2024-08-03 03:00:00', 'col_6': 'ARGO', 'col_7': 'L002'}, {'col_0': '-3.551486', 'col_1': '36.6705138', 'col_2': '-3.5501397', 'col_3': '36.6713727', 'col_4': '2024-08-03 04:59:00', 'col_5': '2024-08-03 05:02:00', 'col_6': 'ARGO', 'col_7': 'LT-AUV1'}, {'col_0': '-3.5868423', 'col_1': '36.7109445', 'col_2': '-3.5867857', 'col_3': '36.7109808', 'col_4': '2024-08-03 07:01:00', 'col_5': '2024-08-03 11:09:00', 'col_6': 'ARGO', 'col_7': 'dive_01'}, {'col_0': '-3.7191012', 'col_1': '36.6849997', 'col_2': '-3.6176128', 'col_3': '36.7222328', 'col_4': '2024-08-03 14:07:00', 'col_5': '2024-08-03 16:17:00', 'col_6': 'AUV', 'col_7': 'L005'}, {'col_0': '-3.6145995', 'col_1': '36.6701305', 'col_2': '-3.5440332', 'col_3': '36.7007275', 'col_4': '2024-08-03 16:17:00', 'col_5': '2024-08-03 17:44:00', 'col_6': 'AUV', 'col_7': 'L006'}, {'col_0': '-3.586844', 'col_1': '36.706768', 'col_2': '-3.583015', 'col_3': '36.7109792', 'col_4': '2024-08-03 17:55:00', 'col_5': '2024-08-03 19:29:00', 'col_6': 'AUV', 'col_7': 'L007'}, {'col_0': '-4.417686', 'col_1': '36.7146003', 'col_2': '-4.4161068', 'col_3': '36.7173118', 'col_4': '2024-09-03 00:10:00', 'col_5': '2024-10-03 11:00:00', 'col_6': 'BOYA DERIVA', 'col_7': 'stay_at_Malaga_port'}, {'col_0': '-4.4176693', 'col_1': '36.7172965', 'col_2': '-4.4176672', 'col_3': '36.7173003', 'col_4': '2024-10-03 13:52:00', 'col_5': '2024-10-03 13:58:00', 'col_6': 'BOYA DERIVA', 'col_7': 'LT_07-08'}, {'col_0': '-4.4176778', 'col_1': '36.7172998', 'col_2': '-4.4176678', 'col_3': '36.7173045', 'col_4': '2024-10-03 14:30:00', 'col_5': '2024-10-03 15:00:00', 'col_6': 'BOYA DERIVA', 'col_7': 'L009'}, {'col_0': '-4.417677', 'col_1': '36.7172953', 'col_2': '-4.4176665', 'col_3': '36.7173027', 'col_4': '2024-10-03 15:05:00', 'col_5': '2024-10-03 16:18:00', 'col_6': 'CORER', 'col_7': 'L010'}, {'col_0': '-4.4176765', 'col_1': '36.7172893', 'col_2': '-4.417665', 'col_3': '36.7172973', 'col_4': '2024-10-03 16:29:00', 'col_5': '2024-10-03 17:42:00', 'col_6': 'CORER', 'col_7': 'L011'}, {'col_0': '-4.4176747', 'col_1': '36.7172892', 'col_2': '-4.4176635', 'col_3': '36.7173013', 'col_4': '2024-10-03 18:00:00', 'col_5': '2024-10-03 20:31:00', 'col_6': 'CORER', 'col_7': 'L012'}, {'col_0': '-4.4176733', 'col_1': '36.717288', 'col_2': '-4.417662', 'col_3': '36.7172975', 'col_4': '2024-10-03 20:50:00', 'col_5': '2024-10-03 21:36:00', 'col_6': 'CORER', 'col_7': 'L013'}, {'col_0': '-4.4176738', 'col_1': '36.7172932', 'col_2': '-4.417664', 'col_3': '36.7173007', 'col_4': '2024-10-03 21:48:00', 'col_5': '2024-10-03 22:31:00', 'col_6': 'CTD', 'col_7': 'L014'}, {'col_0': '-4.4176718', 'col_1': '36.7172933', 'col_2': '-4.417665', 'col_3': '36.7172975', 'col_4': '2024-10-03 22:35:00', 'col_5': '2024-10-03 22:41:00', 'col_6': 'CTD', 'col_7': 'LT_014-015'}, {'col_0': '-3.5642338', 'col_1': '36.705446', 'col_2': '-3.5641558', 'col_3': '36.7054872', 'col_4': '2024-11-03 08:15:00', 'col_5': '2024-11-03 11:15:00', 'col_6': 'CTD_ROS', 'col_7': 'dive_02'}, {'col_0': '-3.5313215', 'col_1': '36.6783115', 'col_2': '-3.4728573', 'col_3': '36.6809692', 'col_4': '2024-12-03 05:19:00', 'col_5': '2024-12-03 14:15:00', 'col_6': 'CTD_ROS', 'col_7': 'dive_03'}, {'col_0': '-3.472859', 'col_1': '36.6674517', 'col_2': '-3.472759', 'col_3': '36.6675517', 'col_4': '2024-12-03 20:08:00', 'col_5': '2024-12-03 20:08:00', 'col_6': 'CTD_ROS_LADCP', 'col_7': 'recovery_SMD_DV02_B01'}, {'col_0': '-3.4759133', 'col_1': '36.6471598', 'col_2': '-3.4758133', 'col_3': '36.6472598', 'col_4': '2024-12-03 22:13:00', 'col_5': '2024-12-03 22:13:00', 'col_6': 'CTD_ROS_LADCP', 'col_7': 'recovery_SMD_DV02_C02'}, {'col_0': '-3.4797508', 'col_1': '36.6387007', 'col_2': '-3.4796508', 'col_3': '36.6388007', 'col_4': '2024-12-03 22:46:00', 'col_5': '2024-12-03 22:46:00', 'col_6': 'CTD_ROS_LADCP', 'col_7': 'recovery_SMD_DV02_C03'}, {'col_0': '-3.4797465', 'col_1': '36.6386877', 'col_2': '-3.4796465', 'col_3': '36.6387877', 'col_4': '2024-12-03 23:14:00', 'col_5': '2024-12-03 23:14:00', 'col_6': 'CTD_ROS_LADCP', 'col_7': 'recovery_SMD_DV02_B02'}, {'col_0': '-3.4797492', 'col_1': '36.6386868', 'col_2': '-3.4796492', 'col_3': '36.6387868', 'col_4': '2024-12-03 23:23:00', 'col_5': '2024-12-03 23:23:00', 'col_6': 'CTD_ROS_LADCP', 'col_7': 'recovery_SMD_DV02_A01'}, {'col_0': '-3.4797398', 'col_1': '36.6386967', 'col_2': '-3.4796398', 'col_3': '36.6387967', 'col_4': '2024-12-03 23:59:00', 'col_5': '2024-12-03 23:59:00', 'col_6': 'CTD_ROS_LADCP', 'col_7': 'recovery_SMD_DV02_C04'}, {'col_0': '-3.4797508', 'col_1': '36.6387007', 'col_2': '-3.4796508', 'col_3': '36.6388007', 'col_4': '2024-12-03 22:46:00', 'col_5': '2024-12-03 22:46:00', 'col_6': 'CTD_ROS_LADCP', 'col_7': 'recovery_SMD_DV02_C03'}, {'col_0': '-3.4797465', 'col_1': '36.6386877', 'col_2': '-3.4796465', 'col_3': '36.6387877', 'col_4': '2024-12-03 23:14:00', 'col_5': '2024-12-03 23:14:00', 'col_6': 'CTD UNDULANTE', 'col_7': 'recovery_SMD_DV02_B02'}, {'col_0': '-3.4797492', 'col_1': '36.6386868', 'col_2': '-3.4796492', 'col_3': '36.6387868', 'col_4': '2024-12-03 23:23:00', 'col_5': '2024-12-03 23:23:00', 'col_6': 'CTD UNDULANTE', 'col_7': 'recovery_SMD_DV02_A01'}, {'col_0': '-3.4797398', 'col_1': '36.6386967', 'col_2': '-3.4796398', 'col_3': '36.6387967', 'col_4': '2024-12-03 23:59:00', 'col_5': '2024-12-03 23:59:00', 'col_6': 'DOPPLER', 'col_7': 'recovery_SMD_DV02_C04'}, {'col_0': '-3.4797508', 'col_1': '36.6387007', 'col_2': '-3.4796508', 'col_3': '36.6388007', 'col_4': '2024-12-03 22:46:00', 'col_5': '2024-12-03 22:46:00', 'col_6': 'DOPPLER', 'col_7': 'recovery_SMD_DV02_C03'}, {'col_0': '-3.4797465', 'col_1': '36.6386877', 'col_2': '-3.4796465', 'col_3': '36.6387877', 'col_4': '2024-12-03 23:14:00', 'col_5': '2024-12-03 23:14:00', 'col_6': 'DRAGA', 'col_7': 'recovery_SMD_DV02_B02'}, {'col_0': '-3.4797492', 'col_1': '36.6386868', 'col_2': '-3.4796492', 'col_3': '36.6387868', 'col_4': '2024-12-03 23:23:00', 'col_5': '2024-12-03 23:23:00', 'col_6': 'DRAGA', 'col_7': 'recovery_SMD_DV02_A01'}, {'col_0': '-3.4797465', 'col_1': '36.6386877', 'col_2': '-3.4796465', 'col_3': '36.6387877', 'col_4': '2024-12-03 23:14:00', 'col_5': '2024-12-03 23:14:00', 'col_6': 'DRE', 'col_7': 'recovery_SMD_DV02_B02'}, {'col_0': '-3.4797398', 'col_1': '36.6386967', 'col_2': '-3.4796398', 'col_3': '36.6387967', 'col_4': '2024-12-03 23:59:00', 'col_5': '2024-12-03 23:59:00', 'col_6': 'FFE', 'col_7': 'recovery_SMD_DV02_C04'}, {'col_0': '-3.4797398', 'col_1': '36.6386967', 'col_2': '-3.4796398', 'col_3': '36.6387967', 'col_4': '2024-12-03 23:59:00', 'col_5': '2024-12-03 23:59:00', 'col_6': 'FLUOROMETRO', 'col_7': 'recovery_SMD_DV02_C04'}, {'col_0': '-3.4797398', 'col_1': '36.6386967', 'col_2': '-3.4796398', 'col_3': '36.6387967', 'col_4': '2024-12-03 23:59:00', 'col_5': '2024-12-03 23:59:00', 'col_6': 'FLUOROMETRO', 'col_7': 'recovery_SMD_DV02_C04'}, {'col_0': '-3.4797465', 'col_1': '36.6386877', 'col_2': '-3.4796465', 'col_3': '36.6387877', 'col_4': '2024-12-03 23:14:00', 'col_5': '2024-12-03 23:14:00', 'col_6': 'GO-FLO', 'col_7': 'recovery_SMD_DV02_B02'}, {'col_0': '-3.4797398', 'col_1': '36.6386967', 'col_2': '-3.4796398', 'col_3': '36.6387967', 'col_4': '2024-12-03 23:59:00', 'col_5': '2024-12-03 23:59:00', 'col_6': 'GO-FLO', 'col_7': 'recovery_SMD_DV02_C04'}, {'col_0': '-3.4797398', 'col_1': '36.6386967', 'col_2': '-3.4796398', 'col_3': '36.6387967', 'col_4': '2024-12-03 23:59:00', 'col_5': '2024-12-03 23:59:00', 'col_6': 'GRAVIMETRO', 'col_7': 'recovery_SMD_DV02_C04'}, {'col_0': '-3.4797398', 'col_1': '36.6386967', 'col_2': '-3.4796398', 'col_3': '36.6387967', 'col_4': '2024-12-03 23:59:00', 'col_5': '2024-12-03 23:59:00', 'col_6': 'GRAVIMETRO', 'col_7': 'recovery_SMD_DV02_C04'}, {'col_0': '-3.4797398', 'col_1': '36.6386967', 'col_2': '-3.4796398', 'col_3': '36.6387967', 'col_4': '2024-12-03 23:59:00', 'col_5': '2024-12-03 23:59:00', 'col_6': 'GRAVIMETRO', 'col_7': 'recovery_SMD_DV02_C04'}, {'col_0': '-3.4797398', 'col_1': '36.6386967', 'col_2': '-3.4796398', 'col_3': '36.6387967', 'col_4': '2024-12-03 23:59:00', 'col_5': '2024-12-03 23:59:00', 'col_6': 'INSITUPUMPS', 'col_7': 'recovery_SMD_DV02_C04'}, {'col_0': '-3.4797398', 'col_1': '36.6386967', 'col_2': '-3.4796398', 'col_3': '36.6387967', 'col_4': '2024-12-03 23:59:00', 'col_5': '2024-12-03 23:59:00', 'col_6': 'INSITUPUMPS', 'col_7': 'recovery_SMD_DV02_C04'}, {'col_0': '-3.4797398', 'col_1': '36.6386967', 'col_2': '-3.4796398', 'col_3': '36.6387967', 'col_4': '2024-12-03 23:59:00', 'col_5': '2024-12-03 23:59:00', 'col_6': 'INSITUPUMPS', 'col_7': 'recovery_SMD_DV02_C04'}, {'col_0': '-3.4797398', 'col_1': '36.6386967', 'col_2': '-3.4796398', 'col_3': '36.6387967', 'col_4': '2024-12-03 23:59:00', 'col_5': '2024-12-03 23:59:00', 'col_6': 'INSITUPUMPS', 'col_7': 'recovery_SMD_DV02_C04'}, {'col_0': '-3.4797398', 'col_1': '36.6386967', 'col_2': '-3.4796398', 'col_3': '36.6387967', 'col_4': '2024-12-03 23:59:00', 'col_5': '2024-12-03 23:59:00', 'col_6': 'INSITUPUMPS', 'col_7': 'recovery_SMD_DV02_C04'}, {'col_0': '-3.4797398', 'col_1': '36.6386967', 'col_2': '-3.4796398', 'col_3': '36.6387967', 'col_4': '2024-12-03 23:59:00', 'col_5': '2024-12-03 23:59:00', 'col_6': 'LANDER', 'col_7': 'recovery_SMD_DV02_C04'}, {'col_0': '-3.4797398', 'col_1': '36.6386967', 'col_2': '-3.4796398', 'col_3': '36.6387967', 'col_4': '2024-12-03 23:59:00', 'col_5': '2024-12-03 23:59:00', 'col_6': 'LANDER', 'col_7': 'recovery_SMD_DV02_C04'}, {'col_0': '-3.4797398', 'col_1': '36.6386967', 'col_2': '-3.4796398', 'col_3': '36.6387967', 'col_4': '2024-12-03 23:59:00', 'col_5': '2024-12-03 23:59:00', 'col_6': 'LANDER', 'col_7': 'recovery_SMD_DV02_C04'}, {'col_0': '-3.4797398', 'col_1': '36.6386967', 'col_2': '-3.4796398', 'col_3': '36.6387967', 'col_4': '2024-12-03 23:59:00', 'col_5': '2024-12-03 23:59:00', 'col_6': 'LANDER', 'col_7': 'recovery_SMD_DV02_C04'}, {'col_0': '-3.4797398', 'col_1': '36.6386967', 'col_2': '-3.4796398', 'col_3': '36.6387967', 'col_4': '2024-12-03 23:59:00', 'col_5': '2024-12-03 23:59:00', 'col_6': 'MAGNETÓMETRO', 'col_7': 'recovery_SMD_DV02_C04'}, {'col_0': '-3.4797398', 'col_1': '36.6386967', 'col_2': '-3.4796398', 'col_3': '36.6387967', 'col_4': '2024-12-03 23:59:00', 'col_5': '2024-12-03 23:59:00', 'col_6': 'MAGNETÓMETRO', 'col_7': 'recovery_SMD_DV02_C04'}, {'col_0': '-3.4797398', 'col_1': '36.6386967', 'col_2': '-3.4796398', 'col_3': '36.6387967', 'col_4': '2024-12-03 23:59:00', 'col_5': '2024-12-03 23:59:00', 'col_6': 'MAGNETÓMETRO', 'col_7': 'recovery_SMD_DV02_C04'}, {'col_0': '-3.4797398', 'col_1': '36.6386967', 'col_2': '-3.4796398', 'col_3': '36.6387967', 'col_4': '2024-12-03 23:59:00', 'col_5': '2024-12-03 23:59:00', 'col_6': 'MAGNETÓMETRO', 'col_7': 'recovery_SMD_DV02_C04'}, {'col_0': '-3.4797398', 'col_1': '36.6386967', 'col_2': '-3.4796398', 'col_3': '36.6387967', 'col_4': '2024-12-03 23:59:00', 'col_5': '2024-12-03 23:59:00', 'col_6': 'MAGNETÓMETRO', 'col_7': 'recovery_SMD_DV02_C04'}, {'col_0': '-3.4797398', 'col_1': '36.6386967', 'col_2': '-3.4796398', 'col_3': '36.6387967', 'col_4': '2024-12-03 23:59:00', 'col_5': '2024-12-03 23:59:00', 'col_6': 'MARINE SNOW CATCHER', 'col_7': 'recovery_SMD_DV02_C04'}, {'col_0': '-3.4797398', 'col_1': '36.6386967', 'col_2': '-3.4796398', 'col_3': '36.6387967', 'col_4': '2024-12-03 23:59:00', 'col_5': '2024-12-03 23:59:00', 'col_6': 'MARINE SNOW CATCHER', 'col_7': 'recovery_SMD_DV02_C04'}, {'col_0': '-3.4797398', 'col_1': '36.6386967', 'col_2': '-3.4796398', 'col_3': '36.6387967', 'col_4': '2024-12-03 23:59:00', 'col_5': '2024-12-03 23:59:00', 'col_6': 'MOCNESS', 'col_7': 'recovery_SMD_DV02_C04'}, {'col_0': '-3.4797398', 'col_1': '36.6386967', 'col_2': '-3.4796398', 'col_3': '36.6387967', 'col_4': '2024-12-03 23:59:00', 'col_5': '2024-12-03 23:59:00', 'col_6': 'MOCNESS', 'col_7': 'recovery_SMD_DV02_C04'}, {'col_0': '-3.4797398', 'col_1': '36.6386967', 'col_2': '-3.4796398', 'col_3': '36.6387967', 'col_4': '2024-12-03 23:59:00', 'col_5': '2024-12-03 23:59:00', 'col_6': 'MOORING', 'col_7': 'recovery_SMD_DV02_C04'}, {'col_0': '-3.4797398', 'col_1': '36.6386967', 'col_2': '-3.4796398', 'col_3': '36.6387967', 'col_4': '2024-12-03 23:59:00', 'col_5': '2024-12-03 23:59:00', 'col_6': 'MOORING', 'col_7': 'recovery_SMD_DV02_C04'}, {'col_0': '-3.4797398', 'col_1': '36.6386967', 'col_2': '-3.4796398', 'col_3': '36.6387967', 'col_4': '2024-12-03 23:59:00', 'col_5': '2024-12-03 23:59:00', 'col_6': 'OBS', 'col_7': 'recovery_SMD_DV02_C04'}, {'col_0': '-3.4797398', 'col_1': '36.6386967', 'col_2': '-3.4796398', 'col_3': '36.6387967', 'col_4': '2024-12-03 23:59:00', 'col_5': '2024-12-03 23:59:00', 'col_6': 'OBS', 'col_7': 'recovery_SMD_DV02_C04'}, {'col_0': '-3.4797398', 'col_1': '36.6386967', 'col_2': '-3.4796398', 'col_3': '36.6387967', 'col_4': '2024-12-03 23:59:00', 'col_5': '2024-12-03 23:59:00', 'col_6': 'OBS', 'col_7': 'recovery_SMD_DV02_C04'}, {'col_0': '-3.4797398', 'col_1': '36.6386967', 'col_2': '-3.4796398', 'col_3': '36.6387967', 'col_4': '2024-12-03 23:59:00', 'col_5': '2024-12-03 23:59:00', 'col_6': 'PERFILADOR DE FONDO', 'col_7': 'recovery_SMD_DV02_C04'}, {'col_0': '-3.4797398', 'col_1': '36.6386967', 'col_2': '-3.4796398', 'col_3': '36.6387967', 'col_4': '2024-12-03 23:59:00', 'col_5': '2024-12-03 23:59:00', 'col_6': 'PIES', 'col_7': 'recovery_SMD_DV02_C04'}, {'col_0': '-3.4797398', 'col_1': '36.6386967', 'col_2': '-3.4796398', 'col_3': '36.6387967', 'col_4': '2024-12-03 23:59:00', 'col_5': '2024-12-03 23:59:00', 'col_6': 'PIES', 'col_7': 'recovery_SMD_DV02_C04'}, {'col_0': '-3.4797398', 'col_1': '36.6386967', 'col_2': '-3.4796398', 'col_3': '36.6387967', 'col_4': '2024-12-03 23:59:00', 'col_5': '2024-12-03 23:59:00', 'col_6': 'PIES', 'col_7': 'recovery_SMD_DV02_C04'}, {'col_0': '-3.4797398', 'col_1': '36.6386967', 'col_2': '-3.4796398', 'col_3': '36.6387967', 'col_4': '2024-12-03 23:59:00', 'col_5': '2024-12-03 23:59:00', 'col_6': 'PIES', 'col_7': 'recovery_SMD_DV02_C04'}, {'col_0': '-3.4797398', 'col_1': '36.6386967', 'col_2': '-3.4796398', 'col_3': '36.6387967', 'col_4': '2024-12-03 23:59:00', 'col_5': '2024-12-03 23:59:00', 'col_6': 'RED', 'col_7': 'recovery_SMD_DV02_C04'}, {'col_0': '-3.4797398', 'col_1': '36.6386967', 'col_2': '-3.4796398', 'col_3': '36.6387967', 'col_4': '2024-12-03 23:59:00', 'col_5': '2024-12-03 23:59:00', 'col_6': 'RED', 'col_7': 'recovery_SMD_DV02_C04'}, {'col_0': '-3.4797398', 'col_1': '36.6386967', 'col_2': '-3.4796398', 'col_3': '36.6387967', 'col_4': '2024-12-03 23:59:00', 'col_5': '2024-12-03 23:59:00', 'col_6': 'RED', 'col_7': 'recovery_SMD_DV02_C04'}, {'col_0': '-3.4797398', 'col_1': '36.6386967', 'col_2': '-3.4796398', 'col_3': '36.6387967', 'col_4': '2024-12-03 23:59:00', 'col_5': '2024-12-03 23:59:00', 'col_6': 'RADIOMETRO', 'col_7': 'recovery_SMD_DV02_C04'}, {'col_0': '-3.4797398', 'col_1': '36.6386967', 'col_2': '-3.4796398', 'col_3': '36.6387967', 'col_4': '2024-12-03 23:59:00', 'col_5': '2024-12-03 23:59:00', 'col_6': 'RADIOMETRO', 'col_7': 'recovery_SMD_DV02_C04'}, {'col_0': '-3.4797398', 'col_1': '36.6386967', 'col_2': '-3.4796398', 'col_3': '36.6387967', 'col_4': '2024-12-03 23:59:00', 'col_5': '2024-12-03 23:59:00', 'col_6': 'RADIOMETRO', 'col_7': 'recovery_SMD_DV02_C04'}, {'col_0': '-3.4797398', 'col_1': '36.6386967', 'col_2': '-3.4796398', 'col_3': '36.6387967', 'col_4': '2024-12-03 23:59:00', 'col_5': '2024-12-03 23:59:00', 'col_6': 'ROV', 'col_7': 'recovery_SMD_DV02_C04'}, {'col_0': '-3.4797398', 'col_1': '36.6386967', 'col_2': '-3.4796398', 'col_3': '36.6387967', 'col_4': '2024-12-03 23:59:00', 'col_5': '2024-12-03 23:59:00', 'col_6': 'ROV', 'col_7': 'recovery_SMD_DV02_C04'}, {'col_0': '-4.4176718', 'col_1': '36.7172933', 'col_2': '-4.417665', 'col_3': '36.7172975', 'col_4': '2024-10-03 22:35:00', 'col_5': '2024-10-03 22:41:00', 'col_6': 'SISMICA DE REFRACCION', 'col_7': 'LT_014-015'}, {'col_0': '-4.4176718', 'col_1': '36.7172933', 'col_2': '-4.417665', 'col_3': '36.7172975', 'col_4': '2024-10-03 22:35:00', 'col_5': '2024-10-03 22:41:00', 'col_6': 'SISMICA DE REFRACCION', 'col_7': 'LT_014-015'}, {'col_0': '-4.4176718', 'col_1': '36.7172933', 'col_2': '-4.417665', 'col_3': '36.7172975', 'col_4': '2024-10-03 22:35:00', 'col_5': '2024-10-03 22:41:00', 'col_6': 'SISMICA MULTICANAL', 'col_7': 'LT_014-015'}, {'col_0': '-4.4176718', 'col_1': '36.7172933', 'col_2': '-4.417665', 'col_3': '36.7172975', 'col_4': '2024-10-03 22:35:00', 'col_5': '2024-10-03 22:41:00', 'col_6': 'SISMICA MULTICANAL', 'col_7': 'LT_014-015'}, {'col_0': '-4.4176718', 'col_1': '36.7172933', 'col_2': '-4.417665', 'col_3': '36.7172975', 'col_4': '2024-10-03 22:35:00', 'col_5': '2024-10-03 22:41:00', 'col_6': 'SONAR DE BARRIDO LATERAL', 'col_7': 'LT_014-015'}, {'col_0': '-4.4176718', 'col_1': '36.7172933', 'col_2': '-4.417665', 'col_3': '36.7172975', 'col_4': '2024-10-03 22:35:00', 'col_5': '2024-10-03 22:41:00', 'col_6': 'SONAR DE BARRIDO LATERAL', 'col_7': 'LT_014-015'}, {'col_0': '-4.4176718', 'col_1': '36.7172933', 'col_2': '-4.417665', 'col_3': '36.7172975', 'col_4': '2024-10-03 22:35:00', 'col_5': '2024-10-03 22:41:00', 'col_6': 'SONDA BIOLOGICA', 'col_7': 'LT_014-015'}, {'col_0': '-4.4176718', 'col_1': '36.7172933', 'col_2': '-4.417665', 'col_3': '36.7172975', 'col_4': '2024-10-03 22:35:00', 'col_5': '2024-10-03 22:41:00', 'col_6': 'SONDA BIOLOGICA', 'col_7': 'LT_014-015'}, {'col_0': '-4.4176718', 'col_1': '36.7172933', 'col_2': '-4.417665', 'col_3': '36.7172975', 'col_4': '2024-10-03 22:35:00', 'col_5': '2024-10-03 22:41:00', 'col_6': 'SONDA BIOLOGICA', 'col_7': 'LT_014-015'}, {'col_0': '-3.4797465', 'col_1': '36.6386877', 'col_2': '-3.4796465', 'col_3': '36.6387877', 'col_4': '2024-12-03 23:14:00', 'col_5': '2024-12-03 23:14:00', 'col_6': 'SONDA MULTIHAZ', 'col_7': 'recovery_SMD_DV02_B02'}, {'col_0': '-3.4797465', 'col_1': '36.6386877', 'col_2': '-3.4796465', 'col_3': '36.6387877', 'col_4': '2024-12-03 23:14:00', 'col_5': '2024-12-03 23:14:00', 'col_6': 'SONDA MULTIHAZ', 'col_7': 'recovery_SMD_DV02_B02'}, {'col_0': '-3.4797465', 'col_1': '36.6386877', 'col_2': '-3.4796465', 'col_3': '36.6387877', 'col_4': '2024-12-03 23:14:00', 'col_5': '2024-12-03 23:14:00', 'col_6': 'SVP', 'col_7': 'recovery_SMD_DV02_B02'}, {'col_0': '-3.4797465', 'col_1': '36.6386877', 'col_2': '-3.4796465', 'col_3': '36.6387877', 'col_4': '2024-12-03 23:14:00', 'col_5': '2024-12-03 23:14:00', 'col_6': 'TRAMPA SEDIMENTO', 'col_7': 'recovery_SMD_DV02_B02'}, {'col_0': '-3.4797465', 'col_1': '36.6386877', 'col_2': '-3.4796465', 'col_3': '36.6387877', 'col_4': '2024-12-03 23:14:00', 'col_5': '2024-12-03 23:14:00', 'col_6': 'TRAMPA SEDIMENTO', 'col_7': 'recovery_SMD_DV02_B02'}, {'col_0': '-3.4797465', 'col_1': '36.6386877', 'col_2': '-3.4796465', 'col_3': '36.6387877', 'col_4': '2024-12-03 23:14:00', 'col_5': '2024-12-03 23:14:00', 'col_6': 'XBT', 'col_7': 'recovery_SMD_DV02_B02'}, {'col_0': '-3.4797465', 'col_1': '36.6386877', 'col_2': '-3.4796465', 'col_3': '36.6387877', 'col_4': '2024-12-03 23:14:00', 'col_5': '2024-12-03 23:14:00', 'col_6': 'XBT', 'col_7': 'recovery_SMD_DV02_B02'}, {'col_0': '-3.4797465', 'col_1': '36.6386877', 'col_2': '-3.4796465', 'col_3': '36.6387877', 'col_4': '2024-12-03 23:14:00', 'col_5': '2024-12-03 23:14:00', 'col_6': 'XSV', 'col_7': 'recovery_SMD_DV02_B02'}]
2026-03-24 12:29:24.136641
20260324122924136641
2026-03-24 12:29:24,136 INFO root uWSGIWorker3Core0 : name_csv: 20260324122924136641.csv
file path ------ ./static/csv/20260324122924136641.csv
         col_0       col_1  ...             col_6                  col_7
0   -3.7019217  36.6599702  ...              ARGO                   L002
1    -3.551486  36.6705138  ...              ARGO                LT-AUV1
2   -3.5868423  36.7109445  ...              ARGO                dive_01
3   -3.7191012  36.6849997  ...               AUV                   L005
4   -3.6145995  36.6701305  ...               AUV                   L006
..         ...         ...  ...               ...                    ...
87  -3.4797465  36.6386877  ...  TRAMPA SEDIMENTO  recovery_SMD_DV02_B02
88  -3.4797465  36.6386877  ...  TRAMPA SEDIMENTO  recovery_SMD_DV02_B02
89  -3.4797465  36.6386877  ...               XBT  recovery_SMD_DV02_B02
90  -3.4797465  36.6386877  ...               XBT  recovery_SMD_DV02_B02
91  -3.4797465  36.6386877  ...               XSV  recovery_SMD_DV02_B02

[92 rows x 8 columns]
columnes--- 8
2026-03-24 12:29:24,177 INFO root uWSGIWorker3Core0 : CSV processing completed successfully for ./static/csv/20260324122924136641.csv
2026-03-24 12:29:24,177 INFO root uWSGIWorker3Core0 : CSV data saved successfully
2026-03-24 12:29:24,177 INFO root uWSGIWorker3Core0 : CSV file processed and saved at: ./static/csv/20260324122924136641.csv
[pid: 242386|app: 0|req: 2/7] 161.111.139.36 () {70 vars in 1378 bytes} [Tue Mar 24 12:29:24 2026] POST /upload_json => generated 95 bytes in 45 msecs (HTTP/1.1 200) 2 headers in 71 bytes (1 switches on core 0)
2026-03-24 12:30:28,322 INFO root uWSGIWorker1Core0 : Found filename in logs: 20260324122924136641.csv
2026-03-24 12:30:28,323 INFO root uWSGIWorker1Core0 : Constructed ruta_csv: ./static/csv/20260324122924136641.csv
2026-03-24 12:30:28,325 INFO root uWSGIWorker1Core0 : Raw selects value received: ARGO,CORER,CTD,SONDA MULTIHAZ
2026-03-24 12:30:28,325 INFO root uWSGIWorker1Core0 : All request values: CombinedMultiDict([ImmutableMultiDict([]), ImmutableMultiDict([('vessel_input', 'hes'), ('cdSelect', 'EUROLEON'), ('cruise_name', 'DESAFIO-2'), ('cruise_id', '29HE20230103'), ('date_inicial', '2026-03-03'), ('date_final', '2026-03-24'), ('selects', 'ARGO,CORER,CTD,SONDA MULTIHAZ'), ('organizacion', 'https://edmo.seadatanet.org/report/2150')])])
2026-03-24 12:30:28,325 INFO root uWSGIWorker1Core0 : Parsed instruments: ['ARGO', 'CORER', 'CTD', 'SONDA MULTIHAZ']
2026-03-24 12:30:28,326 INFO root uWSGIWorker1Core0 : Processing with selects: ['ARGO', 'CORER', 'CTD', 'SONDA MULTIHAZ']
date inicial:----------------- 03/03/2026 00:00:00
2026-03-24 12:30:28,326 INFO root uWSGIWorker1Core0 : Starting grabar_individual with selects: ['ARGO', 'CORER', 'CTD', 'SONDA MULTIHAZ']
2026-03-24 12:30:28,326 INFO root uWSGIWorker1Core0 : ruta_csv: ./static/csv/20260324122924136641.csv
EUROLEON
2026-03-24 12:30:28,334 DEBUG urllib3.connectionpool uWSGIWorker1Core0 : Starting new HTTP connection (1): datahub.utm.csic.es:80
2026-03-24 12:30:28,356 DEBUG urllib3.connectionpool uWSGIWorker1Core0 : http://datahub.utm.csic.es:80 "GET /cdigen/static/csrCodeList.xml HTTP/1.1" 301 265
2026-03-24 12:30:28,358 DEBUG urllib3.connectionpool uWSGIWorker1Core0 : Starting new HTTPS connection (1): datahub.utm.csic.es:443
/home/utm/cdigen/venv/lib/python3.12/site-packages/urllib3/connectionpool.py:1097: InsecureRequestWarning: Unverified HTTPS request is being made to host 'datahub.utm.csic.es'. Adding certificate verification is strongly advised. See: https://urllib3.readthedocs.io/en/latest/advanced-usage.html#tls-warnings
  warnings.warn(
2026-03-24 12:30:28,448 DEBUG urllib3.connectionpool uWSGIWorker1Core0 : https://datahub.utm.csic.es:443 "GET /cdigen/static/csrCodeList.xml HTTP/1.1" 200 None
CSR ID: 20126131
CSR Description: EUROLEON - Hesperides(29HE)
Organization URI: https://edmo.seadatanet.org/report/2150
Organization Name: Polytechnic University of Catalonia (UPC-SARTI)
Notation: 2150
Telephone: N/A
Alternative Name: UPC-SARTI
Street: Rambla de l'Exposició, nº 24, Vilanova i la Geltrú
Postal Code: N/A
Locality: N/A
Country: N/A
Web: N/A
Email: sdn-userdesk@seadatanet.org
2026-03-24 12:30:30,443 INFO root uWSGIWorker1Core0 : Created folder '29HE20230103'
2026-03-24 12:30:30,443 INFO root uWSGIWorker1Core0 : Created CDI file: 29HE20230103_cdi.xml
✓ Updated country (1st occurrence)
✓ Updated country (2nd occurrence)
✓ Updated email (1st occurrence)
✓ Updated email (2nd occurrence)
2026-03-24 12:30:30,456 INFO root uWSGIWorker1Core0 : Successfully processed general sense sensor XML for cruise 29HE20230103
http://datahub.utm.csic.es/ws/getBBox/?id=hes20230103
2026-03-24 12:30:30,915 DEBUG urllib3.connectionpool uWSGIWorker1Core0 : Starting new HTTP connection (1): datahub.utm.csic.es:80
2026-03-24 12:30:30,945 DEBUG urllib3.connectionpool uWSGIWorker1Core0 : http://datahub.utm.csic.es:80 "GET /ws/getBBox/?id=hes20230103 HTTP/1.1" 301 262
2026-03-24 12:30:30,947 DEBUG urllib3.connectionpool uWSGIWorker1Core0 : Starting new HTTPS connection (1): datahub.utm.csic.es:443
2026-03-24 12:30:31,047 DEBUG urllib3.connectionpool uWSGIWorker1Core0 : https://datahub.utm.csic.es:443 "GET /ws/getBBox/?id=hes20230103 HTTP/1.1" 200 53
3
Generados ARGO's
No hay select de AUV
no hi ha select de BOYA DERIVA
EUROLEON
2026-03-24 12:30:31,070 DEBUG urllib3.connectionpool uWSGIWorker1Core0 : Starting new HTTP connection (1): datahub.utm.csic.es:80
2026-03-24 12:30:31,088 DEBUG urllib3.connectionpool uWSGIWorker1Core0 : http://datahub.utm.csic.es:80 "GET /cdigen/static/csrCodeList.xml HTTP/1.1" 301 265
2026-03-24 12:30:31,089 DEBUG urllib3.connectionpool uWSGIWorker1Core0 : Starting new HTTPS connection (1): datahub.utm.csic.es:443
/home/utm/cdigen/venv/lib/python3.12/site-packages/urllib3/connectionpool.py:1097: InsecureRequestWarning: Unverified HTTPS request is being made to host 'datahub.utm.csic.es'. Adding certificate verification is strongly advised. See: https://urllib3.readthedocs.io/en/latest/advanced-usage.html#tls-warnings
  warnings.warn(
2026-03-24 12:30:31,142 DEBUG urllib3.connectionpool uWSGIWorker1Core0 : https://datahub.utm.csic.es:443 "GET /cdigen/static/csrCodeList.xml HTTP/1.1" 200 None
CSR ID: 20126131
CSR Description: EUROLEON - Hesperides(29HE)
Organization URI: https://edmo.seadatanet.org/report/2150
Organization Name: Polytechnic University of Catalonia (UPC-SARTI)
Notation: 2150
Telephone: N/A
Alternative Name: UPC-SARTI
Street: Rambla de l'Exposició, nº 24, Vilanova i la Geltrú
Postal Code: N/A
Locality: N/A
Country: N/A
Web: N/A
Email: sdn-userdesk@seadatanet.org
2026-03-24 12:30:32,697 INFO root uWSGIWorker1Core0 : Folder '29HE20230103' already exists
2026-03-24 12:30:32,698 INFO root uWSGIWorker1Core0 : Created CDI file: 29HE20230103_cdi.xml
✓ Updated country (1st occurrence)
✓ Updated country (2nd occurrence)
✓ Updated email (1st occurrence)
✓ Updated email (2nd occurrence)
2026-03-24 12:30:32,710 INFO root uWSGIWorker1Core0 : Successfully processed general sense sensor XML for cruise 29HE20230103
http://datahub.utm.csic.es/ws/getBBox/?id=hes20230103
2026-03-24 12:30:33,190 DEBUG urllib3.connectionpool uWSGIWorker1Core0 : Starting new HTTP connection (1): datahub.utm.csic.es:80
2026-03-24 12:30:33,205 DEBUG urllib3.connectionpool uWSGIWorker1Core0 : http://datahub.utm.csic.es:80 "GET /ws/getBBox/?id=hes20230103 HTTP/1.1" 301 262
2026-03-24 12:30:33,207 DEBUG urllib3.connectionpool uWSGIWorker1Core0 : Starting new HTTPS connection (1): datahub.utm.csic.es:443
2026-03-24 12:30:33,295 DEBUG urllib3.connectionpool uWSGIWorker1Core0 : https://datahub.utm.csic.es:443 "GET /ws/getBBox/?id=hes20230103 HTTP/1.1" 200 53
4
Generados COR's
EUROLEON
2026-03-24 12:30:33,317 DEBUG urllib3.connectionpool uWSGIWorker1Core0 : Starting new HTTP connection (1): datahub.utm.csic.es:80
2026-03-24 12:30:33,333 DEBUG urllib3.connectionpool uWSGIWorker1Core0 : http://datahub.utm.csic.es:80 "GET /cdigen/static/csrCodeList.xml HTTP/1.1" 301 265
2026-03-24 12:30:33,334 DEBUG urllib3.connectionpool uWSGIWorker1Core0 : Starting new HTTPS connection (1): datahub.utm.csic.es:443
/home/utm/cdigen/venv/lib/python3.12/site-packages/urllib3/connectionpool.py:1097: InsecureRequestWarning: Unverified HTTPS request is being made to host 'datahub.utm.csic.es'. Adding certificate verification is strongly advised. See: https://urllib3.readthedocs.io/en/latest/advanced-usage.html#tls-warnings
  warnings.warn(
2026-03-24 12:30:33,406 DEBUG urllib3.connectionpool uWSGIWorker1Core0 : https://datahub.utm.csic.es:443 "GET /cdigen/static/csrCodeList.xml HTTP/1.1" 200 None
CSR ID: 20126131
CSR Description: EUROLEON - Hesperides(29HE)
Organization URI: https://edmo.seadatanet.org/report/2150
Organization Name: Polytechnic University of Catalonia (UPC-SARTI)
Notation: 2150
Telephone: N/A
Alternative Name: UPC-SARTI
Street: Rambla de l'Exposició, nº 24, Vilanova i la Geltrú
Postal Code: N/A
Locality: N/A
Country: N/A
Web: N/A
Email: sdn-userdesk@seadatanet.org
2026-03-24 12:30:34,823 INFO root uWSGIWorker1Core0 : Folder '29HE20230103' already exists
2026-03-24 12:30:34,823 INFO root uWSGIWorker1Core0 : Created CDI file: 29HE20230103_cdi.xml
✓ Updated country (1st occurrence)
✓ Updated country (2nd occurrence)
✓ Updated email (1st occurrence)
✓ Updated email (2nd occurrence)
fet generalweb----------------
http://datahub.utm.csic.es/ws/getBBox/?id=hes20230103
2026-03-24 12:30:35,319 DEBUG urllib3.connectionpool uWSGIWorker1Core0 : Starting new HTTP connection (1): datahub.utm.csic.es:80
2026-03-24 12:30:35,337 DEBUG urllib3.connectionpool uWSGIWorker1Core0 : http://datahub.utm.csic.es:80 "GET /ws/getBBox/?id=hes20230103 HTTP/1.1" 301 262
2026-03-24 12:30:35,338 DEBUG urllib3.connectionpool uWSGIWorker1Core0 : Starting new HTTPS connection (1): datahub.utm.csic.es:443
2026-03-24 12:30:35,430 DEBUG urllib3.connectionpool uWSGIWorker1Core0 : https://datahub.utm.csic.es:443 "GET /ws/getBBox/?id=hes20230103 HTTP/1.1" 200 53
2
 Generados CTD's
no hi ha select de CTD_ROS
no hay select de CTD_ROS_LADCP
no hay select de CTD_UND
No hay select de ADCP
no hay select de DRE
No hay select de  FLU
no hi ha select de GO-FLO
No nay select de FFE
No hay select de GRV
No hay select de ISP
No hay select de MAG
2026-03-24 12:30:35,452 DEBUG urllib3.connectionpool uWSGIWorker1Core0 : Starting new HTTP connection (1): datahub.utm.csic.es:80
2026-03-24 12:30:35,468 DEBUG urllib3.connectionpool uWSGIWorker1Core0 : http://datahub.utm.csic.es:80 "GET /cdigen/static/csrCodeList.xml HTTP/1.1" 301 265
2026-03-24 12:30:35,469 DEBUG urllib3.connectionpool uWSGIWorker1Core0 : Starting new HTTPS connection (1): datahub.utm.csic.es:443
/home/utm/cdigen/venv/lib/python3.12/site-packages/urllib3/connectionpool.py:1097: InsecureRequestWarning: Unverified HTTPS request is being made to host 'datahub.utm.csic.es'. Adding certificate verification is strongly advised. See: https://urllib3.readthedocs.io/en/latest/advanced-usage.html#tls-warnings
  warnings.warn(
2026-03-24 12:30:35,544 DEBUG urllib3.connectionpool uWSGIWorker1Core0 : https://datahub.utm.csic.es:443 "GET /cdigen/static/csrCodeList.xml HTTP/1.1" 200 None
CSR ID: 20126131
CSR Description: EUROLEON - Hesperides(29HE)
DEBUG: Total organizations in JSON: 5797
DEBUG: Looking for organization URI: https://edmo.seadatanet.org/report/2150
DEBUG: Extracted org_name from JSON: 'N/A'
DEBUG: Extracted alt_name from JSON: 'UPC-SARTI'
INFO: orgName was N/A, using altName instead: 'UPC-SARTI'
Organization URI: https://edmo.seadatanet.org/report/2150
Organization Name: UPC-SARTI
Notation: 2150
Telephone: N/A
Alternative Name: UPC-SARTI
Street: Rambla de l'Exposició, nº 24, Vilanova i la Geltrú
Postal Code: N/A
Locality: Barcelona
Country: Spain
Web: N/A
Email: info.ctvg@upc.edu
2026-03-24 12:30:37,025 DEBUG urllib3.connectionpool uWSGIWorker1Core0 : Starting new HTTP connection (1): datahub.utm.csic.es:80
2026-03-24 12:30:37,042 DEBUG urllib3.connectionpool uWSGIWorker1Core0 : http://datahub.utm.csic.es:80 "GET /ws/getBBox/?id=hes20230103 HTTP/1.1" 301 262
2026-03-24 12:30:37,043 DEBUG urllib3.connectionpool uWSGIWorker1Core0 : Starting new HTTPS connection (1): datahub.utm.csic.es:443
2026-03-24 12:30:37,134 DEBUG urllib3.connectionpool uWSGIWorker1Core0 : https://datahub.utm.csic.es:443 "GET /ws/getBBox/?id=hes20230103 HTTP/1.1" 200 53
El arxiu es 29HE20230103_underway.xml
La carpeta '29HE20230103' ya existe.
29HE20230103_underway.xml
2026-03-24 12:30:37,140 DEBUG urllib3.connectionpool uWSGIWorker1Core0 : Starting new HTTP connection (1): datahub.utm.csic.es:80
2026-03-24 12:30:37,157 DEBUG urllib3.connectionpool uWSGIWorker1Core0 : http://datahub.utm.csic.es:80 "GET /ws/getTrack/GML/?id=hes20230103&n=999 HTTP/1.1" 301 277
2026-03-24 12:30:37,159 DEBUG urllib3.connectionpool uWSGIWorker1Core0 : Starting new HTTPS connection (1): datahub.utm.csic.es:443
2026-03-24 12:30:37,567 DEBUG urllib3.connectionpool uWSGIWorker1Core0 : https://datahub.utm.csic.es:443 "GET /ws/getTrack/GML/?id=hes20230103&n=999 HTTP/1.1" 200 9165
http://datahub.utm.csic.es/ws/getBBox/?id=hes20230103
2026-03-24 12:30:37,575 DEBUG urllib3.connectionpool uWSGIWorker1Core0 : Starting new HTTP connection (1): datahub.utm.csic.es:80
2026-03-24 12:30:37,592 DEBUG urllib3.connectionpool uWSGIWorker1Core0 : http://datahub.utm.csic.es:80 "GET /ws/getBBox/?id=hes20230103 HTTP/1.1" 301 262
2026-03-24 12:30:37,593 DEBUG urllib3.connectionpool uWSGIWorker1Core0 : Starting new HTTPS connection (1): datahub.utm.csic.es:443
2026-03-24 12:30:37,681 DEBUG urllib3.connectionpool uWSGIWorker1Core0 : https://datahub.utm.csic.es:443 "GET /ws/getBBox/?id=hes20230103 HTTP/1.1" 200 53
DEBUG: Looking for SDN_EDMOCode with text 'ORG_NAME'
DEBUG: Found 5 total SDN_EDMOCode elements
DEBUG:   [0] Text: 'CSIC, Marine Technology Unit (CSIC-UTM)'
DEBUG:   [1] Text: 'ORG_NAME'
DEBUG:   [2] Text: 'CSIC, Marine Technology Unit (CSIC-UTM)'
DEBUG:   [3] Text: 'ORG_NAME'
DEBUG:   [4] Text: 'CSIC, Marine Technology Unit (CSIC-UTM)'
DEBUG: Found element with 'ORG_NAME', updating with org_name='UPC-SARTI' and notation='2150'
✓ Updated organization name (1st occurrence)
DEBUG: Found element with 'ORG_NAME', updating with org_name='UPC-SARTI' and notation='2150'
✓ Updated organization name (2nd occurrence)
✓ Updated street (1st occurrence)
✓ Updated street (2nd occurrence)
✓ Updated city (1st occurrence)
✓ Updated city (2nd occurrence)
✓ Updated country (1st occurrence)
✓ Updated country (2nd occurrence)
✓ Updated email (1st occurrence)
✓ Updated email (2nd occurrence)
✓ Updated CSR code
2026-03-24 12:30:38,162 INFO scripts.mbe uWSGIWorker1Core0 : MBE Processing - Vessel: hes, Cruise: 29HE20230103
2026-03-24 12:30:38,162 INFO scripts.mbe uWSGIWorker1Core0 : Input file: 29HE20230103/29HE20230103_mbe.xml
2026-03-24 12:30:38,162 INFO scripts.mbe uWSGIWorker1Core0 : Output file: 29HE20230103/29HE20230103_mbe.xml
2026-03-24 12:30:38,173 DEBUG scripts.mbe uWSGIWorker1Core0 : Found 1 SDN_DeviceCategoryCode elements
2026-03-24 12:30:38,173 DEBUG scripts.mbe uWSGIWorker1Core0 :   [0] Current text: 'unknown'
2026-03-24 12:30:38,173 DEBUG scripts.mbe uWSGIWorker1Core0 : Found 1 device codes with 'unknown' text
2026-03-24 12:30:38,173 INFO scripts.mbe uWSGIWorker1Core0 : ✓ Updated device category to 'multi-beam echosounders' with code '157'
2026-03-24 12:30:38,174 DEBUG scripts.mbe uWSGIWorker1Core0 : Found 1 SDN_SeaVoxDeviceCatalogueCode elements
2026-03-24 12:30:38,174 DEBUG scripts.mbe uWSGIWorker1Core0 :   [0] Current text: 'unknown'
2026-03-24 12:30:38,174 DEBUG scripts.mbe uWSGIWorker1Core0 : Looking for sensor with 'unknown' for vessel 'hes': Found 1
2026-03-24 12:30:38,174 INFO scripts.mbe uWSGIWorker1Core0 : ✓ Updated sensor for HES to 'Kongsberg EM 122 multibeam echosounder'
2026-03-24 12:30:38,178 INFO scripts.mbe uWSGIWorker1Core0 : ============================================================
2026-03-24 12:30:38,178 INFO scripts.mbe uWSGIWorker1Core0 : MBE FINAL VERIFICATION
2026-03-24 12:30:38,178 INFO scripts.mbe uWSGIWorker1Core0 : ============================================================
2026-03-24 12:30:38,178 INFO scripts.mbe uWSGIWorker1Core0 : Device Category Codes: ['multi-beam echosounders']
2026-03-24 12:30:38,178 INFO scripts.mbe uWSGIWorker1Core0 : Sensor Codes: ['Kongsberg EM 122 multibeam echosounder']
2026-03-24 12:30:38,178 INFO scripts.mbe uWSGIWorker1Core0 : Organization Codes: ['CSIC, Marine Technology Unit (CSIC-UTM)', 'UPC-SARTI', 'CSIC, Marine Technology Unit (CSIC-UTM)', 'UPC-SARTI', 'CSIC, Marine Technology Unit (CSIC-UTM)']
2026-03-24 12:30:38,179 INFO scripts.mbe uWSGIWorker1Core0 : ============================================================
Generados MBE's
No hay select de MCS
no hay select de MOC
No hay select de MOO
No hay select de MSC
no hay select de RADIOMETER
No hay select de NET
no hay select de OBS
No hay select de PIES
No hay selects de ROV
No hay select de SBP
No hay select de SRS
No hay select de SSS
no hay select de SVP
no hay select de TRA
no hay select de XBT
no hay select de XSV
2026-03-24 12:30:38,179 INFO root uWSGIWorker1Core0 : Creating zip file: /home/utm/cdigen/static/tareas/29HE20230103.zip
[pid: 242384|app: 0|req: 2/8] 161.111.139.36 () {76 vars in 1644 bytes} [Tue Mar 24 12:30:28 2026] POST /download_step1 => generated 10291 bytes in 9875 msecs (HTTP/1.1 200) 2 headers in 82 bytes (2 switches on core 0)
