2026-03-24 12:17:14,492 INFO root MainThread : Logging setup completed
2026-03-24 12:17:14,492 INFO root MainThread : Log file path: /home/utm/cdigen/record.log
2026-03-24 12:17:14,636 INFO werkzeug MainThread : [31m[1mWARNING: This is a development server. Do not use it in a production deployment. Use a production WSGI server instead.[0m
 * Running on all addresses (0.0.0.0)
 * Running on http://127.0.0.1:5000
 * Running on http://161.111.139.75:5000
2026-03-24 12:17:14,636 INFO werkzeug MainThread : [33mPress CTRL+C to quit[0m
2026-03-24 12:23:16,282 INFO root MainThread : Logging setup completed
2026-03-24 12:23:16,282 INFO root MainThread : Log file path: /home/utm/cdigen/record.log
2026-03-24 12:24:51,772 INFO root uWSGIWorker5Core0 : JSON data saved successfully
2026-03-24 12:24:51,773 INFO root uWSGIWorker5Core0 : name_csv: 20260324122451773873.csv
2026-03-24 12:24:51,821 INFO root uWSGIWorker5Core0 : CSV processing completed successfully for ./static/csv/20260324122451773873.csv
2026-03-24 12:24:51,821 INFO root uWSGIWorker5Core0 : CSV data saved successfully
2026-03-24 12:24:51,821 INFO root uWSGIWorker5Core0 : CSV file processed and saved at: ./static/csv/20260324122451773873.csv
2026-03-24 12:25:22,606 INFO root uWSGIWorker5Core0 : Found filename in logs: 20260324122451773873.csv
2026-03-24 12:25:22,606 INFO root uWSGIWorker5Core0 : Constructed ruta_csv: ./static/csv/20260324122451773873.csv
2026-03-24 12:25:22,609 INFO root uWSGIWorker5Core0 : Raw selects value received: CORER,CTD,CTD_ROS,CTD_ROS_LADCP,CTD UNDULANTE,DOPPLER,FLUOROMETRO,GRAVIMETRO,SONDA MULTIHAZ,SVP
2026-03-24 12:25:22,609 INFO root uWSGIWorker5Core0 : All request values: CombinedMultiDict([ImmutableMultiDict([]), ImmutableMultiDict([('vessel_input', 'sdg'), ('cdSelect', 'BURATO-1_LEG1'), ('cruise_name', 'DESAFIO-2'), ('cruise_id', '29SG20240306'), ('date_inicial', '2026-03-01'), ('date_final', '2026-03-24'), ('selects', 'CORER,CTD,CTD_ROS,CTD_ROS_LADCP,CTD UNDULANTE,DOPPLER,FLUOROMETRO,GRAVIMETRO,SONDA MULTIHAZ,SVP'), ('organizacion', 'https://edmo.seadatanet.org/report/2150')])])
2026-03-24 12:25:22,609 INFO root uWSGIWorker5Core0 : Parsed instruments: ['CORER', 'CTD', 'CTD_ROS', 'CTD_ROS_LADCP', 'CTD UNDULANTE', 'DOPPLER', 'FLUOROMETRO', 'GRAVIMETRO', 'SONDA MULTIHAZ', 'SVP']
2026-03-24 12:25:22,609 INFO root uWSGIWorker5Core0 : Processing with selects: ['CORER', 'CTD', 'CTD_ROS', 'CTD_ROS_LADCP', 'CTD UNDULANTE', 'DOPPLER', 'FLUOROMETRO', 'GRAVIMETRO', 'SONDA MULTIHAZ', 'SVP']
2026-03-24 12:25:22,609 INFO root uWSGIWorker5Core0 : Starting grabar_individual with selects: ['CORER', 'CTD', 'CTD_ROS', 'CTD_ROS_LADCP', 'CTD UNDULANTE', 'DOPPLER', 'FLUOROMETRO', 'GRAVIMETRO', 'SONDA MULTIHAZ', 'SVP']
2026-03-24 12:25:22,610 INFO root uWSGIWorker5Core0 : ruta_csv: ./static/csv/20260324122451773873.csv
2026-03-24 12:25:22,616 DEBUG urllib3.connectionpool uWSGIWorker5Core0 : Starting new HTTP connection (1): datahub.utm.csic.es:80
2026-03-24 12:25:22,647 DEBUG urllib3.connectionpool uWSGIWorker5Core0 : http://datahub.utm.csic.es:80 "GET /cdigen/static/csrCodeList.xml HTTP/1.1" 301 265
2026-03-24 12:25:22,650 DEBUG urllib3.connectionpool uWSGIWorker5Core0 : Starting new HTTPS connection (1): datahub.utm.csic.es:443
2026-03-24 12:25:22,754 DEBUG urllib3.connectionpool uWSGIWorker5Core0 : https://datahub.utm.csic.es:443 "GET /cdigen/static/csrCodeList.xml HTTP/1.1" 200 None
2026-03-24 12:25:24,518 INFO root uWSGIWorker5Core0 : Created folder '29SG20240306'
2026-03-24 12:25:24,519 INFO root uWSGIWorker5Core0 : Created CDI file: 29SG20240306_cdi.xml
2026-03-24 12:25:24,531 INFO root uWSGIWorker5Core0 : Successfully processed general sense sensor XML for cruise 29SG20240306
2026-03-24 12:25:25,003 DEBUG urllib3.connectionpool uWSGIWorker5Core0 : Starting new HTTP connection (1): datahub.utm.csic.es:80
2026-03-24 12:25:25,019 DEBUG urllib3.connectionpool uWSGIWorker5Core0 : http://datahub.utm.csic.es:80 "GET /ws/getBBox/?id=sdg20240306 HTTP/1.1" 301 262
2026-03-24 12:25:25,020 DEBUG urllib3.connectionpool uWSGIWorker5Core0 : Starting new HTTPS connection (1): datahub.utm.csic.es:443
2026-03-24 12:25:25,109 DEBUG urllib3.connectionpool uWSGIWorker5Core0 : https://datahub.utm.csic.es:443 "GET /ws/getBBox/?id=sdg20240306 HTTP/1.1" 200 49
2026-03-24 12:25:25,131 DEBUG urllib3.connectionpool uWSGIWorker5Core0 : Starting new HTTP connection (1): datahub.utm.csic.es:80
2026-03-24 12:25:25,149 DEBUG urllib3.connectionpool uWSGIWorker5Core0 : http://datahub.utm.csic.es:80 "GET /cdigen/static/csrCodeList.xml HTTP/1.1" 301 265
2026-03-24 12:25:25,150 DEBUG urllib3.connectionpool uWSGIWorker5Core0 : Starting new HTTPS connection (1): datahub.utm.csic.es:443
2026-03-24 12:25:25,225 DEBUG urllib3.connectionpool uWSGIWorker5Core0 : https://datahub.utm.csic.es:443 "GET /cdigen/static/csrCodeList.xml HTTP/1.1" 200 None
2026-03-24 12:25:26,898 INFO root uWSGIWorker5Core0 : Folder '29SG20240306' already exists
2026-03-24 12:25:26,899 INFO root uWSGIWorker5Core0 : Created CDI file: 29SG20240306_cdi.xml
2026-03-24 12:25:27,420 DEBUG urllib3.connectionpool uWSGIWorker5Core0 : Starting new HTTP connection (1): datahub.utm.csic.es:80
2026-03-24 12:25:27,438 DEBUG urllib3.connectionpool uWSGIWorker5Core0 : http://datahub.utm.csic.es:80 "GET /ws/getBBox/?id=sdg20240306 HTTP/1.1" 301 262
2026-03-24 12:25:27,439 DEBUG urllib3.connectionpool uWSGIWorker5Core0 : Starting new HTTPS connection (1): datahub.utm.csic.es:443
2026-03-24 12:25:27,528 DEBUG urllib3.connectionpool uWSGIWorker5Core0 : https://datahub.utm.csic.es:443 "GET /ws/getBBox/?id=sdg20240306 HTTP/1.1" 200 49
2026-03-24 12:25:27,548 DEBUG urllib3.connectionpool uWSGIWorker5Core0 : Starting new HTTP connection (1): datahub.utm.csic.es:80
2026-03-24 12:25:27,564 DEBUG urllib3.connectionpool uWSGIWorker5Core0 : http://datahub.utm.csic.es:80 "GET /cdigen/static/csrCodeList.xml HTTP/1.1" 301 265
2026-03-24 12:25:27,566 DEBUG urllib3.connectionpool uWSGIWorker5Core0 : Starting new HTTPS connection (1): datahub.utm.csic.es:443
2026-03-24 12:25:27,641 DEBUG urllib3.connectionpool uWSGIWorker5Core0 : https://datahub.utm.csic.es:443 "GET /cdigen/static/csrCodeList.xml HTTP/1.1" 200 None
2026-03-24 12:25:29,111 INFO root uWSGIWorker5Core0 : Folder '29SG20240306' already exists
2026-03-24 12:25:29,112 INFO root uWSGIWorker5Core0 : Created CDI file: 29SG20240306_cdi.xml
2026-03-24 12:25:29,579 DEBUG urllib3.connectionpool uWSGIWorker5Core0 : Starting new HTTP connection (1): datahub.utm.csic.es:80
2026-03-24 12:25:29,595 DEBUG urllib3.connectionpool uWSGIWorker5Core0 : http://datahub.utm.csic.es:80 "GET /ws/getBBox/?id=sdg20240306 HTTP/1.1" 301 262
2026-03-24 12:25:29,596 DEBUG urllib3.connectionpool uWSGIWorker5Core0 : Starting new HTTPS connection (1): datahub.utm.csic.es:443
2026-03-24 12:25:29,679 DEBUG urllib3.connectionpool uWSGIWorker5Core0 : https://datahub.utm.csic.es:443 "GET /ws/getBBox/?id=sdg20240306 HTTP/1.1" 200 49
2026-03-24 12:25:29,701 DEBUG urllib3.connectionpool uWSGIWorker5Core0 : Starting new HTTP connection (1): datahub.utm.csic.es:80
2026-03-24 12:25:29,717 DEBUG urllib3.connectionpool uWSGIWorker5Core0 : http://datahub.utm.csic.es:80 "GET /cdigen/static/csrCodeList.xml HTTP/1.1" 301 265
2026-03-24 12:25:29,718 DEBUG urllib3.connectionpool uWSGIWorker5Core0 : Starting new HTTPS connection (1): datahub.utm.csic.es:443
2026-03-24 12:25:29,795 DEBUG urllib3.connectionpool uWSGIWorker5Core0 : https://datahub.utm.csic.es:443 "GET /cdigen/static/csrCodeList.xml HTTP/1.1" 200 None
2026-03-24 12:25:31,381 INFO root uWSGIWorker5Core0 : Folder '29SG20240306' already exists
2026-03-24 12:25:31,381 INFO root uWSGIWorker5Core0 : Created CDI file: 29SG20240306_cdi.xml
2026-03-24 12:25:31,881 DEBUG urllib3.connectionpool uWSGIWorker5Core0 : Starting new HTTP connection (1): datahub.utm.csic.es:80
2026-03-24 12:25:31,897 DEBUG urllib3.connectionpool uWSGIWorker5Core0 : http://datahub.utm.csic.es:80 "GET /ws/getBBox/?id=sdg20240306 HTTP/1.1" 301 262
2026-03-24 12:25:31,898 DEBUG urllib3.connectionpool uWSGIWorker5Core0 : Starting new HTTPS connection (1): datahub.utm.csic.es:443
2026-03-24 12:25:31,980 DEBUG urllib3.connectionpool uWSGIWorker5Core0 : https://datahub.utm.csic.es:443 "GET /ws/getBBox/?id=sdg20240306 HTTP/1.1" 200 49
2026-03-24 12:25:32,002 DEBUG urllib3.connectionpool uWSGIWorker5Core0 : Starting new HTTP connection (1): datahub.utm.csic.es:80
2026-03-24 12:25:32,017 DEBUG urllib3.connectionpool uWSGIWorker5Core0 : http://datahub.utm.csic.es:80 "GET /cdigen/static/csrCodeList.xml HTTP/1.1" 301 265
2026-03-24 12:25:32,018 DEBUG urllib3.connectionpool uWSGIWorker5Core0 : Starting new HTTPS connection (1): datahub.utm.csic.es:443
2026-03-24 12:25:32,090 DEBUG urllib3.connectionpool uWSGIWorker5Core0 : https://datahub.utm.csic.es:443 "GET /cdigen/static/csrCodeList.xml HTTP/1.1" 200 None
2026-03-24 12:25:33,567 INFO root uWSGIWorker5Core0 : Folder '29SG20240306' already exists
2026-03-24 12:25:33,568 INFO root uWSGIWorker5Core0 : Created CDI file: 29SG20240306_cdi.xml
2026-03-24 12:25:33,580 INFO root uWSGIWorker5Core0 : Successfully processed general sense sensor XML for cruise 29SG20240306
2026-03-24 12:25:34,062 DEBUG urllib3.connectionpool uWSGIWorker5Core0 : Starting new HTTP connection (1): datahub.utm.csic.es:80
2026-03-24 12:25:34,077 DEBUG urllib3.connectionpool uWSGIWorker5Core0 : http://datahub.utm.csic.es:80 "GET /ws/getBBox/?id=sdg20240306 HTTP/1.1" 301 262
2026-03-24 12:25:34,078 DEBUG urllib3.connectionpool uWSGIWorker5Core0 : Starting new HTTPS connection (1): datahub.utm.csic.es:443
2026-03-24 12:25:34,161 DEBUG urllib3.connectionpool uWSGIWorker5Core0 : https://datahub.utm.csic.es:443 "GET /ws/getBBox/?id=sdg20240306 HTTP/1.1" 200 49
2026-03-24 12:25:34,169 ERROR root uWSGIWorker5Core0 : Error in grabar_individual: cannot access local variable 'text' where it is not associated with a value
2026-03-24 12:25:34,169 ERROR root uWSGIWorker5Core0 : Error in download_step1: cannot access local variable 'text' where it is not associated with a value
2026-03-24 12:29:24,135 INFO root uWSGIWorker3Core0 : JSON data saved successfully
2026-03-24 12:29:24,136 INFO root uWSGIWorker3Core0 : name_csv: 20260324122924136641.csv
2026-03-24 12:29:24,177 INFO root uWSGIWorker3Core0 : CSV processing completed successfully for ./static/csv/20260324122924136641.csv
2026-03-24 12:29:24,177 INFO root uWSGIWorker3Core0 : CSV data saved successfully
2026-03-24 12:29:24,177 INFO root uWSGIWorker3Core0 : CSV file processed and saved at: ./static/csv/20260324122924136641.csv
2026-03-24 12:30:28,322 INFO root uWSGIWorker1Core0 : Found filename in logs: 20260324122924136641.csv
2026-03-24 12:30:28,323 INFO root uWSGIWorker1Core0 : Constructed ruta_csv: ./static/csv/20260324122924136641.csv
2026-03-24 12:30:28,325 INFO root uWSGIWorker1Core0 : Raw selects value received: ARGO,CORER,CTD,SONDA MULTIHAZ
2026-03-24 12:30:28,325 INFO root uWSGIWorker1Core0 : All request values: CombinedMultiDict([ImmutableMultiDict([]), ImmutableMultiDict([('vessel_input', 'hes'), ('cdSelect', 'EUROLEON'), ('cruise_name', 'DESAFIO-2'), ('cruise_id', '29HE20230103'), ('date_inicial', '2026-03-03'), ('date_final', '2026-03-24'), ('selects', 'ARGO,CORER,CTD,SONDA MULTIHAZ'), ('organizacion', 'https://edmo.seadatanet.org/report/2150')])])
2026-03-24 12:30:28,325 INFO root uWSGIWorker1Core0 : Parsed instruments: ['ARGO', 'CORER', 'CTD', 'SONDA MULTIHAZ']
2026-03-24 12:30:28,326 INFO root uWSGIWorker1Core0 : Processing with selects: ['ARGO', 'CORER', 'CTD', 'SONDA MULTIHAZ']
2026-03-24 12:30:28,326 INFO root uWSGIWorker1Core0 : Starting grabar_individual with selects: ['ARGO', 'CORER', 'CTD', 'SONDA MULTIHAZ']
2026-03-24 12:30:28,326 INFO root uWSGIWorker1Core0 : ruta_csv: ./static/csv/20260324122924136641.csv
2026-03-24 12:30:28,334 DEBUG urllib3.connectionpool uWSGIWorker1Core0 : Starting new HTTP connection (1): datahub.utm.csic.es:80
2026-03-24 12:30:28,356 DEBUG urllib3.connectionpool uWSGIWorker1Core0 : http://datahub.utm.csic.es:80 "GET /cdigen/static/csrCodeList.xml HTTP/1.1" 301 265
2026-03-24 12:30:28,358 DEBUG urllib3.connectionpool uWSGIWorker1Core0 : Starting new HTTPS connection (1): datahub.utm.csic.es:443
2026-03-24 12:30:28,448 DEBUG urllib3.connectionpool uWSGIWorker1Core0 : https://datahub.utm.csic.es:443 "GET /cdigen/static/csrCodeList.xml HTTP/1.1" 200 None
2026-03-24 12:30:30,443 INFO root uWSGIWorker1Core0 : Created folder '29HE20230103'
2026-03-24 12:30:30,443 INFO root uWSGIWorker1Core0 : Created CDI file: 29HE20230103_cdi.xml
2026-03-24 12:30:30,456 INFO root uWSGIWorker1Core0 : Successfully processed general sense sensor XML for cruise 29HE20230103
2026-03-24 12:30:30,915 DEBUG urllib3.connectionpool uWSGIWorker1Core0 : Starting new HTTP connection (1): datahub.utm.csic.es:80
2026-03-24 12:30:30,945 DEBUG urllib3.connectionpool uWSGIWorker1Core0 : http://datahub.utm.csic.es:80 "GET /ws/getBBox/?id=hes20230103 HTTP/1.1" 301 262
2026-03-24 12:30:30,947 DEBUG urllib3.connectionpool uWSGIWorker1Core0 : Starting new HTTPS connection (1): datahub.utm.csic.es:443
2026-03-24 12:30:31,047 DEBUG urllib3.connectionpool uWSGIWorker1Core0 : https://datahub.utm.csic.es:443 "GET /ws/getBBox/?id=hes20230103 HTTP/1.1" 200 53
2026-03-24 12:30:31,070 DEBUG urllib3.connectionpool uWSGIWorker1Core0 : Starting new HTTP connection (1): datahub.utm.csic.es:80
2026-03-24 12:30:31,088 DEBUG urllib3.connectionpool uWSGIWorker1Core0 : http://datahub.utm.csic.es:80 "GET /cdigen/static/csrCodeList.xml HTTP/1.1" 301 265
2026-03-24 12:30:31,089 DEBUG urllib3.connectionpool uWSGIWorker1Core0 : Starting new HTTPS connection (1): datahub.utm.csic.es:443
2026-03-24 12:30:31,142 DEBUG urllib3.connectionpool uWSGIWorker1Core0 : https://datahub.utm.csic.es:443 "GET /cdigen/static/csrCodeList.xml HTTP/1.1" 200 None
2026-03-24 12:30:32,697 INFO root uWSGIWorker1Core0 : Folder '29HE20230103' already exists
2026-03-24 12:30:32,698 INFO root uWSGIWorker1Core0 : Created CDI file: 29HE20230103_cdi.xml
2026-03-24 12:30:32,710 INFO root uWSGIWorker1Core0 : Successfully processed general sense sensor XML for cruise 29HE20230103
2026-03-24 12:30:33,190 DEBUG urllib3.connectionpool uWSGIWorker1Core0 : Starting new HTTP connection (1): datahub.utm.csic.es:80
2026-03-24 12:30:33,205 DEBUG urllib3.connectionpool uWSGIWorker1Core0 : http://datahub.utm.csic.es:80 "GET /ws/getBBox/?id=hes20230103 HTTP/1.1" 301 262
2026-03-24 12:30:33,207 DEBUG urllib3.connectionpool uWSGIWorker1Core0 : Starting new HTTPS connection (1): datahub.utm.csic.es:443
2026-03-24 12:30:33,295 DEBUG urllib3.connectionpool uWSGIWorker1Core0 : https://datahub.utm.csic.es:443 "GET /ws/getBBox/?id=hes20230103 HTTP/1.1" 200 53
2026-03-24 12:30:33,317 DEBUG urllib3.connectionpool uWSGIWorker1Core0 : Starting new HTTP connection (1): datahub.utm.csic.es:80
2026-03-24 12:30:33,333 DEBUG urllib3.connectionpool uWSGIWorker1Core0 : http://datahub.utm.csic.es:80 "GET /cdigen/static/csrCodeList.xml HTTP/1.1" 301 265
2026-03-24 12:30:33,334 DEBUG urllib3.connectionpool uWSGIWorker1Core0 : Starting new HTTPS connection (1): datahub.utm.csic.es:443
2026-03-24 12:30:33,406 DEBUG urllib3.connectionpool uWSGIWorker1Core0 : https://datahub.utm.csic.es:443 "GET /cdigen/static/csrCodeList.xml HTTP/1.1" 200 None
2026-03-24 12:30:34,823 INFO root uWSGIWorker1Core0 : Folder '29HE20230103' already exists
2026-03-24 12:30:34,823 INFO root uWSGIWorker1Core0 : Created CDI file: 29HE20230103_cdi.xml
2026-03-24 12:30:35,319 DEBUG urllib3.connectionpool uWSGIWorker1Core0 : Starting new HTTP connection (1): datahub.utm.csic.es:80
2026-03-24 12:30:35,337 DEBUG urllib3.connectionpool uWSGIWorker1Core0 : http://datahub.utm.csic.es:80 "GET /ws/getBBox/?id=hes20230103 HTTP/1.1" 301 262
2026-03-24 12:30:35,338 DEBUG urllib3.connectionpool uWSGIWorker1Core0 : Starting new HTTPS connection (1): datahub.utm.csic.es:443
2026-03-24 12:30:35,430 DEBUG urllib3.connectionpool uWSGIWorker1Core0 : https://datahub.utm.csic.es:443 "GET /ws/getBBox/?id=hes20230103 HTTP/1.1" 200 53
2026-03-24 12:30:35,452 DEBUG urllib3.connectionpool uWSGIWorker1Core0 : Starting new HTTP connection (1): datahub.utm.csic.es:80
2026-03-24 12:30:35,468 DEBUG urllib3.connectionpool uWSGIWorker1Core0 : http://datahub.utm.csic.es:80 "GET /cdigen/static/csrCodeList.xml HTTP/1.1" 301 265
2026-03-24 12:30:35,469 DEBUG urllib3.connectionpool uWSGIWorker1Core0 : Starting new HTTPS connection (1): datahub.utm.csic.es:443
2026-03-24 12:30:35,544 DEBUG urllib3.connectionpool uWSGIWorker1Core0 : https://datahub.utm.csic.es:443 "GET /cdigen/static/csrCodeList.xml HTTP/1.1" 200 None
2026-03-24 12:30:37,025 DEBUG urllib3.connectionpool uWSGIWorker1Core0 : Starting new HTTP connection (1): datahub.utm.csic.es:80
2026-03-24 12:30:37,042 DEBUG urllib3.connectionpool uWSGIWorker1Core0 : http://datahub.utm.csic.es:80 "GET /ws/getBBox/?id=hes20230103 HTTP/1.1" 301 262
2026-03-24 12:30:37,043 DEBUG urllib3.connectionpool uWSGIWorker1Core0 : Starting new HTTPS connection (1): datahub.utm.csic.es:443
2026-03-24 12:30:37,134 DEBUG urllib3.connectionpool uWSGIWorker1Core0 : https://datahub.utm.csic.es:443 "GET /ws/getBBox/?id=hes20230103 HTTP/1.1" 200 53
2026-03-24 12:30:37,140 DEBUG urllib3.connectionpool uWSGIWorker1Core0 : Starting new HTTP connection (1): datahub.utm.csic.es:80
2026-03-24 12:30:37,157 DEBUG urllib3.connectionpool uWSGIWorker1Core0 : http://datahub.utm.csic.es:80 "GET /ws/getTrack/GML/?id=hes20230103&n=999 HTTP/1.1" 301 277
2026-03-24 12:30:37,159 DEBUG urllib3.connectionpool uWSGIWorker1Core0 : Starting new HTTPS connection (1): datahub.utm.csic.es:443
2026-03-24 12:30:37,567 DEBUG urllib3.connectionpool uWSGIWorker1Core0 : https://datahub.utm.csic.es:443 "GET /ws/getTrack/GML/?id=hes20230103&n=999 HTTP/1.1" 200 9165
2026-03-24 12:30:37,575 DEBUG urllib3.connectionpool uWSGIWorker1Core0 : Starting new HTTP connection (1): datahub.utm.csic.es:80
2026-03-24 12:30:37,592 DEBUG urllib3.connectionpool uWSGIWorker1Core0 : http://datahub.utm.csic.es:80 "GET /ws/getBBox/?id=hes20230103 HTTP/1.1" 301 262
2026-03-24 12:30:37,593 DEBUG urllib3.connectionpool uWSGIWorker1Core0 : Starting new HTTPS connection (1): datahub.utm.csic.es:443
2026-03-24 12:30:37,681 DEBUG urllib3.connectionpool uWSGIWorker1Core0 : https://datahub.utm.csic.es:443 "GET /ws/getBBox/?id=hes20230103 HTTP/1.1" 200 53
2026-03-24 12:30:38,162 INFO scripts.mbe uWSGIWorker1Core0 : MBE Processing - Vessel: hes, Cruise: 29HE20230103
2026-03-24 12:30:38,162 INFO scripts.mbe uWSGIWorker1Core0 : Input file: 29HE20230103/29HE20230103_mbe.xml
2026-03-24 12:30:38,162 INFO scripts.mbe uWSGIWorker1Core0 : Output file: 29HE20230103/29HE20230103_mbe.xml
2026-03-24 12:30:38,173 DEBUG scripts.mbe uWSGIWorker1Core0 : Found 1 SDN_DeviceCategoryCode elements
2026-03-24 12:30:38,173 DEBUG scripts.mbe uWSGIWorker1Core0 :   [0] Current text: 'unknown'
2026-03-24 12:30:38,173 DEBUG scripts.mbe uWSGIWorker1Core0 : Found 1 device codes with 'unknown' text
2026-03-24 12:30:38,173 INFO scripts.mbe uWSGIWorker1Core0 : ✓ Updated device category to 'multi-beam echosounders' with code '157'
2026-03-24 12:30:38,174 DEBUG scripts.mbe uWSGIWorker1Core0 : Found 1 SDN_SeaVoxDeviceCatalogueCode elements
2026-03-24 12:30:38,174 DEBUG scripts.mbe uWSGIWorker1Core0 :   [0] Current text: 'unknown'
2026-03-24 12:30:38,174 DEBUG scripts.mbe uWSGIWorker1Core0 : Looking for sensor with 'unknown' for vessel 'hes': Found 1
2026-03-24 12:30:38,174 INFO scripts.mbe uWSGIWorker1Core0 : ✓ Updated sensor for HES to 'Kongsberg EM 122 multibeam echosounder'
2026-03-24 12:30:38,178 INFO scripts.mbe uWSGIWorker1Core0 : ============================================================
2026-03-24 12:30:38,178 INFO scripts.mbe uWSGIWorker1Core0 : MBE FINAL VERIFICATION
2026-03-24 12:30:38,178 INFO scripts.mbe uWSGIWorker1Core0 : ============================================================
2026-03-24 12:30:38,178 INFO scripts.mbe uWSGIWorker1Core0 : Device Category Codes: ['multi-beam echosounders']
2026-03-24 12:30:38,178 INFO scripts.mbe uWSGIWorker1Core0 : Sensor Codes: ['Kongsberg EM 122 multibeam echosounder']
2026-03-24 12:30:38,178 INFO scripts.mbe uWSGIWorker1Core0 : Organization Codes: ['CSIC, Marine Technology Unit (CSIC-UTM)', 'UPC-SARTI', 'CSIC, Marine Technology Unit (CSIC-UTM)', 'UPC-SARTI', 'CSIC, Marine Technology Unit (CSIC-UTM)']
2026-03-24 12:30:38,179 INFO scripts.mbe uWSGIWorker1Core0 : ============================================================
2026-03-24 12:30:38,179 INFO root uWSGIWorker1Core0 : Creating zip file: /home/utm/cdigen/static/tareas/29HE20230103.zip
